==========================================
問題監査 開始: Sat Jul 11 05:50:06 JST 2026
サンプル数: 30問 / チャンク: 5問 / 抽出: 直近優先
（読み取り専用 — DBは変更しません）
==========================================
監査対象: 30問
チャンク数: 6

--- チャンク 1/6: 5問  開始=05:50:41 ---
⚠️  レート制限を検出。残りチャンクをスキップ
==========================================
監査レポート
==========================================
監査結果が0件でした（全チャンクが失敗/スキップ）

生データ: /home/yuzuki/aws-quiz-app/prompts/night-prompts/logs/audit_20260711_055006.json
※ レート制限により一部チャンクが未監査です

==========================================
改善モード: 生成・検証プロンプトの継続改良
==========================================
改善対象: 監査0件 / 通報確定不具合(直近7日)9件。改良案を生成中...
⚠️  改良案のJSON抽出に失敗。プロンプトは変更しませんでした。
監査終了: Sat Jul 11 05:50:45 JST 2026
