==========================================
問題監査 開始: Tue Jun 30 21:01:29 JST 2026
サンプル数: 2問 / チャンク: 2問 / 抽出: 直近優先
（読み取り専用 — DBは変更しません）
==========================================
監査対象: 2問
チャンク数: 1

--- チャンク 1/1: 2問  開始=21:02:10 ---
  ✅ saa-50634aa0 (SAA)
  ⚠️  saa-1bc92b70 (SAA) [易しすぎ]  「DynamoDB＋マイクロ秒レイテンシ」はDAXを直接連想させる定番キーワードで、シナリオの要件比較をほぼ要さず正解が自明になりやすい。ひっかけ選択肢(B/C/D)も消去が容易で本番のシナリオ難易度よりやや易しい
  終了=21:02:28

==========================================
監査レポート
==========================================
総監査数: 2問
  ✅ ok  : 1問 (50%)
  ⚠️  warn: 1問 (50%)
  ❌ ng  : 0問 (0%)

内容観点:
  現行性 : 正常=2
  難易度 : 適切=1, 易しすぎ=1
  範囲   : 範囲内=2
体裁観点:
  読みやすさ: 良=2
  模試適性  : 不適=0問

資格別 (ok/warn/ng):
  SAA: 1/1/0

要対応の問題 (1件):
  ⚠️  saa-1bc92b70 (SAA): 「DynamoDB＋マイクロ秒レイテンシ」はDAXを直接連想させる定番キーワードで、シナリオの要件比較をほぼ要さず正解が自明になりやすい。ひっかけ選択肢(B/C/D)も消去が容易で本番のシナリオ難易度よりやや易しい

生データ: /home/yuzuki/aws-quiz-app/prompts/night-prompts/logs/audit_20260630_210129.json
監査終了: Tue Jun 30 21:02:28 JST 2026
