==========================================
問題監査 開始: Sun Jul 19 01:05:18 JST 2026
サンプル数: 15問 / チャンク: 5問 / 抽出: 直近優先
（-i: ng問題のDB修正とプロンプト改良を行います）
==========================================
監査対象: 15問
チャンク数: 3

--- チャンク 1/3: 5問  開始=01:08:18 ---
  ⚠️  clf-b0c4b1a0 (CLF) [易しすぎ]  正解選択肢の文言『既存のアーキテクチャを変更せず…リフト＆シフト』が問題文の要件『アーキテクチャを変更せず最短』をほぼそのまま反復しており、消去法を使わずとも正解が自明。ひっかけ性が弱く本番のシナリオ問題より易しい
  ⚠️  clf-9ad21082 (CLF) [易しすぎ]  問題文が柱（Pillar）を『6つの設計原則』と表現しているが、Well-Architected の『設計原則(Design Principles)』は柱とは別概念であり用語がやや不正確 / 6つの柱の単純暗記問題でCLFとしても易しめ。ScalabilityとAvailabilityの罠は妥当だが一読で解ける
  ⚠️  clf-8d589a5d (CLF) [易しすぎ]  CapEx→OpExはCLFの最頻出かつ基礎中の基礎で、他選択肢も明らかに不自然なため正解が即断できる。本番のシナリオ問題より易しい
  ✅ dea-a37942d8 (DEA)
  ✅ dea-ec920614 (DEA)
  終了=01:09:00

--- チャンク 2/3: 5問  開始=01:09:00 ---
  ✅ dea-fe9196b6 (DEA)
  ✅ dea-ce354563 (DEA)
  ⚠️  dea-0ecbb1a1 (DEA) [易しすぎ]  問題文に「Gremlin クエリで実装」というキーワードが含まれるため、Neptune がほぼ一読で自明。本番のシナリオ問題としてはやや易しく、キーワードマッチングで解けてしまう
  ⚠️  dea-121c49aa (DEA) [易しすぎ]  「MongoDB の集計パイプライン／MongoDB 互換」というキーワードから DocumentDB が一読で自明で、消去法の思考をあまり要さない / DocumentDB の地理空間クエリ対応は MongoDB に比べ機能制限があり、『そのまま利用できる』はやや過大表現（2dsphere 等一部のみ対応）
  ❌ aip-748d3993 (AIP) [古い/誤り,模試不適]  正解[0]の決め手である『AWS IAM Identity Center で医師チームをレビュアーとして割り当てる』が事実誤り。Bedrock Model Evaluation のヒューマン評価のワークチームは Amazon Cognito／SageMaker Ground Truth のプライベートワークフォースで管理され、IAM Identity Center は使用しない（公式ドキュメントで確認） / 不正確な選択肢[1]の『SageMaker Ground Truth のプライベートワークフォース』がむしろ実際の内部メカニズムを正しく表現しており、知識のある受験者ほど正解[0]を誤りとして排除しかねず、問題の妥当性が崩れている / サービス選択（Bedrock Model Evaluation ヒューマン評価ジョブ）自体は妥当だが、正解の識別根拠が誤情報のため模試として不適切。認証機構の記述を Cognito ベースに修正すべき
  終了=01:10:59

--- チャンク 3/3: 5問  開始=01:10:59 ---
  ✅ aip-cc97e1a2 (AIP)
  ✅ aip-f3329527 (AIP)
  ⚠️  mla-91116edb (MLA) [易しすぎ]  問題文が「前回の探索で蓄積したベイズモデルを引き継いで」と正解機能(Warm Start)をほぼ直接示唆しており、用語を知っていれば選択が自明になりやすい。本番相当ならシナリオをやや抽象化し誘導表現を弱めると良い
  ✅ mla-63da91b5 (MLA)
  ✅ mla-1fb174e2 (MLA)
  終了=01:12:30

==========================================
監査レポート
==========================================
総監査数: 15問
  ✅ ok  : 8問 (53%)
  ⚠️  warn: 6問 (40%)
  ❌ ng  : 1問 (6%)

内容観点:
  現行性 : 正常=14, 古い/誤り=1
  難易度 : 適切=9, 易しすぎ=6
  範囲   : 範囲内=15
体裁観点:
  読みやすさ: 良=15
  模試適性  : 不適=1問

資格別 (ok/warn/ng):
  AIP: 2/0/1
  CLF: 0/3/0
  DEA: 4/2/0
  MLA: 2/1/0

要対応の問題 (7件):
  ❌ aip-748d3993 (AIP): 正解[0]の決め手である『AWS IAM Identity Center で医師チームをレビュアーとして割り当てる』が事実誤り。Bedrock Model Evaluation のヒューマン評価のワークチームは Amazon Cognito／SageMaker Ground Truth のプライベートワークフォースで管理され、IAM Identity Center は使用しない（公式ドキュメントで確認） / 不正確な選択肢[1]の『SageMaker Ground Truth のプライベートワークフォース』がむしろ実際の内部メカニズムを正しく表現しており、知識のある受験者ほど正解[0]を誤りとして排除しかねず、問題の妥当性が崩れている / サービス選択（Bedrock Model Evaluation ヒューマン評価ジョブ）自体は妥当だが、正解の識別根拠が誤情報のため模試として不適切。認証機構の記述を Cognito ベースに修正すべき
  ⚠️  clf-b0c4b1a0 (CLF): 正解選択肢の文言『既存のアーキテクチャを変更せず…リフト＆シフト』が問題文の要件『アーキテクチャを変更せず最短』をほぼそのまま反復しており、消去法を使わずとも正解が自明。ひっかけ性が弱く本番のシナリオ問題より易しい
  ⚠️  clf-9ad21082 (CLF): 問題文が柱（Pillar）を『6つの設計原則』と表現しているが、Well-Architected の『設計原則(Design Principles)』は柱とは別概念であり用語がやや不正確 / 6つの柱の単純暗記問題でCLFとしても易しめ。ScalabilityとAvailabilityの罠は妥当だが一読で解ける
  ⚠️  clf-8d589a5d (CLF): CapEx→OpExはCLFの最頻出かつ基礎中の基礎で、他選択肢も明らかに不自然なため正解が即断できる。本番のシナリオ問題より易しい
  ⚠️  dea-0ecbb1a1 (DEA): 問題文に「Gremlin クエリで実装」というキーワードが含まれるため、Neptune がほぼ一読で自明。本番のシナリオ問題としてはやや易しく、キーワードマッチングで解けてしまう
  ⚠️  dea-121c49aa (DEA): 「MongoDB の集計パイプライン／MongoDB 互換」というキーワードから DocumentDB が一読で自明で、消去法の思考をあまり要さない / DocumentDB の地理空間クエリ対応は MongoDB に比べ機能制限があり、『そのまま利用できる』はやや過大表現（2dsphere 等一部のみ対応）
  ⚠️  mla-91116edb (MLA): 問題文が「前回の探索で蓄積したベイズモデルを引き継いで」と正解機能(Warm Start)をほぼ直接示唆しており、用語を知っていれば選択が自明になりやすい。本番相当ならシナリオをやや抽象化し誘導表現を弱めると良い

生データ: /home/yuzuki/aws-quiz-app/prompts/night-prompts/logs/audit_20260719_010518.json

--- ng 問題のDB修正 ---
  ng 判定 1問 をDB修正します...
    ➖ aip-748d3993: 修正後に正解が最長選択肢になるため破棄: 選択肢[0]の『AWS IAM Identity Center で管理した』という記述が事実誤り。Bedrock Model Evaluation のヒューマン評価ジョブのレビュアー管理は SageMaker Ground Truth のプライベートワークフォース（Cognit
  → 修正=0 削除=0 再検査=0 見送り=1 失敗=0

==========================================
改善モード: 生成・検証プロンプトの継続改良
==========================================
改善対象: 監査7件 / 通報確定不具合(直近7日)5件。改良案を生成中...
改良方針: 監査で最多だった『問題文が正解サービス/機能を固有キーワードで直接示唆する』易しさと、検証をすり抜けた事実誤り(Bedrockヒューマン評価のワークフォース／X-Rayサンプリング決定／正解選択肢の突出した長さ)への検出観点を、生成(共通)と検証に最小追記する。
適用 2件 / 見送り 0件
  ✅ _common-rules.txt — too_easy多発(Gremlin/MongoDB/Warm Start/リフト&シフト反復)とDVAの番号順崩れ。生成時にサービス特定語の秘匿・要件反復回避
  ✅ _validity-extra.txt — キーワード自明(warn)＋確定不具合の事実誤り2件(fix: Bedrockヒューマン評価ワークフォース/X-Rayサンプリング)＋DOPで反復した正解選択肢
改良レポート: /home/yuzuki/aws-quiz-app/prompts/night-prompts/logs/audit_20260719_010518_improvement.md
バックアップ: /home/yuzuki/aws-quiz-app/prompts/night-prompts/logs/audit_20260719_010518_promptbackup
※ 次回以降の生成(01)・検証(02)からこの改良が反映されます。
監査終了: Sun Jul 19 01:16:46 JST 2026
