==========================================
問題監査 開始: Wed Jul  1 01:10:05 JST 2026
サンプル数: 30問 / チャンク: 5問 / 抽出: 直近優先
（読み取り専用 — DBは変更しません）
==========================================
監査対象: 30問
チャンク数: 6

--- チャンク 1/6: 5問  開始=01:10:32 ---
  ⚠️  aip-0e32421d (AIP)  選択肢[1]Denied topicsと[2]Sensitive information filterはハルシネーション検出と無関係なことが一読で明らかで、実質[0]と[3]の二択に縮退する。プロフェッショナル試験としては誤答の妥当性が弱く、やや易しい / Contextual grounding checkという機能名を1つ知っていれば即答できる暗記寄りの面がある
  ✅ aip-478ca46c (AIP)
  ✅ aip-255e3806 (AIP)
  ✅ aip-b80f487b (AIP)
  ⚠️  aip-bb6eed91 (AIP)  問題文は『マネージドな仕組みで両バージョンへトラフィックを分割』を要件とするが、正解[0]はトラフィック分割をアプリ側実装に依存しており、BedrockにプロンプトのネイティブA/B分割機能がない点と要件文の表現に軽い齟齬がある / 選択肢[3]Bedrock Flowsで長い要約を採用は非現実的な捨て選択肢で誤答の質を下げている
  終了=01:12:04

--- チャンク 2/6: 5問  開始=01:12:04 ---
  ✅ aip-ef8b8bda (AIP)
  ⚠️  aip-1c6451b3 (AIP)  シナリオと正解の論理に矛盾がある。ハイブリッド検索が追加する語彙的一致（BM25）は型番など具体語クエリの取得を強化するが、本問では具体語クエリは『既に正解が出る』とされ、失敗しているのは語彙的特徴の乏しい抽象・概念クエリ。語彙一致の追加は失敗ケースの直接的な根治になりにくく、本来はクエリ拡張/書き換え・埋め込みモデル/セマンティックチャンク見直し等が妥当。正解は4択中では最も妥当だが、解説の『抽象クエリにハイブリッドで網羅性向上』という根拠付けが甘く、知識のある受験者を混乱させうる
  ✅ aip-c4d02d2c (AIP)
  ✅ aip-8fe5a442 (AIP)
  ✅ saa-50634aa0 (SAA)
  終了=01:13:54

--- チャンク 3/6: 5問  開始=01:13:54 ---
  ⚠️  saa-1bc92b70 (SAA) [易しすぎ]  要件キーワード『マイクロ秒』が問題文と正解選択肢[0]にのみ出現し、キーワード照合だけで正解が特定できてしまう（ひっかけ性が弱い） / DynamoDB＋マイクロ秒＝DAX は定番の即答パターンで、本番のシナリオ型に比べやや易しい
  ✅ saa-1c15bb17 (SAA)
  ⚠️  saa-fc3c3eec (SAA) [古い/誤り]  『Amazon Kinesis Data Firehose』は2024年に『Amazon Data Firehose』へ名称変更済み。旧名称を現行として使用しており表記を更新すべき（機能・正解の妥当性自体は維持）
  ✅ saa-5e81fa24 (SAA)
  ⚠️  saa-555363b2 (SAA) [易しすぎ]  『複数AZ・マネージド・共有ファイルストレージ』＝EFS はSAAの最頻出かつ教科書的な定番問題で、要件から正解が自明 / 不正解選択肢（単一NFSサーバ＝SPOF、相互同期スクリプト）が明らかに弱く、消去法で容易に絞れる。本番相当のひっかけ強度に達していない
  終了=01:14:38

--- チャンク 4/6: 5問  開始=01:14:38 ---
  ✅ saa-d19398a9 (SAA)
  ⚠️  saa-4e9bb879 (SAA) [易しすぎ]  『単一AZ→マルチAZ冗長化』という基礎レベルで、Multi-AZ RDSとASG+ALBという定番の正解が想起しやすい。誤答（同一AZリードレプリカ・スケールアップ・スナップショット）も明白に弱く、ひっかけとしての強度が低い。本番のシナリオ問題よりやや易しい。
  ✅ saa-be238736 (SAA)
  ✅ saa-4cc8dcb8 (SAA)
  ✅ saa-2e3fb04c (SAA)
  終了=01:15:05

--- チャンク 5/6: 5問  開始=01:15:05 ---
  ✅ saa-e60ebd9d (SAA)
  ✅ saa-4114e31a (SAA)
  ⚠️  saa-9af5cb26 (SAA) [易しすぎ]  選択肢Dの『全ユーザーにフルアクセス＋CloudTrailで事後検知』が明らかに不適切で消去法が容易。ABACの正解が用語想起で当てやすく、本番のひっかけ強度にやや不足
  ✅ saa-27abe12c (SAA)
  ✅ saa-ce1211cc (SAA)
  終了=01:15:28

--- チャンク 6/6: 5問  開始=01:15:28 ---
  ✅ saa-6057708e (SAA)
  ✅ saa-7ecf27a2 (SAA)
  ✅ saa-543f70f7 (SAA)
  ✅ saa-e3235bc7 (SAA)
  ⚠️  aif-b4fa30be (AIF) [易しすぎ,体裁]  解説に「マネージドなマネージドAPI経由」という重複した誤記があり推敲不足 / 不正解の選択肢C/D（重み完全公開・ゼロから事前学習必須）が露骨に誤りでひっかけとして弱く、AIFとしても一読で正解が判別できる易しめの問題
  終了=01:15:53

==========================================
監査レポート
==========================================
総監査数: 30問
  ✅ ok  : 21問 (70%)
  ⚠️  warn: 9問 (30%)
  ❌ ng  : 0問 (0%)

内容観点:
  現行性 : 正常=29, 古い/誤り=1
  難易度 : 適切=25, 易しすぎ=5
  範囲   : 範囲内=30
体裁観点:
  読みやすさ: 良=29, 読みづらい=1
  模試適性  : 不適=0問

資格別 (ok/warn/ng):
  AIF: 0/1/0
  AIP: 6/3/0
  SAA: 15/5/0

要対応の問題 (9件):
  ⚠️  aip-0e32421d (AIP): 選択肢[1]Denied topicsと[2]Sensitive information filterはハルシネーション検出と無関係なことが一読で明らかで、実質[0]と[3]の二択に縮退する。プロフェッショナル試験としては誤答の妥当性が弱く、やや易しい / Contextual grounding checkという機能名を1つ知っていれば即答できる暗記寄りの面がある
  ⚠️  aip-bb6eed91 (AIP): 問題文は『マネージドな仕組みで両バージョンへトラフィックを分割』を要件とするが、正解[0]はトラフィック分割をアプリ側実装に依存しており、BedrockにプロンプトのネイティブA/B分割機能がない点と要件文の表現に軽い齟齬がある / 選択肢[3]Bedrock Flowsで長い要約を採用は非現実的な捨て選択肢で誤答の質を下げている
  ⚠️  aip-1c6451b3 (AIP): シナリオと正解の論理に矛盾がある。ハイブリッド検索が追加する語彙的一致（BM25）は型番など具体語クエリの取得を強化するが、本問では具体語クエリは『既に正解が出る』とされ、失敗しているのは語彙的特徴の乏しい抽象・概念クエリ。語彙一致の追加は失敗ケースの直接的な根治になりにくく、本来はクエリ拡張/書き換え・埋め込みモデル/セマンティックチャンク見直し等が妥当。正解は4択中では最も妥当だが、解説の『抽象クエリにハイブリッドで網羅性向上』という根拠付けが甘く、知識のある受験者を混乱させうる
  ⚠️  saa-1bc92b70 (SAA): 要件キーワード『マイクロ秒』が問題文と正解選択肢[0]にのみ出現し、キーワード照合だけで正解が特定できてしまう（ひっかけ性が弱い） / DynamoDB＋マイクロ秒＝DAX は定番の即答パターンで、本番のシナリオ型に比べやや易しい
  ⚠️  saa-fc3c3eec (SAA): 『Amazon Kinesis Data Firehose』は2024年に『Amazon Data Firehose』へ名称変更済み。旧名称を現行として使用しており表記を更新すべき（機能・正解の妥当性自体は維持）
  ⚠️  saa-555363b2 (SAA): 『複数AZ・マネージド・共有ファイルストレージ』＝EFS はSAAの最頻出かつ教科書的な定番問題で、要件から正解が自明 / 不正解選択肢（単一NFSサーバ＝SPOF、相互同期スクリプト）が明らかに弱く、消去法で容易に絞れる。本番相当のひっかけ強度に達していない
  ⚠️  saa-4e9bb879 (SAA): 『単一AZ→マルチAZ冗長化』という基礎レベルで、Multi-AZ RDSとASG+ALBという定番の正解が想起しやすい。誤答（同一AZリードレプリカ・スケールアップ・スナップショット）も明白に弱く、ひっかけとしての強度が低い。本番のシナリオ問題よりやや易しい。
  ⚠️  saa-9af5cb26 (SAA): 選択肢Dの『全ユーザーにフルアクセス＋CloudTrailで事後検知』が明らかに不適切で消去法が容易。ABACの正解が用語想起で当てやすく、本番のひっかけ強度にやや不足
  ⚠️  aif-b4fa30be (AIF): 解説に「マネージドなマネージドAPI経由」という重複した誤記があり推敲不足 / 不正解の選択肢C/D（重み完全公開・ゼロから事前学習必須）が露骨に誤りでひっかけとして弱く、AIFとしても一読で正解が判別できる易しめの問題

生データ: /home/yuzuki/aws-quiz-app/prompts/night-prompts/logs/audit_20260701_011005.json

==========================================
改善モード: 生成・検証プロンプトの継続改良
==========================================
改善対象: 監査9件 / 通報確定不具合(直近7日)2件。改良案を生成中...
/home/yuzuki/aws-quiz-app/prompts/night-prompts/scripts/audit-questions.sh: line 607: echo: write error: Broken pipe
改良方針: 監査の主因である「易しすぎ」と、検証をすり抜けた2件の確定不具合（要件キーワードが正解のみに出現／不正解の自己否定文で消去法成立）に対応。生成側(_common-rules.txt)にひっかけ強度・キーワード分散・自己否定禁止・推敲・現行名称の規則を追記し、検証側(_validity-extra.txt)に同種を弾く確認観点を注入。旧名称(Kinesis Data Firehose)はSAA.txtの避けることに明記した。
適用 3件 / 見送り 0件
  ✅ _common-rules.txt — too_easy(5件)とDOPの確定不具合2件（キーワード漏れ・自己否定選択肢）、hard_to_read(重複誤記)、outdated(旧名称)に対応。生成
  ✅ _validity-extra.txt — 検証(02)がすり抜けた確定不具合2件（キーワード漏れ・自己否定選択肢）とtoo_easy多発・旧名称・推敲不足を検出できるよう、警告観点を注入。冒頭コメントは
  ✅ SAA.txt — 監査でSAAの旧名称(Kinesis Data Firehose)使用が指摘されたため、避けることに現行名称使用を明記。
改良レポート: /home/yuzuki/aws-quiz-app/prompts/night-prompts/logs/audit_20260701_011005_improvement.md
バックアップ: /home/yuzuki/aws-quiz-app/prompts/night-prompts/logs/audit_20260701_011005_promptbackup
※ 次回以降の生成(01)・検証(02)からこの改良が反映されます。
監査終了: Wed Jul  1 01:17:43 JST 2026
