==========================================
問題監査 開始: Mon Jul 20 01:53:07 JST 2026
サンプル数: 30問 / チャンク: 5問 / 抽出: 直近優先
（-i: ng問題のDB修正とプロンプト改良を行います）
==========================================
監査対象: 30問
チャンク数: 6

--- チャンク 1/6: 5問  開始=01:53:46 ---
  ⚠️  dva-93393c23 (DVA)  DynamoDBは2024年3月からリソースベースポリシーをサポートしており、選択肢[1]のクロスアカウント直接アクセスは現行では技術的に有効な実装。解説も『技術的には可能』と認めており、単一正解の前提がやや弱い。STS AssumeRoleを最善とする根拠(権限一元管理)は妥当だが、正解が二択気味になっている点に注意
  ✅ dva-d3bc04fb (DVA)
  ✅ dva-758661bf (DVA)
  ⚠️  dva-4fff55e4 (DVA) [体裁]  解説が重複している。『選択肢B/C/D』形式の説明と『選択肢別解説[0]〜[3]』がほぼ同一内容で二重掲載されており体裁が冗長。内容・正解自体は妥当
  ✅ dva-6e69c3f2 (DVA)
  終了=01:54:18

--- チャンク 2/6: 5問  開始=01:54:18 ---
  ✅ dva-2aa9524d (DVA)
  ✅ mla-01fbae30 (MLA)
  ✅ mla-4387eebf (MLA)
  ⚠️  mla-be055c6a (MLA) [易しすぎ]  『PythonまたはTypeScript＋型チェック＋IDE補完』という要件がCDKを直接指し示すキーワードマッチ型で、比較・取捨選択の思考が薄く本番よりやや易しい / 選択肢[3]の誤答理由『TerraformはAWSネイティブのIaCツールでもない』は誤解を招く記述。TerraformはAWS対応が充実しており、実際の失格理由はHCLがPython/TypeScript要件を満たさない点のみに絞るべき
  ⚠️  mla-2da7b510 (MLA) [要確認]  正解の選択肢がinf1（Inferentia第1世代）固定だが、2024年以降のMLA試験文脈ではNLP/トランスフォーマー推論の現行推奨はinf2（Inferentia2）寄り。inf1は依然提供中で誤りではないが、現行性の観点でinf2を正解に据える方が望ましい
  終了=01:55:02

--- チャンク 3/6: 5問  開始=01:55:02 ---
  ✅ mla-9b4c8f07 (MLA)
  ✅ mla-22601e05 (MLA)
  ⚠️  mla-0a1ae6eb (MLA)  選択肢別解説[0]の『最大15分の長時間処理』は誤り。SageMaker非同期推論の最大処理時間は最長1時間、ペイロードは最大1GB（公式ドキュメントで確認）。正解自体は妥当だが解説の数値を『最大1時間』へ修正すべき。
  ✅ scs-f130f8a2 (SCS)
  ✅ scs-149fba07 (SCS)
  終了=01:55:50

--- チャンク 4/6: 5問  開始=01:55:50 ---
  ✅ scs-6657d6ef (SCS)
  ✅ scs-69528ab6 (SCS)
  ✅ scs-b55b1d3d (SCS)
  ✅ scs-f3ea8732 (SCS)
  ✅ mla-27ec246c (MLA)
  終了=01:56:28

--- チャンク 5/6: 5問  開始=01:56:28 ---
  ✅ mla-f70d68d7 (MLA)
  ⚠️  mla-6e08953b (MLA)  現行費用$5,400の根拠が曖昧（ml.m5.large×50の常時稼働は概算で$4,100〜4,800程度）だが結論の妥当性には影響しない軽微な難 / Serverless Inferenceは1モデル=1エンドポイントのため50エンドポイントを個別作成する必要がある点が問題文・解説で明示されておらず、選択肢AのMMEとの対比がやや不正確
  ❌ mla-826026f3 (MLA) [古い/誤り,模試不適]  正解と解説の技術的前提が誤り。AWS公式ドキュメントは『複数インスタンスのトレーニングジョブではネットワークの内外通信はトレーニングコンテナのピア間通信に限定される』と明記しており、enable_network_isolation=Trueでもノード間(NCCL)ピア通信は許可される。したがって『network_isolation=TrueだとDDPが起動直後に失敗する』という解説の中核根拠は事実誤認 / この誤認により、より安全でネットワーク分離を確実に満たす選択肢A(network_isolation=True)を不正解と断定しているが、実際にはAは4要件を満たしうる。むしろ要件①(インターネット直接アクセス禁止)はnetwork isolationが最も確実に保証する。正解キー自体が議論の余地あり(A/Bどちらも成立しうる) / network isolation有効時もS3のダウンロード/アップロードは実行ロールでSageMaker側が処理する(コンテナ外)ため、要件③との関係の説明も不正確
  ⚠️  clf-3b10138e (CLF) [易しすぎ]  正解選択肢[0]の文言『役割・スキル・組織文化の変革』が問題文のキーワードとほぼ一致しており、CAFの他パースペクティブを知らなくてもパターンマッチで正解可能。CLFとしては許容範囲だがやや易しい
  ⚠️  clf-fb985595 (CLF) [易しすぎ]  『単一AZ障害でも中断させない』→高可用性という定義の一読自明な用語照合問題。各選択肢に定義が併記され消去も容易。CLFレベルとして使用可だが本番のシナリオ性には乏しい
  終了=01:58:05

--- チャンク 6/6: 5問  開始=01:58:05 ---
  ✅ clf-3ab26829 (CLF)
  ⚠️  clf-b517c863 (CLF) [易しすぎ]  設問文が『消費モデルを採用し過剰投資を排除』とコスト最適化の柱の定義をほぼそのまま述べており、キーワード照合で正解が導ける。CLFとしては許容だが、やや易しい定義想起寄り
  ✅ clf-613279db (CLF)
  ❌ dop-q-039 (DOP) [易しすぎ,模試不適]  『AWS Service Catalogの主な目的は？』という単純な用語定義の想起問題で、Professional(DOP)相当のシナリオ性・要件比較・ひっかけが皆無。内容は正確だが難易度が本番のProfessionalレベルに全く達していない
  ❌ dop-q-049 (DOP) [易しすぎ,模試不適]  『ECSタスク定義でCPU/メモリ制限を設定する理由は？』の単純な定義想起問題。Professional(DOP)で問われる運用シナリオ・トレードオフ判断がなく、一読で正解が自明。内容は正しいが難易度が資格レベルに不足
  終了=01:58:33

==========================================
監査レポート
==========================================
総監査数: 30問
  ✅ ok  : 18問 (60%)
  ⚠️  warn: 9問 (30%)
  ❌ ng  : 3問 (10%)

内容観点:
  現行性 : 正常=28, 古い/誤り=1, 要確認=1
  難易度 : 適切=24, 易しすぎ=6
  範囲   : 範囲内=30
体裁観点:
  読みやすさ: 良=29, 読みづらい=1
  模試適性  : 不適=3問

資格別 (ok/warn/ng):
  CLF: 2/3/0
  DOP: 0/0/2
  DVA: 4/2/0
  MLA: 6/4/1
  SCS: 6/0/0

要対応の問題 (12件):
  ❌ mla-826026f3 (MLA): 正解と解説の技術的前提が誤り。AWS公式ドキュメントは『複数インスタンスのトレーニングジョブではネットワークの内外通信はトレーニングコンテナのピア間通信に限定される』と明記しており、enable_network_isolation=Trueでもノード間(NCCL)ピア通信は許可される。したがって『network_isolation=TrueだとDDPが起動直後に失敗する』という解説の中核根拠は事実誤認 / この誤認により、より安全でネットワーク分離を確実に満たす選択肢A(network_isolation=True)を不正解と断定しているが、実際にはAは4要件を満たしうる。むしろ要件①(インターネット直接アクセス禁止)はnetwork isolationが最も確実に保証する。正解キー自体が議論の余地あり(A/Bどちらも成立しうる) / network isolation有効時もS3のダウンロード/アップロードは実行ロールでSageMaker側が処理する(コンテナ外)ため、要件③との関係の説明も不正確
  ❌ dop-q-039 (DOP): 『AWS Service Catalogの主な目的は？』という単純な用語定義の想起問題で、Professional(DOP)相当のシナリオ性・要件比較・ひっかけが皆無。内容は正確だが難易度が本番のProfessionalレベルに全く達していない
  ❌ dop-q-049 (DOP): 『ECSタスク定義でCPU/メモリ制限を設定する理由は？』の単純な定義想起問題。Professional(DOP)で問われる運用シナリオ・トレードオフ判断がなく、一読で正解が自明。内容は正しいが難易度が資格レベルに不足
  ⚠️  dva-93393c23 (DVA): DynamoDBは2024年3月からリソースベースポリシーをサポートしており、選択肢[1]のクロスアカウント直接アクセスは現行では技術的に有効な実装。解説も『技術的には可能』と認めており、単一正解の前提がやや弱い。STS AssumeRoleを最善とする根拠(権限一元管理)は妥当だが、正解が二択気味になっている点に注意
  ⚠️  dva-4fff55e4 (DVA): 解説が重複している。『選択肢B/C/D』形式の説明と『選択肢別解説[0]〜[3]』がほぼ同一内容で二重掲載されており体裁が冗長。内容・正解自体は妥当
  ⚠️  mla-be055c6a (MLA): 『PythonまたはTypeScript＋型チェック＋IDE補完』という要件がCDKを直接指し示すキーワードマッチ型で、比較・取捨選択の思考が薄く本番よりやや易しい / 選択肢[3]の誤答理由『TerraformはAWSネイティブのIaCツールでもない』は誤解を招く記述。TerraformはAWS対応が充実しており、実際の失格理由はHCLがPython/TypeScript要件を満たさない点のみに絞るべき
  ⚠️  mla-2da7b510 (MLA): 正解の選択肢がinf1（Inferentia第1世代）固定だが、2024年以降のMLA試験文脈ではNLP/トランスフォーマー推論の現行推奨はinf2（Inferentia2）寄り。inf1は依然提供中で誤りではないが、現行性の観点でinf2を正解に据える方が望ましい
  ⚠️  mla-0a1ae6eb (MLA): 選択肢別解説[0]の『最大15分の長時間処理』は誤り。SageMaker非同期推論の最大処理時間は最長1時間、ペイロードは最大1GB（公式ドキュメントで確認）。正解自体は妥当だが解説の数値を『最大1時間』へ修正すべき。
  ⚠️  mla-6e08953b (MLA): 現行費用$5,400の根拠が曖昧（ml.m5.large×50の常時稼働は概算で$4,100〜4,800程度）だが結論の妥当性には影響しない軽微な難 / Serverless Inferenceは1モデル=1エンドポイントのため50エンドポイントを個別作成する必要がある点が問題文・解説で明示されておらず、選択肢AのMMEとの対比がやや不正確
  ⚠️  clf-3b10138e (CLF): 正解選択肢[0]の文言『役割・スキル・組織文化の変革』が問題文のキーワードとほぼ一致しており、CAFの他パースペクティブを知らなくてもパターンマッチで正解可能。CLFとしては許容範囲だがやや易しい
  ⚠️  clf-fb985595 (CLF): 『単一AZ障害でも中断させない』→高可用性という定義の一読自明な用語照合問題。各選択肢に定義が併記され消去も容易。CLFレベルとして使用可だが本番のシナリオ性には乏しい
  ⚠️  clf-b517c863 (CLF): 設問文が『消費モデルを採用し過剰投資を排除』とコスト最適化の柱の定義をほぼそのまま述べており、キーワード照合で正解が導ける。CLFとしては許容だが、やや易しい定義想起寄り

生データ: /home/yuzuki/aws-quiz-app/prompts/night-prompts/logs/audit_20260720_015307.json

--- ng 問題のDB修正 ---
  ng 判定 3問 をDB修正します...
    🔧 mla-826026f3: AWS公式APIリファレンスに『分散トレーニングクラスタ内ピア間通信はenable_network_isolation=Trueでも例外的に許可』と明記されており、NCCL/DDPが失敗するという解説の中核根拠は事実誤認。また、VPC使用時はSageMakerがコンテナ外でS3転送を処理するためコンテナ自体のS3直接ア
    🔁 dop-q-039: 監査の指摘は難易度・体裁のみ（単純な用語定義問題でProfessionalレベルに達していない）。事実の誤りは指摘されておらず、問題文・選択肢・正解・解説の内容はすべて正確。無理に作り変えない。
    🔁 dop-q-049: 監査の指摘は難易度・体裁のみ（内容は正しいが DOP レベルに不足）であり、事実誤りは存在しない。ルール上 action=keep。
  → 修正=1 削除=0 再検査=2 見送り=0 失敗=0

==========================================
改善モード: 生成・検証プロンプトの継続改良
==========================================
改善対象: 監査12件 / 通報確定不具合(直近7日)5件。改良案を生成中...
改良方針: 監査で頻出したMLA固有の事実誤り（SageMakerネットワーク分離とDDP、非同期推論の上限、Serverless Inferenceの1エンドポイント1モデル、inf1/inf2の現行性）と、不正解理由の事実誤認・過度な一般化を検証で弾くための確認観点を _validity-extra.txt に追記する。難易度・構成は既存のwarn観点で網羅済みのため追記しない。
適用 1件 / 見送り 0件
  ✅ _validity-extra.txt — MLAのnetwork_isolation/DDPやAsync Inference上限等の事実誤り(ng多数)と、Terraform誤答理由の過度な一般化を検出
改良レポート: /home/yuzuki/aws-quiz-app/prompts/night-prompts/logs/audit_20260720_015307_improvement.md
バックアップ: /home/yuzuki/aws-quiz-app/prompts/night-prompts/logs/audit_20260720_015307_promptbackup
※ 次回以降の生成(01)・検証(02)からこの改良が反映されます。
監査終了: Mon Jul 20 02:03:52 JST 2026
