==========================================
問題監査 開始: Mon Jul 13 02:50:07 JST 2026
サンプル数: 30問 / チャンク: 5問 / 抽出: 直近優先
（読み取り専用 — DBは変更しません）
==========================================
監査対象: 30問
チャンク数: 6

--- チャンク 1/6: 5問  開始=02:50:42 ---
  ⚠️  clf-637af08d (CLF)  実測正答率20%（サンプル10件と少ない）は低い。Elastic BeanstalkもLBやオートスケーリングを自動管理し、ソースコードやコンテナからのデプロイも対応しているため、「EC2ベースで管理が多い」という解説だけではApp Runnerとの差別化が不十分。「Beanstalkはインスタンスタイプ・環境設定の選択が必要なのに対し、App Runnerはインフラ設定が一切不要」という核心的な差を解説に明示すべき。
  ⚠️  clf-3405ed73 (CLF) [難しすぎ]  実測正答率14%（サンプル14件）は極めて低く、CLFには難しすぎる可能性が高い。SNSもLambda・SQS・HTTPエンドポイント（Slack Webhook）への同時ファンアウトが可能なため、CLF受験者にはEventBridgeとの区別が難解。正解の核心である「SNSはAWSサービスイベントを自律的に受信できず、EC2の起動/停止イベントを直接トリガーにできない」という点が解説に欠けており誤答を誘発している。シナリオ複雑度・サービス知識の深さともSAA/DVA相当。
  ✅ dea-a37942d8 (DEA)
  ✅ dea-ec920614 (DEA)
  ✅ dea-fe9196b6 (DEA)
  終了=02:52:35

--- チャンク 2/6: 5問  開始=02:52:35 ---
  ✅ dea-ce354563 (DEA)
  ⚠️  dea-0ecbb1a1 (DEA) [易しすぎ]  「Gremlinクエリをそのまま移行」「グラフトラバーサル」「サブ秒レイテンシ」の3条件が揃うと他の選択肢が完全排除され正解が自明になる。DEA本番相当の難易度を確保するには、選択肢をNeptune Database vs Neptune Analytics の使い分け、あるいはNeptuneのユースケース境界を問う形に改訂することを推奨。
  ⚠️  dea-121c49aa (DEA) [易しすぎ]  「MongoDB互換」「既存ドライバーをそのまま利用」という条件がDocumentDBを直接指示しており正解が自明。また解説がDocumentDBとMongoDBの互換性の実際の限界（一部の集計パイプラインオペレータ・クライアントドライバーバージョンへの非互換）を一切言及しておらず、完全互換と誤読させる恐れがある。互換性の注意点を解説に補足するか、要件をより複雑にして難易度を調整することを推奨。
  ⚠️  aip-748d3993 (AIP) [要確認]  公式APIリファレンス（HumanWorkflowConfig）およびコンソール用IAMポリシーの調査により、Bedrock Model Evaluationのヒューマン評価ジョブのワーカー管理は Amazon Cognito User Pools + SageMaker Workforce/Workteam を使用する（ポリシーに cognito-idp:* と sagemaker:CreateWorkforce が必要）ことを確認。正解選択肢および解説で「AWS IAM Identity Center で管理した医師チームをレビュアーとして割り当てる」と記述しているが、これは標準の仕組みと異なる。SageMaker OIDCワークフォースを介したIAM Identity Center連携は技術的には可能だが非標準経路であり、IAM Identity Center = ヒューマン評価ワーカー管理という記述はAIP Professional受験者に誤った知識を植え付けるリスクがある。「Amazon Cognito で管理したプライベートワークフォースをレビュアーとして設定する」に修正することを推奨。なおコアコンセプト（Bedrock Model Evaluationのヒューマン評価ジョブが適切なサービス）は正しいためwarnとする。
  ✅ aip-cc97e1a2 (AIP)
  終了=02:56:12

--- チャンク 3/6: 5問  開始=02:56:12 ---
⚠️  レート制限を検出。残りチャンクをスキップ
==========================================
監査レポート
==========================================
総監査数: 10問
  ✅ ok  : 5問 (50%)
  ⚠️  warn: 5問 (50%)
  ❌ ng  : 0問 (0%)

内容観点:
  現行性 : 正常=9, 要確認=1
  難易度 : 適切=7, 易しすぎ=2, 難しすぎ=1
  範囲   : 範囲内=10
体裁観点:
  読みやすさ: 良=10
  模試適性  : 不適=0問

資格別 (ok/warn/ng):
  AIP: 1/1/0
  CLF: 0/2/0
  DEA: 4/2/0

要対応の問題 (5件):
  ⚠️  clf-637af08d (CLF): 実測正答率20%（サンプル10件と少ない）は低い。Elastic BeanstalkもLBやオートスケーリングを自動管理し、ソースコードやコンテナからのデプロイも対応しているため、「EC2ベースで管理が多い」という解説だけではApp Runnerとの差別化が不十分。「Beanstalkはインスタンスタイプ・環境設定の選択が必要なのに対し、App Runnerはインフラ設定が一切不要」という核心的な差を解説に明示すべき。
  ⚠️  clf-3405ed73 (CLF): 実測正答率14%（サンプル14件）は極めて低く、CLFには難しすぎる可能性が高い。SNSもLambda・SQS・HTTPエンドポイント（Slack Webhook）への同時ファンアウトが可能なため、CLF受験者にはEventBridgeとの区別が難解。正解の核心である「SNSはAWSサービスイベントを自律的に受信できず、EC2の起動/停止イベントを直接トリガーにできない」という点が解説に欠けており誤答を誘発している。シナリオ複雑度・サービス知識の深さともSAA/DVA相当。
  ⚠️  dea-0ecbb1a1 (DEA): 「Gremlinクエリをそのまま移行」「グラフトラバーサル」「サブ秒レイテンシ」の3条件が揃うと他の選択肢が完全排除され正解が自明になる。DEA本番相当の難易度を確保するには、選択肢をNeptune Database vs Neptune Analytics の使い分け、あるいはNeptuneのユースケース境界を問う形に改訂することを推奨。
  ⚠️  dea-121c49aa (DEA): 「MongoDB互換」「既存ドライバーをそのまま利用」という条件がDocumentDBを直接指示しており正解が自明。また解説がDocumentDBとMongoDBの互換性の実際の限界（一部の集計パイプラインオペレータ・クライアントドライバーバージョンへの非互換）を一切言及しておらず、完全互換と誤読させる恐れがある。互換性の注意点を解説に補足するか、要件をより複雑にして難易度を調整することを推奨。
  ⚠️  aip-748d3993 (AIP): 公式APIリファレンス（HumanWorkflowConfig）およびコンソール用IAMポリシーの調査により、Bedrock Model Evaluationのヒューマン評価ジョブのワーカー管理は Amazon Cognito User Pools + SageMaker Workforce/Workteam を使用する（ポリシーに cognito-idp:* と sagemaker:CreateWorkforce が必要）ことを確認。正解選択肢および解説で「AWS IAM Identity Center で管理した医師チームをレビュアーとして割り当てる」と記述しているが、これは標準の仕組みと異なる。SageMaker OIDCワークフォースを介したIAM Identity Center連携は技術的には可能だが非標準経路であり、IAM Identity Center = ヒューマン評価ワーカー管理という記述はAIP Professional受験者に誤った知識を植え付けるリスクがある。「Amazon Cognito で管理したプライベートワークフォースをレビュアーとして設定する」に修正することを推奨。なおコアコンセプト（Bedrock Model Evaluationのヒューマン評価ジョブが適切なサービス）は正しいためwarnとする。

生データ: /home/yuzuki/aws-quiz-app/prompts/night-prompts/logs/audit_20260713_025007.json
※ レート制限により一部チャンクが未監査です

==========================================
改善モード: 生成・検証プロンプトの継続改良
==========================================
改善対象: 監査5件 / 通報確定不具合(直近7日)0件。改良案を生成中...
⚠️  改良案のJSON抽出に失敗。プロンプトは変更しませんでした。
監査終了: Mon Jul 13 02:56:17 JST 2026
