==========================================
問題監査 開始: Tue Jul 14 03:50:06 JST 2026
サンプル数: 30問 / チャンク: 5問 / 抽出: 直近優先
（読み取り専用 — DBは変更しません）
==========================================
監査対象: 30問
チャンク数: 6

--- チャンク 1/6: 5問  開始=03:50:54 ---
  ❌ clf-637af08d (CLF) [古い/誤り,模試不適]  【致命的】公式ドキュメント確認済み：「AWS App Runner is no longer open to new customers」と明記されており、新規顧客への提供が終了済み。正解として提示できないサービスを問う問題は即刻削除が必要。 / 実測正答率20%（悪問疑い閾値）も当該問題の品質問題と整合する。
  ⚠️  clf-3405ed73 (CLF) [難しすぎ]  実測正答率14%は悪問疑い閾値（20%以下）を下回る。SNSもサブスクリプションでLambda・SQS・HTTPエンドポイントへファンアウト配信できるため、SNSとEventBridgeの区別（SNS単体ではEC2状態変化イベントをネイティブ受信できない）がCLF受験者には難解すぎる。 / 「EC2起動・停止イベントをルールに基づき複数ターゲットに同時振り分け」という要件の技術的詳細度はSAA相当。CLFとして適切か要検討。
  ⚠️  clf-4d758d3e (CLF) [易しすぎ]  選択肢[1]（AWSがITスタッフ採用を支援）は一読で除外できる明らかな誤り。選択肢[3]（Global Acceleratorが課金レートを自動調整）も非現実的で識別容易。もっともらしい不正解が不足しており本番相当の引っかけになっていない。
  ⚠️  clf-6c240e76 (CLF) [易しすぎ]  各選択肢が概念の定義を内包しており、シナリオ（数週間→数分）と定義文の照合だけで正解できる。暗記不要で自明。選択肢から概念説明を取り除き、概念名のみにすれば適切な難易度になる。
  ✅ clf-e7122bd9 (CLF)
  終了=03:53:09

--- チャンク 2/6: 5問  開始=03:53:10 ---
  ⚠️  clf-792bc525 (CLF) [易しすぎ,体裁,模試不適]  選択肢に各用語の定義が埋め込まれており、問題文の「需要に応じてリソースを自動的に増減」と選択肢[0]の記述がほぼ一致するため正解が自明。本番形式では選択肢を用語名のみとし、知識の想起を問う構成にすべき。 / 「堅牢性（Robustness）」はAWSクラウドの標準的な特性として定義された用語ではなく、造語的な選択肢が受験者を不要に混乱させる恐れがある。
  ⚠️  clf-898b7cfb (CLF) [易しすぎ,模試不適]  不正解選択肢がすべて「コスト・料金が上昇する」という明らかに誤った内容で統一されており、AWSの基礎知識がなくても消去法で正解できる。規模の経済のメリットを別の側面（例：個々の顧客がインフラ効率化の恩恵を受けにくい、価格低下は保証されない等）から述べた紛らわしい選択肢を加えると本番相当になる。
  ✅ clf-b0c4b1a0 (CLF)
  ✅ clf-9ad21082 (CLF)
  ⚠️  clf-8d589a5d (CLF) [易しすぎ,模試不適]  不正解選択肢がいずれも内容として明らかに誤り（「減価償却費が増大」「ハードウェア調達コストが維持」「月次固定料金制」）であり、AWSについて少しでも知識があれば即時排除できる。CapEx/OpExの区別をより細かく問う（どの費用項目がOpEx化されるか、Reserved Instanceの前払いはCapExかどうか等）設問にすると本番相当の難易度になる。
  終了=03:54:20

--- チャンク 3/6: 5問  開始=03:54:20 ---
  ✅ dea-a37942d8 (DEA)
  ✅ dea-ec920614 (DEA)
  ✅ dea-fe9196b6 (DEA)
  ✅ dea-ce354563 (DEA)
  ⚠️  dea-0ecbb1a1 (DEA) [易しすぎ]  問題文に『既存の不正検知モデルは Gremlin クエリで実装されており、移行時の書き換えを最小化したい』と明記されており、AWS で Gremlin をネイティブサポートするのは Neptune のみ。この一文だけで正解が確定するため、グラフトラバーサルの性能特性を理解していなくても単純な知識照合で正解できる。他の選択肢（DynamoDB・Redshift・Aurora PostgreSQL）もグラフ用途では明らかに不適切であり、有効なひっかけとして機能しにくい。Gremlin の言及を削除してグラフ要件のみで判断させるか、SPARQL など複数のクエリ言語が選択肢に絡む形にするなど難易度を上げることを推奨。
  終了=03:55:54

--- チャンク 4/6: 5問  開始=03:55:54 ---
⚠️  レート制限を検出。残りチャンクをスキップ
==========================================
監査レポート
==========================================
総監査数: 15問
  ✅ ok  : 7問 (46%)
  ⚠️  warn: 7問 (46%)
  ❌ ng  : 1問 (6%)

内容観点:
  現行性 : 正常=14, 古い/誤り=1
  難易度 : 適切=8, 易しすぎ=6, 難しすぎ=1
  範囲   : 範囲内=15
体裁観点:
  読みやすさ: 良=14, 読みづらい=1
  模試適性  : 不適=4問

資格別 (ok/warn/ng):
  CLF: 3/6/1
  DEA: 4/1/0

要対応の問題 (8件):
  ❌ clf-637af08d (CLF): 【致命的】公式ドキュメント確認済み：「AWS App Runner is no longer open to new customers」と明記されており、新規顧客への提供が終了済み。正解として提示できないサービスを問う問題は即刻削除が必要。 / 実測正答率20%（悪問疑い閾値）も当該問題の品質問題と整合する。
  ⚠️  clf-3405ed73 (CLF): 実測正答率14%は悪問疑い閾値（20%以下）を下回る。SNSもサブスクリプションでLambda・SQS・HTTPエンドポイントへファンアウト配信できるため、SNSとEventBridgeの区別（SNS単体ではEC2状態変化イベントをネイティブ受信できない）がCLF受験者には難解すぎる。 / 「EC2起動・停止イベントをルールに基づき複数ターゲットに同時振り分け」という要件の技術的詳細度はSAA相当。CLFとして適切か要検討。
  ⚠️  clf-4d758d3e (CLF): 選択肢[1]（AWSがITスタッフ採用を支援）は一読で除外できる明らかな誤り。選択肢[3]（Global Acceleratorが課金レートを自動調整）も非現実的で識別容易。もっともらしい不正解が不足しており本番相当の引っかけになっていない。
  ⚠️  clf-6c240e76 (CLF): 各選択肢が概念の定義を内包しており、シナリオ（数週間→数分）と定義文の照合だけで正解できる。暗記不要で自明。選択肢から概念説明を取り除き、概念名のみにすれば適切な難易度になる。
  ⚠️  clf-792bc525 (CLF): 選択肢に各用語の定義が埋め込まれており、問題文の「需要に応じてリソースを自動的に増減」と選択肢[0]の記述がほぼ一致するため正解が自明。本番形式では選択肢を用語名のみとし、知識の想起を問う構成にすべき。 / 「堅牢性（Robustness）」はAWSクラウドの標準的な特性として定義された用語ではなく、造語的な選択肢が受験者を不要に混乱させる恐れがある。
  ⚠️  clf-898b7cfb (CLF): 不正解選択肢がすべて「コスト・料金が上昇する」という明らかに誤った内容で統一されており、AWSの基礎知識がなくても消去法で正解できる。規模の経済のメリットを別の側面（例：個々の顧客がインフラ効率化の恩恵を受けにくい、価格低下は保証されない等）から述べた紛らわしい選択肢を加えると本番相当になる。
  ⚠️  clf-8d589a5d (CLF): 不正解選択肢がいずれも内容として明らかに誤り（「減価償却費が増大」「ハードウェア調達コストが維持」「月次固定料金制」）であり、AWSについて少しでも知識があれば即時排除できる。CapEx/OpExの区別をより細かく問う（どの費用項目がOpEx化されるか、Reserved Instanceの前払いはCapExかどうか等）設問にすると本番相当の難易度になる。
  ⚠️  dea-0ecbb1a1 (DEA): 問題文に『既存の不正検知モデルは Gremlin クエリで実装されており、移行時の書き換えを最小化したい』と明記されており、AWS で Gremlin をネイティブサポートするのは Neptune のみ。この一文だけで正解が確定するため、グラフトラバーサルの性能特性を理解していなくても単純な知識照合で正解できる。他の選択肢（DynamoDB・Redshift・Aurora PostgreSQL）もグラフ用途では明らかに不適切であり、有効なひっかけとして機能しにくい。Gremlin の言及を削除してグラフ要件のみで判断させるか、SPARQL など複数のクエリ言語が選択肢に絡む形にするなど難易度を上げることを推奨。

生データ: /home/yuzuki/aws-quiz-app/prompts/night-prompts/logs/audit_20260714_035005.json
※ レート制限により一部チャンクが未監査です

==========================================
改善モード: 生成・検証プロンプトの継続改良
==========================================
/home/yuzuki/aws-quiz-app/prompts/night-prompts/scripts/audit-questions.sh: line 528: RATE_LIMIT_FILE: unbound variable
