==========================================
問題監査 開始: Tue Jun 30 21:19:05 JST 2026
サンプル数: 6問 / チャンク: 3問 / 抽出: 直近優先
（読み取り専用 — DBは変更しません）
==========================================
監査対象: 6問
チャンク数: 2

--- チャンク 1/2: 3問  開始=21:19:33 ---
  ✅ saa-50634aa0 (SAA)
  ⚠️  saa-1bc92b70 (SAA) [易しすぎ]  「マイクロ秒」というキーワードがDAXを直接想起させ、本番のシナリオ問題より正解が特定しやすい。不正解選択肢も明確に外れるため、ひっかけの妙がやや弱い
  ✅ saa-1c15bb17 (SAA)
  終了=21:19:53

--- チャンク 2/2: 3問  開始=21:19:53 ---
  ⚠️  saa-fc3c3eec (SAA) [要確認]  Kinesis Data Firehose は2024年に「Amazon Data Firehose」へ名称変更されており、現行名称への更新が望ましい（機能・正解の妥当性自体は現行で問題なし） / 正解と不正解の差別化（MSK Connect・Glue ストリーミング ETL との比較）は妥当で本番相当だが、Firehose の Parquet 変換は定番パターンでやや想起しやすい
  ✅ saa-5e81fa24 (SAA)
  ⚠️  saa-555363b2 (SAA) [易しすぎ]  マルチAZ共有ストレージ＝EFS は SAA の定番中の定番で、EFS を知っていれば一読で正解が自明。EBS Multi-Attach のひっかけは効いているが全体としてやや易しい / 不正解の選択肢（単一NFSサーバー・同期スクリプト）が明らかに弱く、消去法で容易に絞れる
  終了=21:20:24

==========================================
監査レポート
==========================================
総監査数: 6問
  ✅ ok  : 3問 (50%)
  ⚠️  warn: 3問 (50%)
  ❌ ng  : 0問 (0%)

内容観点:
  現行性 : 正常=5, 要確認=1
  難易度 : 適切=4, 易しすぎ=2
  範囲   : 範囲内=6
体裁観点:
  読みやすさ: 良=6
  模試適性  : 不適=0問

資格別 (ok/warn/ng):
  SAA: 3/3/0

要対応の問題 (3件):
  ⚠️  saa-1bc92b70 (SAA): 「マイクロ秒」というキーワードがDAXを直接想起させ、本番のシナリオ問題より正解が特定しやすい。不正解選択肢も明確に外れるため、ひっかけの妙がやや弱い
  ⚠️  saa-fc3c3eec (SAA): Kinesis Data Firehose は2024年に「Amazon Data Firehose」へ名称変更されており、現行名称への更新が望ましい（機能・正解の妥当性自体は現行で問題なし） / 正解と不正解の差別化（MSK Connect・Glue ストリーミング ETL との比較）は妥当で本番相当だが、Firehose の Parquet 変換は定番パターンでやや想起しやすい
  ⚠️  saa-555363b2 (SAA): マルチAZ共有ストレージ＝EFS は SAA の定番中の定番で、EFS を知っていれば一読で正解が自明。EBS Multi-Attach のひっかけは効いているが全体としてやや易しい / 不正解の選択肢（単一NFSサーバー・同期スクリプト）が明らかに弱く、消去法で容易に絞れる

生データ: /home/yuzuki/aws-quiz-app/prompts/night-prompts/logs/audit_20260630_211905.json

==========================================
改善モード: 生成・検証プロンプトの継続改良
==========================================
改善対象 3件。改良案を生成中...
改良方針: 監査の主クラスは『易しすぎ（単一キーワードで正解が一意に想起／不正解選択肢が弱く消去法で容易）』と『要確認（旧名称サービス）』。生成側(_common-rules)に弁別性・ひっかけ選択肢の必須化を追記し、検証側(_validity-extra)に単一キーワード問題と旧名称の warn 観点を注入する。SAA.txt は scope=out が0のため変更なし。
適用 2件 / 見送り 0件
  ✅ _common-rules.txt — too_easy 2件（「マイクロ秒」→DAX、「マルチAZ共有ストレージ」→EFS が一読で自明／不正解選択肢が明らかに弱く消去法で容易）に対応。生成時点で単
  ✅ _validity-extra.txt — 検証ゲートで弾く観点を追加。too_easy（単一キーワードで一意特定／弱い不正解選択肢）を warn、uncertain（旧名称 Kinesis Data F
改良レポート: /home/yuzuki/aws-quiz-app/prompts/night-prompts/logs/audit_20260630_211905_improvement.md
バックアップ: /home/yuzuki/aws-quiz-app/prompts/night-prompts/logs/audit_20260630_211905_promptbackup
※ 次回以降の生成(01)・検証(02)からこの改良が反映されます。
監査終了: Tue Jun 30 21:21:17 JST 2026
