==========================================
問題監査 開始: Wed Jul  8 04:10:09 JST 2026
サンプル数: 30問 / チャンク: 5問 / 抽出: 直近優先
（読み取り専用 — DBは変更しません）
==========================================
監査対象: 30問
チャンク数: 6

--- チャンク 1/6: 5問  開始=04:10:44 ---
  ⚠️  clf-637af08d (CLF)  実測正答率20%（n=10）が非常に低い。Elastic BeanstalkもソースコードからのデプロイやALB・Auto Scalingを内包するため、App Runnerとの差別化はCLFレベルでは難解な2択になっている。 / 解説でElastic Beanstalkを『EC2ベースで管理が多い』と一言で片付けており、App Runnerとの本質的な差（インフラ設定ゼロ・完全サーバーレス）の説明が不十分で誤答を誘発しやすい。
  ⚠️  clf-3405ed73 (CLF) [難しすぎ]  実測正答率14%（n=14）は著しく低く、CLFレベルとして難しすぎる可能性が高い。20%を大きく下回るため悪問・難問の疑いを精査すべき水準。 / SNSもEC2 State Change通知のサブスクリプションでLambda・SQSへのファンアウト配信が可能であり、EventBridgeとの実質的な差異（ルールベースの細粒度フィルタリング・API Destinations経由のSlack直接送信）はCLFには踏み込みすぎ。 / 解説でSNSの不採用理由を『柔軟性に劣る』と相対表現に留めており、EventBridgeが正解である根拠（EC2イベントのネイティブ統合・サードパーティ直接送信）が具体的に示されていない。
  ⚠️  dea-7cefe432 (DEA)  Short Query Acceleration（SQA）は主に短時間SELECT系クエリをMLで予測し専用スロットへ振り分ける機能であり、COPY・INSERT INTO SELECT等のETL DML操作に同様に適用されるとは言えない。正解の主要機構はAutomatic WLM + Highest優先度であり、SQAをETLの実行開始保証の一手段として解説するのは正確性に欠ける。コア正答は正しいが、SQAの役割説明が誤解を招く。
  ✅ dea-fc6fe661 (DEA)
  ✅ clf-547f7d88 (CLF)
  終了=04:12:55

--- チャンク 2/6: 5問  開始=04:12:55 ---
  ⚠️  clf-aa02a9fd (CLF) [易しすぎ]  問題文が『費用を支払うことなく』と明示しているため有償のAWS IQ・Professional Servicesを即時除外できる。残るre:Post（Q&Aコミュニティ）とTraining（学習プラットフォーム）の区別も自明で、選択肢[0]の括弧内説明『認定エキスパートが回答する知識ベースも提供する』が問題文の要件をほぼそのまま反映しており、正解に必要な実質的知識量が低い
  ✅ clf-0ae56806 (CLF)
  ⚠️  clf-0555dce8 (CLF) [易しすぎ]  選択肢[3]の括弧内に『ソケット数・コア数・ホストIDを把握して管理できる』と明記されており、問題文の『物理サーバーのソケット数やコア数を把握できる環境が必要』を直接反映している。説明文の照合だけで正解が導けるため、Dedicated Host vs Dedicated Instanceの実質的な識別知識がテストされない懸念がある
  ✅ clf-f3da40ef (CLF)
  ✅ clf-52ccd863 (CLF)
  終了=04:14:39

--- チャンク 3/6: 5問  開始=04:14:39 ---
  ⚠️  clf-748934fe (CLF) [易しすぎ]  問題文に『機密情報でない』『自動ローテーション不要』『コストを抑えたい』と3条件が明示されており、各条件が選択肢A・C・Dをそれぞれ一対一で否定する。選択肢を読む前に正解が絞れてしまう過剰誘導。本番はもっと曖昧な要件でサービスの比較判断を求める形式にすべき
  ✅ clf-ca43f2a7 (CLF)
  ✅ clf-edc886cc (CLF)
  ✅ clf-720f18a3 (CLF)
  ⚠️  clf-09acc9bc (CLF) [易しすぎ]  問題文の『誰が・いつ・どこから』はCloudTrailの公式キャッチフレーズそのものであり、選択肢を読まずとも正解が確定できる。正解サービス名を問題文が実質的に述べている状態。キーワードを変えるか、複数サービスを組み合わせた調査シナリオに再構成することを推奨
  終了=04:15:33

--- チャンク 4/6: 5問  開始=04:15:33 ---
⚠️  レート制限を検出。残りチャンクをスキップ
==========================================
監査レポート
==========================================
総監査数: 15問
  ✅ ok  : 8問 (53%)
  ⚠️  warn: 7問 (46%)
  ❌ ng  : 0問 (0%)

内容観点:
  現行性 : 正常=15
  難易度 : 適切=10, 易しすぎ=4, 難しすぎ=1
  範囲   : 範囲内=15
体裁観点:
  読みやすさ: 良=15
  模試適性  : 不適=0問

資格別 (ok/warn/ng):
  CLF: 7/6/0
  DEA: 1/1/0

要対応の問題 (7件):
  ⚠️  clf-637af08d (CLF): 実測正答率20%（n=10）が非常に低い。Elastic BeanstalkもソースコードからのデプロイやALB・Auto Scalingを内包するため、App Runnerとの差別化はCLFレベルでは難解な2択になっている。 / 解説でElastic Beanstalkを『EC2ベースで管理が多い』と一言で片付けており、App Runnerとの本質的な差（インフラ設定ゼロ・完全サーバーレス）の説明が不十分で誤答を誘発しやすい。
  ⚠️  clf-3405ed73 (CLF): 実測正答率14%（n=14）は著しく低く、CLFレベルとして難しすぎる可能性が高い。20%を大きく下回るため悪問・難問の疑いを精査すべき水準。 / SNSもEC2 State Change通知のサブスクリプションでLambda・SQSへのファンアウト配信が可能であり、EventBridgeとの実質的な差異（ルールベースの細粒度フィルタリング・API Destinations経由のSlack直接送信）はCLFには踏み込みすぎ。 / 解説でSNSの不採用理由を『柔軟性に劣る』と相対表現に留めており、EventBridgeが正解である根拠（EC2イベントのネイティブ統合・サードパーティ直接送信）が具体的に示されていない。
  ⚠️  dea-7cefe432 (DEA): Short Query Acceleration（SQA）は主に短時間SELECT系クエリをMLで予測し専用スロットへ振り分ける機能であり、COPY・INSERT INTO SELECT等のETL DML操作に同様に適用されるとは言えない。正解の主要機構はAutomatic WLM + Highest優先度であり、SQAをETLの実行開始保証の一手段として解説するのは正確性に欠ける。コア正答は正しいが、SQAの役割説明が誤解を招く。
  ⚠️  clf-aa02a9fd (CLF): 問題文が『費用を支払うことなく』と明示しているため有償のAWS IQ・Professional Servicesを即時除外できる。残るre:Post（Q&Aコミュニティ）とTraining（学習プラットフォーム）の区別も自明で、選択肢[0]の括弧内説明『認定エキスパートが回答する知識ベースも提供する』が問題文の要件をほぼそのまま反映しており、正解に必要な実質的知識量が低い
  ⚠️  clf-0555dce8 (CLF): 選択肢[3]の括弧内に『ソケット数・コア数・ホストIDを把握して管理できる』と明記されており、問題文の『物理サーバーのソケット数やコア数を把握できる環境が必要』を直接反映している。説明文の照合だけで正解が導けるため、Dedicated Host vs Dedicated Instanceの実質的な識別知識がテストされない懸念がある
  ⚠️  clf-748934fe (CLF): 問題文に『機密情報でない』『自動ローテーション不要』『コストを抑えたい』と3条件が明示されており、各条件が選択肢A・C・Dをそれぞれ一対一で否定する。選択肢を読む前に正解が絞れてしまう過剰誘導。本番はもっと曖昧な要件でサービスの比較判断を求める形式にすべき
  ⚠️  clf-09acc9bc (CLF): 問題文の『誰が・いつ・どこから』はCloudTrailの公式キャッチフレーズそのものであり、選択肢を読まずとも正解が確定できる。正解サービス名を問題文が実質的に述べている状態。キーワードを変えるか、複数サービスを組み合わせた調査シナリオに再構成することを推奨

生データ: /home/yuzuki/aws-quiz-app/prompts/night-prompts/logs/audit_20260708_041009.json
※ レート制限により一部チャンクが未監査です

==========================================
改善モード: 生成・検証プロンプトの継続改良
==========================================
改善対象: 監査7件 / 通報確定不具合(直近7日)11件。改良案を生成中...
⚠️  改良案のJSON抽出に失敗。プロンプトは変更しませんでした。
監査終了: Wed Jul  8 04:15:36 JST 2026
