==========================================
問題監査 開始: Sun Jul 19 01:50:05 JST 2026
サンプル数: 30問 / チャンク: 5問 / 抽出: 直近優先
（-i: ng問題のDB修正とプロンプト改良を行います）
==========================================
監査対象: 30問
チャンク数: 6

--- チャンク 1/6: 5問  開始=01:51:34 ---
⚠️  レート制限を検出。残りチャンクをスキップ
==========================================
監査レポート
==========================================
監査結果が0件でした（全チャンクが失敗/スキップ）

生データ: /home/yuzuki/aws-quiz-app/prompts/night-prompts/logs/audit_20260719_015005.json
※ レート制限により一部チャンクが未監査です

==========================================
改善モード: 生成・検証プロンプトの継続改良
==========================================
⚠️  レート制限中のためプロンプト改良をスキップしました（次回実行時に処理）
監査終了: Sun Jul 19 01:51:37 JST 2026
