==========================================
問題監査 開始: Thu Jul  2 02:10:07 JST 2026
サンプル数: 30問 / チャンク: 5問 / 抽出: 直近優先
（読み取り専用 — DBは変更しません）
==========================================
監査対象: 30問
チャンク数: 6

--- チャンク 1/6: 5問  開始=02:10:43 ---
  ✅ sap-b89a4e75 (SAP)
  ✅ sap-b40b6f25 (SAP)
  ⚠️  sap-d40e1ed8 (SAP)  正解肢の「S3イベントでジョブを投入」は厳密には不正確。S3イベントから直接AWS Batchのジョブは投入できず、実際はLambda/EventBridgeを介在させる必要がある。正誤判定には影響しないが、正解肢の記述としては技術的に曖昧。
  ✅ sap-f04c7e4d (SAP)
  ✅ sap-d9a02639 (SAP)
  終了=02:11:12

--- チャンク 2/6: 5問  開始=02:11:12 ---
  ⚠️  sap-1da40fd4 (SAP) [易しすぎ]  S3/DynamoDBのゲートウェイエンドポイントでNATコストを削るのは頻出かつ半ばAssociate級の定番論点で、SAPとしてはやや易しい / 不正解選択肢の質が弱い（選択肢2のDAX/Transfer Acceleration、選択肢3の同一VPC内AZ間ピアリングは明らかに誤りで消去が容易）。ひっかけの練り込みが不足 / 後述の問題4と論点がほぼ重複（NATコスト削減×ゲートウェイエンドポイント）しており、同一模試内では冗長
  ✅ sap-8ca16660 (SAP)
  ✅ sap-98adeecc (SAP)
  ✅ sap-3a9cd8c2 (SAP)
  ✅ sap-b6a10bc2 (SAP)
  終了=02:11:55

--- チャンク 3/6: 5問  開始=02:11:55 ---
  ⚠️  sap-eb201dd4 (SAP)  問題2(sap-0fa653fa)と正解(DRS＋リードレプリカ)・要件(RTO30分/RPO5分・常時同規模稼働不可・コスト最小)がほぼ同一で、出題プールとして重複感が強い / 制約『本番同規模の常時稼働は認めない』が選択肢2を一読で除外させ、消去法で正解が絞りやすい（ひっかけ度がやや低い）
  ⚠️  sap-0fa653fa (SAP)  問題1(sap-eb201dd4)とDRSを正解とするDRシナリオが実質重複（オンプレ発 vs AWS内という差はあるが問われる知識は同一） / 選択肢D(ウォームスタンバイ)以外はRTO/RPOで即除外でき、実質2択に絞られやすい
  ✅ sap-6937c4ad (SAP)
  ⚠️  sap-f7ad233a (SAP)  要件に『顧客単位の処理順序の維持』が含まれるが、正解の冪等性キー方式は順序保証を本質的に提供せず解説も『属性で担保』と曖昧に流している。順序をネイティブに保証するのは選択肢0(SQS FIFO)の側で、両要件を単独で満たす選択肢が存在しない設問になっている / SQS FIFOの重複排除5分制限という核心の知識で正誤が決まる良問だが、上記の順序要件の扱いで論理が甘い
  ✅ sap-b5f6c99b (SAP)
  終了=02:12:45

--- チャンク 4/6: 5問  開始=02:12:45 ---
  ✅ sap-71c2f7ae (SAP)
  ✅ sap-c2026c53 (SAP)
  ✅ sap-f3fde893 (SAP)
  ⚠️  sap-60413049 (SAP)  問題1（sap-71c2f7ae）と『マルチリージョンTGW＋TGWピアリング＋Direct Connect Gateway/Transit VIF』という中核概念がほぼ重複しており、同一セット内で出題すると冗長。本問はRAM共有と集中インスペクションVPCの要素が加わり単体では妥当だが、セット構成上は片方に寄せるのが望ましい。
  ✅ sap-5144f261 (SAP)
  終了=02:13:22

--- チャンク 5/6: 5問  開始=02:13:22 ---
  ✅ ans-ff80f0c4 (ANS)
  ✅ ans-bfa85a02 (ANS)
  ✅ ans-6477b6c6 (ANS)
  ✅ ans-4cee26cc (ANS)
  ✅ ans-8bf7a9ef (ANS)
  終了=02:13:53

--- チャンク 6/6: 5問  開始=02:13:53 ---
  ✅ ans-aa2d50ad (ANS)
  ✅ ans-d57abfc6 (ANS)
  ✅ ans-f762bf67 (ANS)
  ✅ ans-650cd2ec (ANS)
  ✅ ans-807f36dd (ANS)
  終了=02:14:20

==========================================
監査レポート
==========================================
総監査数: 30問
  ✅ ok  : 24問 (80%)
  ⚠️  warn: 6問 (20%)
  ❌ ng  : 0問 (0%)

内容観点:
  現行性 : 正常=30
  難易度 : 適切=29, 易しすぎ=1
  範囲   : 範囲内=30
体裁観点:
  読みやすさ: 良=30
  模試適性  : 不適=0問

資格別 (ok/warn/ng):
  ANS: 10/0/0
  SAP: 14/6/0

要対応の問題 (6件):
  ⚠️  sap-d40e1ed8 (SAP): 正解肢の「S3イベントでジョブを投入」は厳密には不正確。S3イベントから直接AWS Batchのジョブは投入できず、実際はLambda/EventBridgeを介在させる必要がある。正誤判定には影響しないが、正解肢の記述としては技術的に曖昧。
  ⚠️  sap-1da40fd4 (SAP): S3/DynamoDBのゲートウェイエンドポイントでNATコストを削るのは頻出かつ半ばAssociate級の定番論点で、SAPとしてはやや易しい / 不正解選択肢の質が弱い（選択肢2のDAX/Transfer Acceleration、選択肢3の同一VPC内AZ間ピアリングは明らかに誤りで消去が容易）。ひっかけの練り込みが不足 / 後述の問題4と論点がほぼ重複（NATコスト削減×ゲートウェイエンドポイント）しており、同一模試内では冗長
  ⚠️  sap-eb201dd4 (SAP): 問題2(sap-0fa653fa)と正解(DRS＋リードレプリカ)・要件(RTO30分/RPO5分・常時同規模稼働不可・コスト最小)がほぼ同一で、出題プールとして重複感が強い / 制約『本番同規模の常時稼働は認めない』が選択肢2を一読で除外させ、消去法で正解が絞りやすい（ひっかけ度がやや低い）
  ⚠️  sap-0fa653fa (SAP): 問題1(sap-eb201dd4)とDRSを正解とするDRシナリオが実質重複（オンプレ発 vs AWS内という差はあるが問われる知識は同一） / 選択肢D(ウォームスタンバイ)以外はRTO/RPOで即除外でき、実質2択に絞られやすい
  ⚠️  sap-f7ad233a (SAP): 要件に『顧客単位の処理順序の維持』が含まれるが、正解の冪等性キー方式は順序保証を本質的に提供せず解説も『属性で担保』と曖昧に流している。順序をネイティブに保証するのは選択肢0(SQS FIFO)の側で、両要件を単独で満たす選択肢が存在しない設問になっている / SQS FIFOの重複排除5分制限という核心の知識で正誤が決まる良問だが、上記の順序要件の扱いで論理が甘い
  ⚠️  sap-60413049 (SAP): 問題1（sap-71c2f7ae）と『マルチリージョンTGW＋TGWピアリング＋Direct Connect Gateway/Transit VIF』という中核概念がほぼ重複しており、同一セット内で出題すると冗長。本問はRAM共有と集中インスペクションVPCの要素が加わり単体では妥当だが、セット構成上は片方に寄せるのが望ましい。

生データ: /home/yuzuki/aws-quiz-app/prompts/night-prompts/logs/audit_20260702_021007.json

==========================================
改善モード: 生成・検証プロンプトの継続改良
==========================================
改善対象: 監査6件 / 通報確定不具合(直近7日)2件。改良案を生成中...
/home/yuzuki/aws-quiz-app/prompts/night-prompts/scripts/audit-questions.sh: line 607: echo: write error: Broken pipe
改良方針: 監査で最多だった『セット内の論点重複』、確定した『正解肢が実在しないサービス間直接連携を前提にする技術的不正確さ(S3→Batch直接投入)』、および『SAPでAssociate級定番論点が決め手＝易しすぎ』の3クラスに絞って、生成(共通/資格別)と検証観点を追記的に強化した。既にルール化済みのDOP確定2件(キーワード偏り・自己否定選択肢)は重複追加していない。
適用 3件 / 見送り 0件
  ✅ _common-rules.txt — 『正解肢が実在しないサービス間直接連携を前提にする不正確さ(S3イベント→AWS Batch直接投入)』の再発防止を推敲・現行性節に、『中核論点/正解サービスの
  ✅ _validity-extra.txt — 検証がすり抜けた『正解肢の実在しない直接連携(S3→Batch)』を弾く観点と、SAP等プロ資格でAssociate級論点が決め手＝易しすぎを弾く観点を追加。監
  ✅ SAP.txt — SAPでtoo_easy/warnが集中したAssociate級論点(ゲートウェイエンドポイントでのNAT削減等)を単独の決め手にしないよう、資格別の『避けるこ
改良レポート: /home/yuzuki/aws-quiz-app/prompts/night-prompts/logs/audit_20260702_021007_improvement.md
バックアップ: /home/yuzuki/aws-quiz-app/prompts/night-prompts/logs/audit_20260702_021007_promptbackup
※ 次回以降の生成(01)・検証(02)からこの改良が反映されます。
監査終了: Thu Jul  2 02:16:43 JST 2026
