==========================================
日めくりサービス体裁チェック開始: Thu Jul  9 05:00:05 JST 2026
バッチサイズ: 5件 / チャンクサイズ: 5件
==========================================

--- 提供状態ライフサイクル照合中（猶予 30日）---
  → ライフサイクル: 新規警告=0 削除=0 復活解除=0

--- 重複記事チェック（docUrl照合・自動削除）---
  → 重複なし
チェック対象: 5件
チャンク数: 1

--- チャンク 1/1: 5件  開始=05:01:09 ---
  [DELETE] _schedule_: name・shortName・category・description・trivia・icon・docUrlがすべて空。実在するAWSサービスのエントリではなくシステムプレースホルダーと判断。
  [OK   ] svc-secrets-manager-40
  [OK   ] svc-service-catalog-136
  [OK   ] svc-application-discovery-137
  [OK   ] svc-data-firehose-133
  → 更新完了: OK=4 修正=0 削除=1
  終了=05:03:59  経過=170秒

完了サマリー: 問題なし=4件 / 自動修正=0件 / 削除=1件

==========================================
チェック終了: Thu Jul  9 05:03:59 JST 2026
==========================================
