==========================================
日めくりサービス体裁チェック開始: Sun Jul 12 01:40:07 JST 2026
バッチサイズ: 5件 / チャンクサイズ: 5件
==========================================

--- 提供状態ライフサイクル照合中（猶予 30日）---
  [警告] AWS Application Discovery Service: 新規受付が終了しています → 警告付与（2026-08-11削除予定）
  → ライフサイクル: 新規警告=1 削除=0 復活解除=0

--- 重複記事チェック（docUrl照合・自動削除）---
  → 重複なし
チェック対象: 5件
チャンク数: 1

--- チャンク 1/1: 5件  開始=01:41:30 ---
  [DELETE] _schedule_: name/shortName/category/description/triviaがすべて空。実在サービスのエントリではなくスケジュールプレースホルダ。
  [OK   ] svc-shield-46
  [OK   ] svc-direct-connect-42
  [OK   ] svc-athena-36
  [OK   ] svc-codeartifact-79
  → 更新完了: OK=4 修正=0 削除=1
  終了=01:44:14  経過=164秒

完了サマリー: 問題なし=4件 / 自動修正=0件 / 削除=1件

==========================================
チェック終了: Sun Jul 12 01:44:14 JST 2026
==========================================
