==========================================
日めくりサービス体裁チェック開始: Sat Jul 11 05:40:06 JST 2026
バッチサイズ: 5件 / チャンクサイズ: 5件
==========================================

--- 提供状態ライフサイクル照合中（猶予 30日）---
  → ライフサイクル: 新規警告=0 削除=0 復活解除=0

--- 重複記事チェック（docUrl照合・自動削除）---
  → 重複なし
チェック対象: 5件
チャンク数: 1

--- チャンク 1/1: 5件  開始=05:41:08 ---
  [DELETE] _schedule_: name/shortName/category/description/triviaがすべて空。実サービスのエントリではなくスケジューラ用プレースホルダーであり、コンテンツとして不成立。
  [OK   ] svc-aws-fis-140
  [OK   ] svc-managed-grafana-139
  [OK   ] svc-workmail-138
  [OK   ] 37a9abeb-8fd3-4549-b88d-485144978ef8
  → 更新完了: OK=4 修正=0 削除=1
  終了=05:45:14  経過=246秒

完了サマリー: 問題なし=4件 / 自動修正=0件 / 削除=1件

==========================================
チェック終了: Sat Jul 11 05:45:14 JST 2026
==========================================
