==========================================
日めくりサービス体裁チェック開始: Fri Jul 17 04:40:05 JST 2026
バッチサイズ: 5件 / チャンクサイズ: 5件
==========================================

--- 提供状態ライフサイクル照合中（猶予 30日）---
  → ライフサイクル: 新規警告=0 削除=0 復活解除=0

--- 重複記事チェック（docUrl照合・自動削除）---
  → 重複なし
チェック対象: 5件
チャンク数: 1

--- チャンク 1/1: 5件  開始=04:40:52 ---
  [FIX  ] svc-transform-170: docUrlが/jp/形式でない。その他フィールドは文字数・内容ともに問題なし → 変更: docUrl
  [DELETE] _schedule_: name/shortName/category/description/triviaがすべて空欄。サービス実態のないプレースホルダーで致命的不備
  [FIX  ] svc-arc-171: docUrlがdocs.aws.amazon.comのドキュメントURLでaws.amazon.com/jp/形式でない → 変更: docUrl
  [FIX  ] svc-devops-agent-169: docUrlが/jp/形式でない。現行性・フィールド内容は問題なし → 変更: docUrl
  [OK   ] svc-budgets-80
  → 更新完了: OK=1 修正=3 削除=1
  終了=04:43:37  経過=165秒

完了サマリー: 問題なし=1件 / 自動修正=3件 / 削除=1件

==========================================
チェック終了: Fri Jul 17 04:43:37 JST 2026
==========================================
