==========================================
問題自動生成 開始: Tue Jun 30 07:58:11 JST 2026
==========================================
対象資格: CLF SAA SAP DVA SOA DEA DOP AIF MLA AIP ANS SCS
問題数キャッシュを使用...
  CLF: 293問 (キャッシュ)
  SAA: 288問 (キャッシュ)
  SAP: 290問 (キャッシュ)
  DVA: 286問 (キャッシュ)
  SOA: 290問 (キャッシュ)
  DEA: 278問 (キャッシュ)
  DOP: 352問 (キャッシュ)
  AIF: 286問 (キャッシュ)
  MLA: 294問 (キャッシュ)
  AIP: 289問 (キャッシュ)
  ANS: 283問 (キャッシュ)
  SCS: 291問 (キャッシュ)
選択: DEA (現在278問 — 最少)
試験ガイドURL: https://aws.amazon.com/jp/certification/certified-data-engineer-associate/
ドメイン数: 4  /  基本 5問/ドメイン（重み付きで配分）  /  合計予算 20問
開始ドメイン: [1] データストアの管理

--- Cognito 認証中 ---
✓ 認証完了

--- ドメイン別問題数を取得・割り当て計算中 ---
  データの取り込みと変換: 69問
  データのセキュリティとガバナンス: 69問
  データオペレーションとサポート: 70問
  データストアの管理: 70問

ドメイン別生成数（逆数重み付き割り当て）:
  6問 → データの取り込みと変換 (現在69問)
  6問 → データのセキュリティとガバナンス (現在69問)
  4問 → データストアの管理 (現在70問)
  4問 → データオペレーションとサポート (現在70問)
  合計: 20問
処理順（問題数少ない順）: データのセキュリティとガバナンス,データの取り込みと変換,データオペレーションとサポート,データストアの管理

--- [データのセキュリティとガバナンス] 6問 生成中 --- 開始=07:58:47
  抽出: 6問 → APIインポート中...
  ✓ チャンク1 インポート成功: 6件: dea-f0b20c64, dea-6a7a4a50, dea-383661fa...
  [データのセキュリティとガバナンス] 合計 6/6問 インポート
  終了=08:00:53  経過=126秒

--- [データの取り込みと変換] 6問 生成中 --- 開始=08:00:53
  抽出: 6問 → APIインポート中...
  ✓ チャンク1 インポート成功: 6件: dea-78cdc02b, dea-f2bef952, dea-fed6f684...
  [データの取り込みと変換] 合計 6/6問 インポート
  終了=08:03:09  経過=137秒

--- [データオペレーションとサポート] 4問 生成中 --- 開始=08:03:10
  抽出: 4問 → APIインポート中...
  ✓ チャンク1 インポート成功: 4件: dea-d7448189, dea-ddc9f0ec, dea-def44ded...
  [データオペレーションとサポート] 合計 4/4問 インポート
  終了=08:04:36  経過=86秒

--- [データストアの管理] 4問 生成中 --- 開始=08:04:36
  抽出: 4問 → APIインポート中...
  ✓ チャンク1 インポート成功: 4件: dea-91c1cd6e, dea-6eef6291, dea-28089c34...
  [データストアの管理] 合計 4/4問 インポート
  終了=08:06:35  経過=119秒

合計インポート: 20問 / 20問

--- 問題数キャッシュを再構築中（DynamoDBから正確な値を取得）---
  CLF: 293問
  SAA: 288問
  SAP: 290問
  DVA: 286問
  SOA: 290問
  DEA: 298問
  DOP: 352問
  AIF: 286問
  MLA: 294問
  AIP: 289問
  ANS: 283問
  SCS: 291問
キャッシュ更新完了
インポート完了: DEA +20問
✓ Cloudflare Pages 再ビルドを 10:09 にスケジュールしました

==========================================
完了: Tue Jun 30 08:09:51 JST 2026
==========================================
