==========================================
問題自動生成 開始: Mon Jun 29 22:50:27 JST 2026
==========================================
対象資格: CLF SAA SAP DVA SOA DEA DOP AIF MLA AIP ANS SCS
問題数キャッシュを使用...
  CLF: 293問 (キャッシュ)
  SAA: 288問 (キャッシュ)
  SAP: 290問 (キャッシュ)
  DVA: 286問 (キャッシュ)
  SOA: 290問 (キャッシュ)
  DEA: 278問 (キャッシュ)
  DOP: 352問 (キャッシュ)
  AIF: 286問 (キャッシュ)
  MLA: 274問 (キャッシュ)
  AIP: 289問 (キャッシュ)
  ANS: 283問 (キャッシュ)
  SCS: 277問 (キャッシュ)
選択: MLA (現在274問 — 最少)
試験ガイドURL: https://aws.amazon.com/jp/certification/certified-machine-learning-engineer-associate/
ドメイン数: 4  /  基本 5問/ドメイン（重み付きで配分）  /  合計予算 20問
開始ドメイン: [3] MLソリューションの監視、メンテナンス、セキュリティ
🎯 難易度強化モード（--hard）有効

--- Cognito 認証中 ---
✓ 認証完了

--- ドメイン別問題数を取得・割り当て計算中 ---
  MLソリューションの監視、メンテナンス、セキュリティ: 67問
  MLモデルの開発: 69問
  MLワークフローのデプロイとオーケストレーション: 69問
  機械学習のためのデータ準備: 69問

ドメイン別生成数（逆数重み付き割り当て）:
  7問 → MLソリューションの監視、メンテナンス、セキュリティ (現在67問)
  5問 → 機械学習のためのデータ準備 (現在69問)
  4問 → MLモデルの開発 (現在69問)
  4問 → MLワークフローのデプロイとオーケストレーション (現在69問)
  合計: 20問
処理順（問題数少ない順）: MLソリューションの監視、メンテナンス、セキュリティ,機械学習のためのデータ準備,MLモデルの開発,MLワークフローのデプロイとオーケストレーション

--- [MLソリューションの監視、メンテナンス、セキュリティ] 7問 生成中 --- 開始=22:51:00
⚠️  レート制限を検出。残りをスキップ
出力: You've hit your session limit · resets 11:10pm (Asia/Tokyo)
  終了=22:51:02  経過=2秒

合計インポート: 0問 / 20問

--- 問題数キャッシュを再構築中（DynamoDBから正確な値を取得）---
  CLF: 293問
  SAA: 288問
  SAP: 290問
  DVA: 286問
  SOA: 290問
  DEA: 278問
  DOP: 352問
  AIF: 286問
  MLA: 274問
  AIP: 289問
  ANS: 283問
  SCS: 277問
キャッシュ更新完了
