==========================================
問題自動生成 開始: Sun Jun 28 11:50:27 JST 2026
==========================================
対象資格: CLF SAA SAP DVA SOA DEA DOP AIF MLA AIP ANS SCS
問題数キャッシュを使用...
  CLF: 273問 (キャッシュ)
  SAA: 268問 (キャッシュ)
  SAP: 270問 (キャッシュ)
  DVA: 268問 (キャッシュ)
  SOA: 273問 (キャッシュ)
  DEA: 278問 (キャッシュ)
  DOP: 352問 (キャッシュ)
  AIF: 286問 (キャッシュ)
  MLA: 274問 (キャッシュ)
  AIP: 289問 (キャッシュ)
  ANS: 269問 (キャッシュ)
  SCS: 264問 (キャッシュ)
選択: SCS (現在264問 — 最少)
試験ガイドURL: https://aws.amazon.com/jp/certification/certified-security-specialty/
ドメイン数: 6  /  基本 5問/ドメイン（重み付きで配分）  /  合計予算 30問
開始ドメイン: [3] アイデンティティとアクセス管理
🎯 難易度強化モード（--hard）有効

--- Cognito 認証中 ---
✓ 認証完了

--- ドメイン別問題数を取得・割り当て計算中 ---
  セキュリティの基盤とガバナンス: 42問
  インフラストラクチャのセキュリティ: 42問
  アイデンティティとアクセス管理: 42問
  インシデント対応: 44問
  データ保護: 47問
  検出: 47問

ドメイン別生成数（逆数重み付き割り当て）:
  7問 → インフラストラクチャのセキュリティ (現在42問)
  7問 → アイデンティティとアクセス管理 (現在42問)
  7問 → セキュリティの基盤とガバナンス (現在42問)
  5問 → インシデント対応 (現在44問)
  2問 → 検出 (現在47問)
  2問 → データ保護 (現在47問)
  合計: 30問
処理順（問題数少ない順）: アイデンティティとアクセス管理,インフラストラクチャのセキュリティ,セキュリティの基盤とガバナンス,インシデント対応,データ保護,検出

--- [アイデンティティとアクセス管理] 7問 生成中 (3問×2チャンク) --- 開始=11:51:00
  チャンク 1/2: 4問 生成中...
  抽出: 4問 → APIインポート中...
  ✓ チャンク1 インポート成功: 4件: scs-9025fe42, scs-e0960d2d, scs-ad7ac30a...
  チャンク 2/2: 3問 生成中...
  抽出: 3問 → APIインポート中...
  ✓ チャンク2 インポート成功: 3件: scs-06d47e5a, scs-7df1d192, scs-711a5225
  [アイデンティティとアクセス管理] 合計 7/7問 インポート
  終了=11:55:16  経過=256秒

--- [インフラストラクチャのセキュリティ] 7問 生成中 (3問×2チャンク) --- 開始=11:55:16
  チャンク 1/2: 4問 生成中...
⚠️  レート制限を検出。残りをスキップ
出力: You've hit your session limit · resets 12:10pm (Asia/Tokyo)
  終了=11:55:18  経過=2秒

合計インポート: 7問 / 30問

--- 問題数キャッシュを再構築中（DynamoDBから正確な値を取得）---
  CLF: 273問
  SAA: 268問
  SAP: 270問
  DVA: 268問
  SOA: 273問
  DEA: 278問
  DOP: 352問
  AIF: 286問
  MLA: 274問
  AIP: 289問
  ANS: 269問
  SCS: 271問
キャッシュ更新完了
