==========================================
問題自動生成 開始: Mon Jul 20 15:30:09 JST 2026
==========================================
対象資格: CLF SAA SAP DVA SOA DEA DOP AIF MLA AIP ANS SCS
問題数キャッシュを使用...
  CLF: 337問 (キャッシュ)
  SAA: 308問 (キャッシュ)
  SAP: 308問 (キャッシュ)
  DVA: 312問 (キャッシュ)
  SOA: 306問 (キャッシュ)
  DEA: 306問 (キャッシュ)
  DOP: 372問 (キャッシュ)
  AIF: 336問 (キャッシュ)
  MLA: 311問 (キャッシュ)
  AIP: 314問 (キャッシュ)
  ANS: 309問 (キャッシュ)
  SCS: 309問 (キャッシュ)
選択: SOA (現在306問 — 最少)
試験ガイドURL: https://aws.amazon.com/jp/certification/certified-sysops-admin-associate/
ドメイン数: 5  /  基本 5問/ドメイン（重み付きで配分）  /  合計予算 25問
開始ドメイン: [4] ネットワークとコンテンツ配信

--- Cognito 認証中 ---
✓ 認証完了

--- ドメイン別問題数を取得・割り当て計算中 ---
  信頼性とビジネス継続性: 60問
  デプロイ、プロビジョニング、および自動化: 60問
  ネットワークとコンテンツ配信: 60問
  モニタリング、ロギング、分析、修復、およびパフォーマンスの最適化: 63問
  セキュリティとコンプライアンス: 63問

ドメイン別生成数（逆数重み付き割り当て）:
  7問 → 信頼性とビジネス継続性 (現在60問)
  6問 → デプロイ、プロビジョニング、および自動化 (現在60問)
  6問 → ネットワークとコンテンツ配信 (現在60問)
  3問 → モニタリング、ロギング、分析、修復、およびパフォーマンスの最適化 (現在63問)
  3問 → セキュリティとコンプライアンス (現在63問)
  合計: 25問
処理順（問題数少ない順）: 信頼性とビジネス継続性,デプロイ、プロビジョニング、および自動化,ネットワークとコンテンツ配信,セキュリティとコンプライアンス,モニタリング、ロギング、分析、修復、およびパフォーマンスの最適化

--- [信頼性とビジネス継続性] 7問 生成中 (3問×2チャンク) --- 開始=15:30:45
  チャンク 1/2: 4問 生成中...
  ✓ インポート: soa-c6b0896f
  ✓ インポート: soa-5f861339
  ✓ インポート: soa-6997521b
  ✓ インポート: soa-1494beff
  チャンク1: 4問インポート  経過=439秒
  チャンク 2/2: 3問 生成中...
⚠️  レート制限を検出。残りをスキップ
出力: You've hit your session limit · resets 3:40pm (Asia/Tokyo)
  チャンク2: 0問インポート  経過=5秒
  終了=15:38:10  経過=445秒

合計インポート: 0問 / 25問

--- 問題数キャッシュを再構築中（DynamoDBから正確な値を取得）---
  CLF: 337問
  SAA: 308問
  SAP: 308問
  DVA: 312問
  SOA: 310問
  DEA: 306問
  DOP: 372問
  AIF: 336問
  MLA: 311問
  AIP: 314問
  ANS: 309問
  SCS: 309問
キャッシュ更新完了
