==========================================
問題自動生成 開始: Mon Jul 20 20:06:27 JST 2026
==========================================
対象資格: CLF SAA SAP DVA SOA DEA DOP AIF MLA AIP ANS SCS
問題数キャッシュを使用...
  CLF: 337問 (キャッシュ)
  SAA: 308問 (キャッシュ)
  SAP: 308問 (キャッシュ)
  DVA: 312問 (キャッシュ)
  SOA: 310問 (キャッシュ)
  DEA: 306問 (キャッシュ)
  DOP: 372問 (キャッシュ)
  AIF: 336問 (キャッシュ)
  MLA: 311問 (キャッシュ)
  AIP: 314問 (キャッシュ)
  ANS: 309問 (キャッシュ)
  SCS: 309問 (キャッシュ)
選択: DEA (現在306問 — 最少)
試験ガイドURL: https://aws.amazon.com/jp/certification/certified-data-engineer-associate/
ドメイン数: 4  /  基本 5問/ドメイン（重み付きで配分）  /  合計予算 20問
開始ドメイン: [3] データのセキュリティとガバナンス

--- Cognito 認証中 ---
✓ 認証完了

--- ドメイン別問題数を取得・割り当て計算中 ---
  データの取り込みと変換: 75問
  データオペレーションとサポート: 76問
  データのセキュリティとガバナンス: 76問
  データストアの管理: 79問

ドメイン別生成数（逆数重み付き割り当て）:
  7問 → データの取り込みと変換 (現在75問)
  6問 → データオペレーションとサポート (現在76問)
  5問 → データのセキュリティとガバナンス (現在76問)
  2問 → データストアの管理 (現在79問)
  合計: 20問
処理順（問題数少ない順）: データの取り込みと変換,データオペレーションとサポート,データのセキュリティとガバナンス,データストアの管理

--- [データの取り込みと変換] 7問 生成中 --- 開始=20:07:01
  チャンク1: 0問インポート  経過=5秒
  [データの取り込みと変換] 合計 0/7問 インポート
  終了=20:07:06  経過=5秒

--- [データオペレーションとサポート] 6問 生成中 --- 開始=20:07:06
  チャンク1: 0問インポート  経過=4秒
  [データオペレーションとサポート] 合計 0/6問 インポート
  終了=20:07:10  経過=4秒

--- [データのセキュリティとガバナンス] 5問 生成中 --- 開始=20:07:10
  チャンク1: 0問インポート  経過=5秒
  [データのセキュリティとガバナンス] 合計 0/5問 インポート
  終了=20:07:15  経過=5秒

--- [データストアの管理] 2問 生成中 --- 開始=20:07:15
  チャンク1: 0問インポート  経過=4秒
  [データストアの管理] 合計 0/2問 インポート
  終了=20:07:19  経過=4秒

合計インポート: 0問 / 20問

--- 問題数キャッシュを再構築中（DynamoDBから正確な値を取得）---
  CLF: 337問
  SAA: 308問
  SAP: 308問
  DVA: 312問
  SOA: 310問
  DEA: 306問
  DOP: 372問
  AIF: 336問
  MLA: 311問
  AIP: 314問
  ANS: 309問
  SCS: 309問
キャッシュ更新完了

==========================================
完了: Mon Jul 20 20:10:29 JST 2026
==========================================
