==========================================
問題自動生成 開始: Sat Jun 27 05:50:27 JST 2026
==========================================
対象資格: CLF SAA SAP DVA SOA DEA DOP AIF MLA AIP ANS SCS
問題数キャッシュを使用...
  CLF: 273問 (キャッシュ)
  SAA: 263問 (キャッシュ)
  SAP: 264問 (キャッシュ)
  DVA: 268問 (キャッシュ)
  SOA: 273問 (キャッシュ)
  DEA: 278問 (キャッシュ)
  DOP: 352問 (キャッシュ)
  AIF: 286問 (キャッシュ)
  MLA: 274問 (キャッシュ)
  AIP: 264問 (キャッシュ)
  ANS: 269問 (キャッシュ)
  SCS: 264問 (キャッシュ)
選択: SAA (現在263問 — 最少)
試験ガイドURL: https://aws.amazon.com/jp/certification/certified-solutions-architect-associate/
ドメイン数: 4  /  基本 5問/ドメイン（重み付きで配分）  /  合計予算 20問
開始ドメイン: [3] コスト最適化されたアーキテクチャの設計
🎯 難易度強化モード（--hard）有効

--- Cognito 認証中 ---
✓ 認証完了

--- ドメイン別問題数を取得・割り当て計算中 ---
  コスト最適化されたアーキテクチャの設計: 63問
  高性能なアーキテクチャの設計: 66問
  セキュアなアーキテクチャの設計: 67問
  弾力性に優れたアーキテクチャの設計: 67問

ドメイン別生成数（逆数重み付き割り当て）:
  8問 → コスト最適化されたアーキテクチャの設計 (現在63問)
  5問 → 高性能なアーキテクチャの設計 (現在66問)
  4問 → セキュアなアーキテクチャの設計 (現在67問)
  3問 → 弾力性に優れたアーキテクチャの設計 (現在67問)
  合計: 20問
処理順（問題数少ない順）: コスト最適化されたアーキテクチャの設計,高性能なアーキテクチャの設計,セキュアなアーキテクチャの設計,弾力性に優れたアーキテクチャの設計

--- [コスト最適化されたアーキテクチャの設計] 8問 生成中 (5問×2チャンク) --- 開始=05:51:00
  チャンク 1/2: 5問 生成中...
  抽出: 5問 → APIインポート中...
  ✓ チャンク1 インポート成功: 5件: saa-f936c0d5, saa-f81fc33a, saa-c0c192a7...
  チャンク 2/2: 3問 生成中...
⚠️  レート制限を検出。残りをスキップ
出力: You've hit your session limit · resets 6:10am (Asia/Tokyo)
  終了=05:54:36  経過=216秒

合計インポート: 0問 / 20問

--- 問題数キャッシュを再構築中（DynamoDBから正確な値を取得）---
  CLF: 273問
  SAA: 268問
  SAP: 264問
  DVA: 268問
  SOA: 273問
  DEA: 278問
  DOP: 352問
  AIF: 286問
  MLA: 274問
  AIP: 264問
  ANS: 269問
  SCS: 264問
キャッシュ更新完了
