==========================================
問題自動生成 開始: Sun Jul  5 15:20:04 JST 2026
==========================================
対象資格: CLF SAA SAP DVA SOA DEA DOP AIF MLA AIP ANS SCS
問題数キャッシュを使用...
  CLF: 298問 (キャッシュ)
  SAA: 308問 (キャッシュ)
  SAP: 309問 (キャッシュ)
  DVA: 306問 (キャッシュ)
  SOA: 306問 (キャッシュ)
  DEA: 298問 (キャッシュ)
  DOP: 373問 (キャッシュ)
  AIF: 311問 (キャッシュ)
  MLA: 294問 (キャッシュ)
  AIP: 298問 (キャッシュ)
  ANS: 309問 (キャッシュ)
  SCS: 295問 (キャッシュ)
選択: MLA (現在294問 — 最少)
試験ガイドURL: https://aws.amazon.com/jp/certification/certified-machine-learning-engineer-associate/
ドメイン数: 4  /  基本 5問/ドメイン（重み付きで配分）  /  合計予算 20問
開始ドメイン: [3] MLソリューションの監視、メンテナンス、セキュリティ
🎯 難易度強化モード（--hard）有効

--- Cognito 認証中 ---
✓ 認証完了

--- ドメイン別問題数を取得・割り当て計算中 ---
  MLワークフローのデプロイとオーケストレーション: 73問
  MLソリューションの監視、メンテナンス、セキュリティ: 73問
  MLモデルの開発: 74問
  機械学習のためのデータ準備: 74問

ドメイン別生成数（逆数重み付き割り当て）:
  6問 → MLワークフローのデプロイとオーケストレーション (現在73問)
  6問 → MLソリューションの監視、メンテナンス、セキュリティ (現在73問)
  4問 → 機械学習のためのデータ準備 (現在74問)
  4問 → MLモデルの開発 (現在74問)
  合計: 20問
処理順（問題数少ない順）: MLソリューションの監視、メンテナンス、セキュリティ,MLワークフローのデプロイとオーケストレーション,MLモデルの開発,機械学習のためのデータ準備

--- [MLソリューションの監視、メンテナンス、セキュリティ] 6問 生成中 (2問×3チャンク) --- 開始=15:20:47
  チャンク 1/3: 2問 生成中...
  抽出: 2問 → APIインポート中...
  ✓ チャンク1 インポート成功: 2件: mla-6e08953b, mla-826026f3
  チャンク 2/3: 2問 生成中...
  抽出: 2問 → APIインポート中...
  ✓ チャンク2 インポート成功: 2件: mla-f70d68d7, mla-27ec246c
  チャンク 3/3: 2問 生成中...
⚠️  レート制限を検出。残りをスキップ
出力: You've hit your session limit · resets 3:40pm (Asia/Tokyo)
  終了=15:38:57  経過=1090秒

合計インポート: 0問 / 20問

--- 問題数キャッシュを再構築中（DynamoDBから正確な値を取得）---
  CLF: 298問
  SAA: 308問
  SAP: 309問
