==========================================
問題自動生成 開始: Sun Jul 19 15:31:52 JST 2026
==========================================
対象資格: CLF SAA SAP DVA SOA DEA DOP AIF MLA AIP ANS SCS
問題数キャッシュを使用...
  CLF: 338問 (キャッシュ)
  SAA: 308問 (キャッシュ)
  SAP: 308問 (キャッシュ)
  DVA: 306問 (キャッシュ)
  SOA: 306問 (キャッシュ)
  DEA: 306問 (キャッシュ)
  DOP: 373問 (キャッシュ)
  AIF: 337問 (キャッシュ)
  MLA: 304問 (キャッシュ)
  AIP: 314問 (キャッシュ)
  ANS: 309問 (キャッシュ)
  SCS: 309問 (キャッシュ)
選択: MLA (現在304問 — 最少)
試験ガイドURL: https://aws.amazon.com/jp/certification/certified-machine-learning-engineer-associate/
ドメイン数: 4  /  基本 5問/ドメイン（重み付きで配分）  /  合計予算 20問
開始ドメイン: [1] MLモデルの開発

--- Cognito 認証中 ---
✓ 認証完了

--- ドメイン別問題数を取得・割り当て計算中 ---
  MLワークフローのデプロイとオーケストレーション: 74問
  機械学習のためのデータ準備: 74問
  MLソリューションの監視、メンテナンス、セキュリティ: 76問
  MLモデルの開発: 80問

ドメイン別生成数（逆数重み付き割り当て）:
  7問 → 機械学習のためのデータ準備 (現在74問)
  7問 → MLワークフローのデプロイとオーケストレーション (現在74問)
  5問 → MLソリューションの監視、メンテナンス、セキュリティ (現在76問)
  1問 → MLモデルの開発 (現在80問)
  合計: 20問
処理順（問題数少ない順）: MLワークフローのデプロイとオーケストレーション,機械学習のためのデータ準備,MLソリューションの監視、メンテナンス、セキュリティ,MLモデルの開発

--- [MLワークフローのデプロイとオーケストレーション] 7問 生成中 --- 開始=15:32:27
  ✓ インポート: mla-0a1ae6eb
  ✓ インポート: mla-22601e05
  ✓ インポート: mla-9b4c8f07
  ✓ インポート: mla-2da7b510
  ✓ インポート: mla-be055c6a
  ✓ インポート: mla-4387eebf
  ✓ インポート: mla-01fbae30
  チャンク1: 7問インポート  経過=753秒
  [MLワークフローのデプロイとオーケストレーション] 合計 7/7問 インポート
  終了=15:45:01  経過=754秒

--- [機械学習のためのデータ準備] 7問 生成中 --- 開始=15:45:01
⚠️  レート制限を検出。残りをスキップ
出力: You've hit your session limit · resets 3:50pm (Asia/Tokyo)
  チャンク1: 0問インポート  経過=3秒
  終了=15:45:04  経過=3秒

合計インポート: 7問 / 20問

--- 問題数キャッシュを再構築中（DynamoDBから正確な値を取得）---
  CLF: 337問
  SAA: 308問
  SAP: 308問
  DVA: 306問
  SOA: 306問
  DEA: 306問
  DOP: 372問
  AIF: 336問
  MLA: 311問
  AIP: 314問
  ANS: 309問
  SCS: 309問
キャッシュ更新完了
