==========================================
問題自動生成 開始: Tue Jun 30 03:50:27 JST 2026
==========================================
対象資格: CLF SAA SAP DVA SOA DEA DOP AIF MLA AIP ANS SCS
問題数キャッシュを使用...
  CLF: 293問 (キャッシュ)
  SAA: 288問 (キャッシュ)
  SAP: 290問 (キャッシュ)
  DVA: 286問 (キャッシュ)
  SOA: 290問 (キャッシュ)
  DEA: 278問 (キャッシュ)
  DOP: 352問 (キャッシュ)
  AIF: 286問 (キャッシュ)
  MLA: 294問 (キャッシュ)
  AIP: 289問 (キャッシュ)
  ANS: 283問 (キャッシュ)
  SCS: 277問 (キャッシュ)
選択: SCS (現在277問 — 最少)
試験ガイドURL: https://aws.amazon.com/jp/certification/certified-security-specialty/
ドメイン数: 6  /  基本 5問/ドメイン（重み付きで配分）  /  合計予算 30問
開始ドメイン: [5] セキュリティの基盤とガバナンス
🎯 難易度強化モード（--hard）有効

--- Cognito 認証中 ---
✓ 認証完了

--- ドメイン別問題数を取得・割り当て計算中 ---
  セキュリティの基盤とガバナンス: 42問
  インシデント対応: 44問
  データ保護: 47問
  検出: 47問
  インフラストラクチャのセキュリティ: 48問
  アイデンティティとアクセス管理: 49問

ドメイン別生成数（逆数重み付き割り当て）:
  10問 → セキュリティの基盤とガバナンス (現在42問)
  7問 → インシデント対応 (現在44問)
  4問 → 検出 (現在47問)
  4問 → データ保護 (現在47問)
  3問 → インフラストラクチャのセキュリティ (現在48問)
  2問 → アイデンティティとアクセス管理 (現在49問)
  合計: 30問
処理順（問題数少ない順）: セキュリティの基盤とガバナンス,インシデント対応,データ保護,検出,インフラストラクチャのセキュリティ,アイデンティティとアクセス管理

--- [セキュリティの基盤とガバナンス] 10問 生成中 (3問×3チャンク) --- 開始=03:51:01
  チャンク 1/3: 4問 生成中...
  抽出: 4問 → APIインポート中...
  ✓ チャンク1 インポート成功: 4件: scs-d0056c7e, scs-30551041, scs-9a9f81d6...
  チャンク 2/3: 3問 生成中...
  抽出: 3問 → APIインポート中...
  ✓ チャンク2 インポート成功: 3件: scs-9eef685c, scs-51c116ee, scs-5e7df98b
  チャンク 3/3: 3問 生成中...
  抽出: 3問 → APIインポート中...
  ✓ チャンク3 インポート成功: 3件: scs-a8a31cc5, scs-bd9069da, scs-b2a42c98
  [セキュリティの基盤とガバナンス] 合計 10/10問 インポート
  終了=03:56:40  経過=339秒

--- [インシデント対応] 7問 生成中 (3問×2チャンク) --- 開始=03:56:40
  チャンク 1/2: 4問 生成中...
  抽出: 4問 → APIインポート中...
  ✓ チャンク1 インポート成功: 4件: scs-8cd86f89, scs-a1e1f9d3, scs-bda9144e...
  チャンク 2/2: 3問 生成中...
⚠️  レート制限を検出。残りをスキップ
出力: You've hit your session limit · resets 4:10am (Asia/Tokyo)
  終了=03:58:18  経過=98秒

合計インポート: 10問 / 30問

--- 問題数キャッシュを再構築中（DynamoDBから正確な値を取得）---
  CLF: 293問
  SAA: 288問
  SAP: 290問
  DVA: 286問
  SOA: 290問
  DEA: 278問
  DOP: 352問
  AIF: 286問
  MLA: 294問
  AIP: 289問
  ANS: 283問
  SCS: 291問
キャッシュ更新完了
