==========================================
問題自動生成 開始: Tue Jun 30 18:42:00 JST 2026
==========================================
対象資格: CLF SAA SAP DVA SOA DEA DOP AIF MLA AIP ANS SCS
問題数キャッシュを使用...
  CLF: 293問 (キャッシュ)
  SAA: 288問 (キャッシュ)
  SAP: 290問 (キャッシュ)
  DVA: 306問 (キャッシュ)
  SOA: 290問 (キャッシュ)
  DEA: 298問 (キャッシュ)
  DOP: 352問 (キャッシュ)
  AIF: 286問 (キャッシュ)
  MLA: 294問 (キャッシュ)
  AIP: 289問 (キャッシュ)
  ANS: 289問 (キャッシュ)
  SCS: 291問 (キャッシュ)
選択: AIF (現在286問 — 最少)
試験ガイドURL: https://aws.amazon.com/jp/certification/certified-ai-practitioner/
ドメイン数: 5  /  基本 5問/ドメイン（重み付きで配分）  /  合計予算 25問
開始ドメイン: [4] AIソリューションのセキュリティ、コンプライアンス、ガバナンス

--- Cognito 認証中 ---
✓ 認証完了

--- ドメイン別問題数を取得・割り当て計算中 ---
  AIソリューションのセキュリティ、コンプライアンス、ガバナンス: 57問
  責任あるAIのガイドライン: 57問
  基盤モデルのアプリケーション: 57問
  AIとMLの基礎: 57問
  生成AIの基礎: 58問

ドメイン別生成数（逆数重み付き割り当て）:
  6問 → AIとMLの基礎 (現在57問)
  5問 → 基盤モデルのアプリケーション (現在57問)
  5問 → 責任あるAIのガイドライン (現在57問)
  5問 → AIソリューションのセキュリティ、コンプライアンス、ガバナンス (現在57問)
  4問 → 生成AIの基礎 (現在58問)
  合計: 25問
処理順（問題数少ない順）: AIとMLの基礎,AIソリューションのセキュリティ、コンプライアンス、ガバナンス,基盤モデルのアプリケーション,責任あるAIのガイドライン,生成AIの基礎

--- [AIとMLの基礎] 6問 生成中 --- 開始=18:42:33
  抽出: 6問 → APIインポート中...
  ✓ チャンク1 インポート成功: 6件: aif-40131ed9, aif-ed1c65c6, aif-c509d00c...
  [AIとMLの基礎] 合計 6/6問 インポート
  終了=18:45:39  経過=186秒

--- [AIソリューションのセキュリティ、コンプライアンス、ガバナンス] 5問 生成中 --- 開始=18:45:39
  抽出: 5問 → APIインポート中...
  ✓ チャンク1 インポート成功: 5件: aif-669e4263, aif-b76f5729, aif-c9176fb8...
  [AIソリューションのセキュリティ、コンプライアンス、ガバナンス] 合計 5/5問 インポート
  終了=18:47:24  経過=105秒

--- [基盤モデルのアプリケーション] 5問 生成中 --- 開始=18:47:25
  抽出: 5問 → APIインポート中...
  ✓ チャンク1 インポート成功: 5件: aif-f55fbbc3, aif-d8ea6db4, aif-9a674a62...
  [基盤モデルのアプリケーション] 合計 5/5問 インポート
  終了=18:49:57  経過=152秒

--- [責任あるAIのガイドライン] 5問 生成中 --- 開始=18:49:57
  抽出: 5問 → APIインポート中...
  ✓ チャンク1 インポート成功: 5件: aif-571272b4, aif-a40d7119, aif-a9ca1f52...
  [責任あるAIのガイドライン] 合計 5/5問 インポート
  終了=18:52:07  経過=130秒

--- [生成AIの基礎] 4問 生成中 --- 開始=18:52:07
  抽出: 4問 → APIインポート中...
  ✓ チャンク1 インポート成功: 4件: aif-bad82f7f, aif-023bbb1c, aif-ee45a3ae...
  [生成AIの基礎] 合計 4/4問 インポート
  終了=18:53:40  経過=93秒

合計インポート: 25問 / 25問

--- 問題数キャッシュを再構築中（DynamoDBから正確な値を取得）---
  CLF: 293問
  SAA: 293問
  SAP: 290問
  DVA: 306問
  SOA: 290問
  DEA: 298問
  DOP: 352問
  AIF: 311問
  MLA: 294問
  AIP: 289問
  ANS: 289問
  SCS: 291問
キャッシュ更新完了
インポート完了: AIF +25問
✓ Cloudflare Pages 再ビルドを 20:56 にスケジュールしました

==========================================
完了: Tue Jun 30 18:56:55 JST 2026
==========================================
