==========================================
問題自動生成 開始: Sat Jun 27 00:50:07 JST 2026
==========================================
対象資格: CLF SAA SAP DVA SOA DEA DOP AIF MLA AIP ANS SCS
問題数キャッシュを使用...
  CLF: 273問 (キャッシュ)
  SAA: 263問 (キャッシュ)
  SAP: 264問 (キャッシュ)
  DVA: 268問 (キャッシュ)
  SOA: 261問 (キャッシュ)
  DEA: 278問 (キャッシュ)
  DOP: 352問 (キャッシュ)
  AIF: 261問 (キャッシュ)
  MLA: 274問 (キャッシュ)
  AIP: 264問 (キャッシュ)
  ANS: 269問 (キャッシュ)
  SCS: 264問 (キャッシュ)
選択: SOA (現在261問 — 最少)
試験ガイドURL: https://aws.amazon.com/jp/certification/certified-sysops-admin-associate/
ドメイン数: 5  /  基本 5問/ドメイン（重み付きで配分）  /  合計予算 25問
開始ドメイン: [1] 信頼性とビジネス継続性
🎯 難易度強化モード（--hard）有効

--- Cognito 認証中 ---
✓ 認証完了

--- ドメイン別問題数を取得・割り当て計算中 ---
  信頼性とビジネス継続性: 50問
  ネットワークとコンテンツ配信: 50問
  デプロイ、プロビジョニング、および自動化: 52問
  セキュリティとコンプライアンス: 53問
  モニタリング、ロギング、分析、修復、およびパフォーマンスの最適化: 56問

ドメイン別生成数（逆数重み付き割り当て）:
  8問 → 信頼性とビジネス継続性 (現在50問)
  7問 → ネットワークとコンテンツ配信 (現在50問)
  5問 → デプロイ、プロビジョニング、および自動化 (現在52問)
  4問 → セキュリティとコンプライアンス (現在53問)
  1問 → モニタリング、ロギング、分析、修復、およびパフォーマンスの最適化 (現在56問)
  合計: 25問
処理順（問題数少ない順）: 信頼性とビジネス継続性,ネットワークとコンテンツ配信,デプロイ、プロビジョニング、および自動化,セキュリティとコンプライアンス,モニタリング、ロギング、分析、修復、およびパフォーマンスの最適化

--- [信頼性とビジネス継続性] 8問 生成中 (3問×3チャンク) --- 開始=00:50:40
  チャンク 1/3: 3問 生成中...
  抽出: 3問 → APIインポート中...
  ✓ チャンク1 インポート成功: 3件: soa-2da9a9f4, soa-a044be49, soa-6c63f3b0
  チャンク 2/3: 3問 生成中...
  抽出: 3問 → APIインポート中...
  ✓ チャンク2 インポート成功: 3件: soa-5595435a, soa-152fdab6, soa-50e0c26f
  チャンク 3/3: 2問 生成中...
  抽出: 2問 → APIインポート中...
  ✓ チャンク3 インポート成功: 2件: soa-8c8ae4f4, soa-e3b5fdc5
  [信頼性とビジネス継続性] 合計 8/8問 インポート
  終了=00:56:44  経過=364秒

--- [ネットワークとコンテンツ配信] 7問 生成中 (3問×2チャンク) --- 開始=00:56:44
  チャンク 1/2: 4問 生成中...
  抽出: 4問 → APIインポート中...
  ✓ チャンク1 インポート成功: 4件: soa-68242225, soa-58dc9165, soa-7fd6f2f9...
  チャンク 2/2: 3問 生成中...
⚠️  レート制限を検出。残りをスキップ
出力: You've hit your session limit · resets 1:10am (Asia/Tokyo)
  終了=00:59:09  経過=145秒

合計インポート: 8問 / 25問

--- 問題数キャッシュを再構築中（DynamoDBから正確な値を取得）---
  CLF: 273問
  SAA: 263問
  SAP: 264問
  DVA: 268問
  SOA: 273問
  DEA: 278問
  DOP: 352問
  AIF: 261問
  MLA: 274問
  AIP: 264問
  ANS: 269問
  SCS: 264問
キャッシュ更新完了
