==========================================
問題自動生成 開始: Fri Jul  3 23:41:34 JST 2026
==========================================
対象資格: CLF SAA SAP DVA SOA DEA DOP AIF MLA AIP ANS SCS
指定資格: DOP
試験ガイドURL: https://aws.amazon.com/jp/certification/certified-devops-engineer-professional/
ドメイン数: 6  /  基本 5問/ドメイン（重み付きで配分）  /  合計予算 30問
開始ドメイン: [3] モニタリングとロギング

--- Cognito 認証中 ---
✓ 認証完了

--- ドメイン別問題数を取得・割り当て計算中 ---
  インシデントとイベントへの対応: 49問
  モニタリングとロギング: 56問
  弾力性に優れたクラウドソリューション: 57問
  セキュリティとコンプライアンス: 59問
  構成管理と Infrastructure as Code (IaC): 62問
  SDLC の自動化: 69問

ドメイン別生成数（逆数重み付き割り当て）:
  14問 → インシデントとイベントへの対応 (現在49問)
  7問 → モニタリングとロギング (現在56問)
  6問 → 弾力性に優れたクラウドソリューション (現在57問)
  3問 → セキュリティとコンプライアンス (現在59問)
  0問 → SDLC の自動化 (現在69問)
  0問 → 構成管理と Infrastructure as Code (IaC) (現在62問)
  合計: 30問
処理順（問題数少ない順）: インシデントとイベントへの対応,モニタリングとロギング,弾力性に優れたクラウドソリューション,セキュリティとコンプライアンス,SDLC の自動化,構成管理と Infrastructure as Code (IaC)

--- [インシデントとイベントへの対応] 14問 生成中 (3問×5チャンク) --- 開始=23:42:19
  チャンク 1/5: 3問 生成中...
  抽出: 3問 → APIインポート中...
  ✓ チャンク1 インポート成功: 3件: dop-affa9033, dop-b78af7c4, dop-98d2c412
  チャンク 2/5: 3問 生成中...
  抽出: 3問 → APIインポート中...
  ✓ チャンク2 インポート成功: 3件: dop-e2fd0d98, dop-d5fc0433, dop-c3acc3de
  チャンク 3/5: 3問 生成中...
  抽出: 3問 → APIインポート中...
  ✓ チャンク3 インポート成功: 3件: dop-0b56eb1d, dop-b465a1fe, dop-1dc42154
  チャンク 4/5: 3問 生成中...
  抽出: 3問 → APIインポート中...
  ✓ チャンク4 インポート成功: 3件: dop-bd7c6b28, dop-8110f41c, dop-b64a27ef
  チャンク 5/5: 2問 生成中...
  抽出: 2問 → APIインポート中...
  ✓ チャンク5 インポート成功: 2件: dop-046d9658, dop-f7e0702f
  [インシデントとイベントへの対応] 合計 14/14問 インポート
  終了=23:55:56  経過=817秒

--- [モニタリングとロギング] 7問 生成中 (3問×2チャンク) --- 開始=23:55:56
  チャンク 1/2: 4問 生成中...
  抽出: 4問 → APIインポート中...
  ✓ チャンク1 インポート成功: 4件: dop-16f63ec2, dop-06483161, dop-bf8c9df7...
  チャンク 2/2: 3問 生成中...
  抽出: 3問 → APIインポート中...
  ✓ チャンク2 インポート成功: 3件: dop-34df284e, dop-13c0ce8e, dop-edae87e4
  [モニタリングとロギング] 合計 7/7問 インポート
  終了=00:02:57  経過=421秒

--- [弾力性に優れたクラウドソリューション] 6問 生成中 (3問×2チャンク) --- 開始=00:02:57
  チャンク 1/2: 3問 生成中...
⚠️  レート制限を検出。残りをスキップ
出力: You've hit your session limit · resets 4:40am (Asia/Tokyo)
  終了=00:03:00  経過=3秒

合計インポート: 21問 / 30問

--- 問題数キャッシュを再構築中（DynamoDBから正確な値を取得）---
  CLF: 293問
  SAA: 308問
  SAP: 309問
  DVA: 306問
  SOA: 306問
  DEA: 298問
  DOP: 373問
  AIF: 311問
  MLA: 294問
  AIP: 298問
  ANS: 309問
  SCS: 295問
キャッシュ更新完了
