==========================================
問題自動生成 開始: Mon Jun 29 23:14:02 JST 2026
==========================================
対象資格: CLF SAA SAP DVA SOA DEA DOP AIF MLA AIP ANS SCS
問題数キャッシュを使用...
  CLF: 293問 (キャッシュ)
  SAA: 288問 (キャッシュ)
  SAP: 290問 (キャッシュ)
  DVA: 286問 (キャッシュ)
  SOA: 290問 (キャッシュ)
  DEA: 278問 (キャッシュ)
  DOP: 352問 (キャッシュ)
  AIF: 286問 (キャッシュ)
  MLA: 274問 (キャッシュ)
  AIP: 289問 (キャッシュ)
  ANS: 283問 (キャッシュ)
  SCS: 277問 (キャッシュ)
選択: MLA (現在274問 — 最少)
試験ガイドURL: https://aws.amazon.com/jp/certification/certified-machine-learning-engineer-associate/
ドメイン数: 4  /  基本 5問/ドメイン（重み付きで配分）  /  合計予算 20問
開始ドメイン: [3] MLソリューションの監視、メンテナンス、セキュリティ

--- Cognito 認証中 ---
✓ 認証完了

--- ドメイン別問題数を取得・割り当て計算中 ---
  MLソリューションの監視、メンテナンス、セキュリティ: 67問
  MLモデルの開発: 69問
  MLワークフローのデプロイとオーケストレーション: 69問
  機械学習のためのデータ準備: 69問

ドメイン別生成数（逆数重み付き割り当て）:
  7問 → MLソリューションの監視、メンテナンス、セキュリティ (現在67問)
  5問 → 機械学習のためのデータ準備 (現在69問)
  4問 → MLモデルの開発 (現在69問)
  4問 → MLワークフローのデプロイとオーケストレーション (現在69問)
  合計: 20問
処理順（問題数少ない順）: MLソリューションの監視、メンテナンス、セキュリティ,機械学習のためのデータ準備,MLモデルの開発,MLワークフローのデプロイとオーケストレーション

--- [MLソリューションの監視、メンテナンス、セキュリティ] 7問 生成中 --- 開始=23:14:36
  抽出: 7問 → APIインポート中...
  ✓ チャンク1 インポート成功: 7件: mla-1e3a33aa, mla-971e1e94, mla-f0074a8c...
  [MLソリューションの監視、メンテナンス、セキュリティ] 合計 7/7問 インポート
  終了=23:16:52  経過=136秒

--- [機械学習のためのデータ準備] 5問 生成中 --- 開始=23:16:52
  抽出: 5問 → APIインポート中...
  ✓ チャンク1 インポート成功: 5件: mla-b01bf047, mla-4bf6b3ea, mla-cf244952...
  [機械学習のためのデータ準備] 合計 5/5問 インポート
  終了=23:19:04  経過=132秒

--- [MLモデルの開発] 4問 生成中 --- 開始=23:19:04
  抽出: 4問 → APIインポート中...
  ✓ チャンク1 インポート成功: 4件: mla-fabbc4b7, mla-797a1fae, mla-324a88b6...
  [MLモデルの開発] 合計 4/4問 インポート
  終了=23:20:58  経過=114秒

--- [MLワークフローのデプロイとオーケストレーション] 4問 生成中 --- 開始=23:20:58
  抽出: 4問 → APIインポート中...
  ✓ チャンク1 インポート成功: 4件: mla-653ac9b4, mla-ac95b991, mla-0898e6f4...
  [MLワークフローのデプロイとオーケストレーション] 合計 4/4問 インポート
  終了=23:23:01  経過=123秒

合計インポート: 20問 / 20問

--- 問題数キャッシュを再構築中（DynamoDBから正確な値を取得）---
  CLF: 293問
  SAA: 288問
  SAP: 290問
  DVA: 286問
  SOA: 290問
  DEA: 278問
  DOP: 352問
  AIF: 286問
  MLA: 294問
  AIP: 289問
  ANS: 283問
  SCS: 277問
キャッシュ更新完了
インポート完了: MLA +20問
✓ Cloudflare Pages 再ビルドを 01:26 にスケジュールしました

==========================================
完了: Mon Jun 29 23:26:12 JST 2026
==========================================
