==========================================
問題自動生成 開始: Wed Jul  1 04:52:04 JST 2026
==========================================
対象資格: CLF SAA SAP DVA SOA DEA DOP AIF MLA AIP ANS SCS
問題数キャッシュを使用...
  CLF: 293問 (キャッシュ)
  SAA: 308問 (キャッシュ)
  SAP: 290問 (キャッシュ)
  DVA: 306問 (キャッシュ)
  SOA: 290問 (キャッシュ)
  DEA: 298問 (キャッシュ)
  DOP: 352問 (キャッシュ)
  AIF: 311問 (キャッシュ)
  MLA: 294問 (キャッシュ)
  AIP: 298問 (キャッシュ)
  ANS: 289問 (キャッシュ)
  SCS: 291問 (キャッシュ)
選択: ANS (現在289問 — 最少)
試験ガイドURL: https://aws.amazon.com/jp/certification/certified-advanced-networking-specialty/
ドメイン数: 4  /  基本 5問/ドメイン（重み付きで配分）  /  合計予算 20問
開始ドメイン: [1] ネットワーク実装
🎯 難易度強化モード（--hard）有効

--- Cognito 認証中 ---
✓ 認証完了

--- ドメイン別問題数を取得・割り当て計算中 ---
  ネットワーク管理と運用: 70問
  ネットワークのセキュリティ、コンプライアンス、ガバナンス: 72問
  ネットワーク実装: 73問
  ネットワーク設計: 74問

ドメイン別生成数（逆数重み付き割り当て）:
  8問 → ネットワーク管理と運用 (現在70問)
  5問 → ネットワークのセキュリティ、コンプライアンス、ガバナンス (現在72問)
  4問 → ネットワーク実装 (現在73問)
  3問 → ネットワーク設計 (現在74問)
  合計: 20問
処理順（問題数少ない順）: ネットワーク管理と運用,ネットワークのセキュリティ、コンプライアンス、ガバナンス,ネットワーク実装,ネットワーク設計

--- [ネットワーク管理と運用] 8問 生成中 (3問×3チャンク) --- 開始=04:52:38
  チャンク 1/3: 3問 生成中...
⚠️  レート制限を検出。残りをスキップ
出力: You've hit your session limit · resets 5:10am (Asia/Tokyo)
  終了=04:52:41  経過=3秒

合計インポート: 0問 / 20問

--- 問題数キャッシュを再構築中（DynamoDBから正確な値を取得）---
  CLF: 293問
  SAA: 308問
  SAP: 290問
  DVA: 306問
  SOA: 290問
  DEA: 298問
  DOP: 352問
  AIF: 311問
  MLA: 294問
  AIP: 298問
  ANS: 289問
  SCS: 291問
キャッシュ更新完了
