==========================================
問題自動生成 開始: Sun Jun 28 02:30:06 JST 2026
==========================================
対象資格: CLF SAA SAP DVA SOA DEA DOP AIF MLA AIP ANS SCS
問題数キャッシュを使用...
  CLF: 273問 (キャッシュ)
  SAA: 268問 (キャッシュ)
  SAP: 270問 (キャッシュ)
  DVA: 268問 (キャッシュ)
  SOA: 273問 (キャッシュ)
  DEA: 278問 (キャッシュ)
  DOP: 352問 (キャッシュ)
  AIF: 286問 (キャッシュ)
  MLA: 274問 (キャッシュ)
  AIP: 264問 (キャッシュ)
  ANS: 269問 (キャッシュ)
  SCS: 264問 (キャッシュ)
選択: AIP (現在264問 — 最少)
試験ガイドURL: https://aws.amazon.com/jp/certification/certified-generative-ai-developer-professional/
ドメイン数: 5  /  基本 5問/ドメイン（重み付きで配分）  /  合計予算 25問
開始ドメイン: [4] テスト、検証、トラブルシューティング
🎯 難易度強化モード（--hard）有効

--- Cognito 認証中 ---
✓ 認証完了

--- ドメイン別問題数を取得・割り当て計算中 ---
  テスト、検証、トラブルシューティング: 44問
  AIの安全性、セキュリティ、ガバナンス: 46問
  生成AIアプリケーションの運用効率と最適化: 50問
  基盤モデルの統合、データ管理、コンプライアンス: 53問
  実装と統合: 71問

ドメイン別生成数（逆数重み付き割り当て）:
  11問 → テスト、検証、トラブルシューティング (現在44問)
  9問 → AIの安全性、セキュリティ、ガバナンス (現在46問)
  4問 → 生成AIアプリケーションの運用効率と最適化 (現在50問)
  1問 → 基盤モデルの統合、データ管理、コンプライアンス (現在53問)
  0問 → 実装と統合 (現在71問)
  合計: 25問
処理順（問題数少ない順）: テスト、検証、トラブルシューティング,AIの安全性、セキュリティ、ガバナンス,生成AIアプリケーションの運用効率と最適化,基盤モデルの統合、データ管理、コンプライアンス,実装と統合

--- [テスト、検証、トラブルシューティング] 11問 生成中 (5問×2チャンク) --- 開始=02:30:39
  チャンク 1/2: 6問 生成中...
  抽出: 6問 → APIインポート中...
  ✓ チャンク1 インポート成功: 6件: aip-c11f653e, aip-353f110d, aip-c8593c1a...
  チャンク 2/2: 5問 生成中...
/home/yuzuki/aws-quiz-app/prompts/night-prompts/scripts/01-generate-questions.sh: line 774: echo: write error: Broken pipe
  抽出: 5問 → APIインポート中...
  ✓ チャンク2 インポート成功: 5件: aip-6080f702, aip-ace8a2d9, aip-2d4aadef...
  [テスト、検証、トラブルシューティング] 合計 11/11問 インポート
  終了=02:35:12  経過=273秒

--- [AIの安全性、セキュリティ、ガバナンス] 9問 生成中 (5問×2チャンク) --- 開始=02:35:12
  チャンク 1/2: 5問 生成中...
  抽出: 5問 → APIインポート中...
  ✓ チャンク1 インポート成功: 5件: aip-5284dbb6, aip-f78b0e0f, aip-66e35d4e...
  チャンク 2/2: 4問 生成中...
  抽出: 4問 → APIインポート中...
  ✓ チャンク2 インポート成功: 4件: aip-b9072f2b, aip-5a34cdef, aip-914cf9b9...
  [AIの安全性、セキュリティ、ガバナンス] 合計 9/9問 インポート
  終了=02:38:53  経過=221秒

--- [生成AIアプリケーションの運用効率と最適化] 4問 生成中 --- 開始=02:38:53
  抽出: 4問 → APIインポート中...
  ✓ チャンク1 インポート成功: 4件: aip-bfd1e807, aip-e4271056, aip-cd7dd8c0...
  [生成AIアプリケーションの運用効率と最適化] 合計 4/4問 インポート
  終了=02:40:39  経過=106秒

--- [基盤モデルの統合、データ管理、コンプライアンス] 1問 生成中 --- 開始=02:40:39
  抽出: 1問 → APIインポート中...
  ✓ チャンク1 インポート成功: 1件: aip-1a6cda75
  [基盤モデルの統合、データ管理、コンプライアンス] 合計 1/1問 インポート
  終了=02:41:34  経過=55秒

--- [実装と統合] 0問 生成中 --- 開始=02:41:34
  [実装と統合] 合計 0/0問 インポート
  終了=02:41:34  経過=0秒

合計インポート: 25問 / 25問

--- 問題数キャッシュを再構築中（DynamoDBから正確な値を取得）---
  CLF: 273問
  SAA: 268問
  SAP: 270問
  DVA: 268問
  SOA: 273問
  DEA: 278問
  DOP: 352問
  AIF: 286問
  MLA: 274問
  AIP: 289問
  ANS: 269問
  SCS: 264問
キャッシュ更新完了
インポート完了: AIP +25問
✓ Cloudflare Pages 再ビルドを 04:44 にスケジュールしました

==========================================
完了: Sun Jun 28 02:44:43 JST 2026
==========================================
