==========================================
問題自動生成 開始: Wed Jul  1 20:37:34 JST 2026
==========================================
対象資格: CLF SAA SAP DVA SOA DEA DOP AIF MLA AIP ANS SCS
問題数キャッシュを使用...
  CLF: 293問 (キャッシュ)
  SAA: 308問 (キャッシュ)
  SAP: 289問 (キャッシュ)
  DVA: 306問 (キャッシュ)
  SOA: 290問 (キャッシュ)
  DEA: 298問 (キャッシュ)
  DOP: 352問 (キャッシュ)
  AIF: 311問 (キャッシュ)
  MLA: 294問 (キャッシュ)
  AIP: 298問 (キャッシュ)
  ANS: 309問 (キャッシュ)
  SCS: 291問 (キャッシュ)
選択: SAP (現在289問 — 最少)
試験ガイドURL: https://aws.amazon.com/jp/certification/certified-solutions-architect-professional/
ドメイン数: 4  /  基本 5問/ドメイン（重み付きで配分）  /  合計予算 20問
開始ドメイン: [0] 組織の複雑さに対応する設計

--- Cognito 認証中 ---
✓ 認証完了

--- ドメイン別問題数を取得・割り当て計算中 ---
  新しいソリューションのための設計: 72問
  既存のソリューションの継続的改善: 72問
  組織の複雑さに対応する設計: 72問
  ワークロードの移行とモダン化の加速: 73問

ドメイン別生成数（逆数重み付き割り当て）:
  6問 → 組織の複雑さに対応する設計 (現在72問)
  5問 → 新しいソリューションのための設計 (現在72問)
  5問 → 既存のソリューションの継続的改善 (現在72問)
  4問 → ワークロードの移行とモダン化の加速 (現在73問)
  合計: 20問
処理順（問題数少ない順）: 組織の複雑さに対応する設計,新しいソリューションのための設計,既存のソリューションの継続的改善,ワークロードの移行とモダン化の加速

--- [組織の複雑さに対応する設計] 6問 生成中 (3問×2チャンク) --- 開始=20:38:07
  チャンク 1/2: 3問 生成中...
  抽出: 3問 → APIインポート中...
  ✓ チャンク1 インポート成功: 3件: sap-60413049, sap-5144f261, sap-f3fde893
  チャンク 2/2: 3問 生成中...
  抽出: 3問 → APIインポート中...
  ✓ チャンク2 インポート成功: 3件: sap-71c2f7ae, sap-b5f6c99b, sap-c2026c53
  [組織の複雑さに対応する設計] 合計 6/6問 インポート
  終了=20:44:03  経過=356秒

--- [新しいソリューションのための設計] 5問 生成中 (3問×2チャンク) --- 開始=20:44:03
  チャンク 1/2: 3問 生成中...
  抽出: 3問 → APIインポート中...
  ✓ チャンク1 インポート成功: 3件: sap-0fa653fa, sap-f7ad233a, sap-6937c4ad
  チャンク 2/2: 2問 生成中...
  抽出: 2問 → APIインポート中...
  ✓ チャンク2 インポート成功: 2件: sap-eb201dd4, sap-b6a10bc2
  [新しいソリューションのための設計] 合計 5/5問 インポート
  終了=20:48:13  経過=250秒

--- [既存のソリューションの継続的改善] 5問 生成中 (3問×2チャンク) --- 開始=20:48:13
  チャンク 1/2: 3問 生成中...
  抽出: 3問 → APIインポート中...
  ✓ チャンク1 インポート成功: 3件: sap-98adeecc, sap-8ca16660, sap-3a9cd8c2
  チャンク 2/2: 2問 生成中...
  抽出: 2問 → APIインポート中...
  ✓ チャンク2 インポート成功: 2件: sap-d9a02639, sap-1da40fd4
  [既存のソリューションの継続的改善] 合計 5/5問 インポート
  終了=20:52:31  経過=258秒

--- [ワークロードの移行とモダン化の加速] 4問 生成中 --- 開始=20:52:31
  抽出: 4問 → APIインポート中...
  ✓ チャンク1 インポート成功: 4件: sap-d40e1ed8, sap-f04c7e4d, sap-b89a4e75...
  [ワークロードの移行とモダン化の加速] 合計 4/4問 インポート
  終了=20:56:10  経過=219秒

合計インポート: 20問 / 20問

--- 問題数キャッシュを再構築中（DynamoDBから正確な値を取得）---
  CLF: 293問
  SAA: 308問
  SAP: 309問
  DVA: 306問
  SOA: 290問
  DEA: 298問
  DOP: 352問
  AIF: 311問
  MLA: 294問
  AIP: 298問
  ANS: 309問
  SCS: 291問
キャッシュ更新完了
インポート完了: SAP +20問
CF Deploy (即時): HTTP 200

==========================================
完了: Wed Jul  1 20:59:22 JST 2026
==========================================
