==========================================
問題自動生成 開始: Fri Jul  3 18:20:01 JST 2026
==========================================
対象資格: CLF SAA SAP DVA SOA DEA DOP AIF MLA AIP ANS SCS
問題数キャッシュを使用...
  CLF: 293問 (キャッシュ)
  SAA: 308問 (キャッシュ)
  SAP: 309問 (キャッシュ)
  DVA: 306問 (キャッシュ)
  SOA: 306問 (キャッシュ)
  DEA: 298問 (キャッシュ)
  DOP: 352問 (キャッシュ)
  AIF: 311問 (キャッシュ)
  MLA: 294問 (キャッシュ)
  AIP: 298問 (キャッシュ)
  ANS: 309問 (キャッシュ)
  SCS: 291問 (キャッシュ)
選択: SCS (現在291問 — 最少)
試験ガイドURL: https://aws.amazon.com/jp/certification/certified-security-specialty/
ドメイン数: 6  /  基本 5問/ドメイン（重み付きで配分）  /  合計予算 30問
開始ドメイン: [1] インシデント対応
🎯 難易度強化モード（--hard）有効

--- Cognito 認証中 ---
✓ 認証完了

--- ドメイン別問題数を取得・割り当て計算中 ---
  データ保護: 47問
  検出: 47問
  インシデント対応: 48問
  インフラストラクチャのセキュリティ: 48問
  アイデンティティとアクセス管理: 49問
  セキュリティの基盤とガバナンス: 52問

ドメイン別生成数（逆数重み付き割り当て）:
  7問 → 検出 (現在47問)
  7問 → データ保護 (現在47問)
  6問 → インシデント対応 (現在48問)
  5問 → インフラストラクチャのセキュリティ (現在48問)
  4問 → アイデンティティとアクセス管理 (現在49問)
  1問 → セキュリティの基盤とガバナンス (現在52問)
  合計: 30問
処理順（問題数少ない順）: データ保護,検出,インシデント対応,インフラストラクチャのセキュリティ,アイデンティティとアクセス管理,セキュリティの基盤とガバナンス

--- [データ保護] 7問 生成中 (3問×2チャンク) --- 開始=18:20:44
  チャンク 1/2: 4問 生成中...
⚠️  レート制限を検出。残りをスキップ
出力: You've hit your session limit · resets 6:40pm (Asia/Tokyo)
  終了=18:20:46  経過=2秒

合計インポート: 0問 / 30問

--- 問題数キャッシュを再構築中（DynamoDBから正確な値を取得）---
  CLF: 293問
  SAA: 308問
  SAP: 309問
  DVA: 306問
  SOA: 306問
  DEA: 298問
  DOP: 352問
  AIF: 311問
  MLA: 294問
  AIP: 298問
  ANS: 309問
  SCS: 291問
キャッシュ更新完了
