==========================================
問題自動生成 開始: Mon Jul  6 01:20:04 JST 2026
==========================================
対象資格: CLF SAA SAP DVA SOA DEA DOP AIF MLA AIP ANS SCS
問題数キャッシュを使用...
  CLF: 298問 (キャッシュ)
  SAA: 308問 (キャッシュ)
  SAP: 309問 (キャッシュ)
  DVA: 306問 (キャッシュ)
  SOA: 306問 (キャッシュ)
  DEA: 298問 (キャッシュ)
  DOP: 373問 (キャッシュ)
  AIF: 311問 (キャッシュ)
  MLA: 298問 (キャッシュ)
  AIP: 298問 (キャッシュ)
  ANS: 309問 (キャッシュ)
  SCS: 309問 (キャッシュ)
選択: CLF (現在298問 — 最少)
試験ガイドURL: https://aws.amazon.com/jp/certification/certified-cloud-practitioner/
ドメイン数: 4  /  基本 5問/ドメイン（重み付きで配分）  /  合計予算 20問
開始ドメイン: [0] クラウドの概念
🎯 難易度強化モード（--hard）有効

--- Cognito 認証中 ---
✓ 認証完了

--- ドメイン別問題数を取得・割り当て計算中 ---
  請求、料金、およびサポート: 74問
  クラウドのテクノロジーとサービス: 74問
  セキュリティとコンプライアンス: 74問
  クラウドの概念: 76問

ドメイン別生成数（逆数重み付き割り当て）:
  6問 → セキュリティとコンプライアンス (現在74問)
  6問 → クラウドのテクノロジーとサービス (現在74問)
  5問 → 請求、料金、およびサポート (現在74問)
  3問 → クラウドの概念 (現在76問)
  合計: 20問
処理順（問題数少ない順）: クラウドのテクノロジーとサービス,セキュリティとコンプライアンス,請求、料金、およびサポート,クラウドの概念

--- [クラウドのテクノロジーとサービス] 6問 生成中 (2問×3チャンク) --- 開始=01:20:48
  チャンク 1/3: 2問 生成中...
⚠️  レート制限を検出。残りをスキップ
出力: You've hit your session limit · resets 1:40am (Asia/Tokyo)
  終了=01:20:50  経過=2秒

合計インポート: 0問 / 20問

--- 問題数キャッシュを再構築中（DynamoDBから正確な値を取得）---
  CLF: 298問
  SAA: 308問
  SAP: 309問
  DVA: 306問
  SOA: 306問
  DEA: 298問
  DOP: 373問
  AIF: 311問
  MLA: 298問
  AIP: 298問
  ANS: 309問
  SCS: 309問
キャッシュ更新完了
