==========================================
問題自動生成 開始: Mon Jun 29 03:30:05 JST 2026
==========================================
対象資格: CLF SAA SAP DVA SOA DEA DOP AIF MLA AIP ANS SCS
問題数キャッシュを使用...
  CLF: 273問 (キャッシュ)
  SAA: 288問 (キャッシュ)
  SAP: 270問 (キャッシュ)
  DVA: 286問 (キャッシュ)
  SOA: 273問 (キャッシュ)
  DEA: 278問 (キャッシュ)
  DOP: 352問 (キャッシュ)
  AIF: 286問 (キャッシュ)
  MLA: 274問 (キャッシュ)
  AIP: 289問 (キャッシュ)
  ANS: 283問 (キャッシュ)
  SCS: 271問 (キャッシュ)
選択: SAP (現在270問 — 最少)
試験ガイドURL: https://aws.amazon.com/jp/certification/certified-solutions-architect-professional/
ドメイン数: 4  /  基本 5問/ドメイン（重み付きで配分）  /  合計予算 20問
開始ドメイン: [0] 組織の複雑さに対応する設計
🎯 難易度強化モード（--hard）有効

--- Cognito 認証中 ---
✓ 認証完了

--- ドメイン別問題数を取得・割り当て計算中 ---
  新しいソリューションのための設計: 64問
  ワークロードの移行とモダン化の加速: 68問
  既存のソリューションの継続的改善: 69問
  組織の複雑さに対応する設計: 69問

ドメイン別生成数（逆数重み付き割り当て）:
  9問 → 新しいソリューションのための設計 (現在64問)
  5問 → ワークロードの移行とモダン化の加速 (現在68問)
  3問 → 組織の複雑さに対応する設計 (現在69問)
  3問 → 既存のソリューションの継続的改善 (現在69問)
  合計: 20問
処理順（問題数少ない順）: 新しいソリューションのための設計,ワークロードの移行とモダン化の加速,既存のソリューションの継続的改善,組織の複雑さに対応する設計

--- [新しいソリューションのための設計] 9問 生成中 (3問×3チャンク) --- 開始=03:30:39
  チャンク 1/3: 3問 生成中...
  抽出: 3問 → APIインポート中...
  ✓ チャンク1 インポート成功: 3件: sap-8d2e8d62, sap-609328cf, sap-952efdef
  チャンク 2/3: 3問 生成中...
  抽出: 3問 → APIインポート中...
  ✓ チャンク2 インポート成功: 3件: sap-99ad5d85, sap-28d4ea9b, sap-8800fa01
  チャンク 3/3: 3問 生成中...
  抽出: 3問 → APIインポート中...
  ✓ チャンク3 インポート成功: 3件: sap-7a25fbd2, sap-29d346c4, sap-a1d3a9ed
  [新しいソリューションのための設計] 合計 9/9問 インポート
  終了=03:35:52  経過=313秒

--- [ワークロードの移行とモダン化の加速] 5問 生成中 (3問×2チャンク) --- 開始=03:35:52
  チャンク 1/2: 3問 生成中...
  抽出: 3問 → APIインポート中...
  ✓ チャンク1 インポート成功: 3件: sap-8403ecb9, sap-d0e5228d, sap-500bd354
  チャンク 2/2: 2問 生成中...
  抽出: 2問 → APIインポート中...
  ✓ チャンク2 インポート成功: 2件: sap-9860fe14, sap-8b9eb9a4
  [ワークロードの移行とモダン化の加速] 合計 5/5問 インポート
  終了=03:40:50  経過=298秒

--- [既存のソリューションの継続的改善] 3問 生成中 --- 開始=03:40:50
  抽出: 3問 → APIインポート中...
  ✓ チャンク1 インポート成功: 3件: sap-bfa894e3, sap-c581a8a1, sap-d6938e33
  [既存のソリューションの継続的改善] 合計 3/3問 インポート
  終了=03:43:06  経過=136秒

--- [組織の複雑さに対応する設計] 3問 生成中 --- 開始=03:43:06
  抽出: 3問 → APIインポート中...
  ✓ チャンク1 インポート成功: 3件: sap-6b967ea4, sap-c4b672fa, sap-942199f2
  [組織の複雑さに対応する設計] 合計 3/3問 インポート
  終了=03:45:15  経過=129秒

合計インポート: 20問 / 20問

--- 問題数キャッシュを再構築中（DynamoDBから正確な値を取得）---
  CLF: 273問
  SAA: 288問
  SAP: 290問
  DVA: 286問
  SOA: 273問
  DEA: 278問
  DOP: 352問
  AIF: 286問
  MLA: 274問
  AIP: 289問
  ANS: 283問
  SCS: 271問
キャッシュ更新完了
インポート完了: SAP +20問
✓ Cloudflare Pages 再ビルドを 05:48 にスケジュールしました

==========================================
完了: Mon Jun 29 03:48:23 JST 2026
==========================================
