==========================================
問題自動生成 開始: Fri Jul  3 12:42:48 JST 2026
==========================================
対象資格: CLF SAA SAP DVA SOA DEA DOP AIF MLA AIP ANS SCS
問題数キャッシュを使用...
  CLF: 293問 (キャッシュ)
  SAA: 308問 (キャッシュ)
  SAP: 309問 (キャッシュ)
  DVA: 306問 (キャッシュ)
  SOA: 290問 (キャッシュ)
  DEA: 298問 (キャッシュ)
  DOP: 352問 (キャッシュ)
  AIF: 311問 (キャッシュ)
  MLA: 294問 (キャッシュ)
  AIP: 298問 (キャッシュ)
  ANS: 309問 (キャッシュ)
  SCS: 291問 (キャッシュ)
選択: SOA (現在290問 — 最少)
試験ガイドURL: https://aws.amazon.com/jp/certification/certified-sysops-admin-associate/
ドメイン数: 5  /  基本 5問/ドメイン（重み付きで配分）  /  合計予算 25問
開始ドメイン: [1] 信頼性とビジネス継続性

--- Cognito 認証中 ---
✓ 認証完了

--- ドメイン別問題数を取得・割り当て計算中 ---
  モニタリング、ロギング、分析、修復、およびパフォーマンスの最適化: 56問
  信頼性とビジネス継続性: 57問
  セキュリティとコンプライアンス: 57問
  デプロイ、プロビジョニング、および自動化: 60問
  ネットワークとコンテンツ配信: 60問

ドメイン別生成数（逆数重み付き割り当て）:
  7問 → モニタリング、ロギング、分析、修復、およびパフォーマンスの最適化 (現在56問)
  6問 → 信頼性とビジネス継続性 (現在57問)
  6問 → セキュリティとコンプライアンス (現在57問)
  3問 → デプロイ、プロビジョニング、および自動化 (現在60問)
  3問 → ネットワークとコンテンツ配信 (現在60問)
  合計: 25問
処理順（問題数少ない順）: モニタリング、ロギング、分析、修復、およびパフォーマンスの最適化,セキュリティとコンプライアンス,信頼性とビジネス継続性,デプロイ、プロビジョニング、および自動化,ネットワークとコンテンツ配信

--- [モニタリング、ロギング、分析、修復、およびパフォーマンスの最適化] 7問 生成中 (3問×2チャンク) --- 開始=12:43:32
  チャンク 1/2: 4問 生成中...
  抽出: 4問 → APIインポート中...
  ✓ チャンク1 インポート成功: 4件: soa-e9cf6719, soa-cc334366, soa-6430dbdc...
  チャンク 2/2: 3問 生成中...
  抽出: 3問 → APIインポート中...
  ✓ チャンク2 インポート成功: 3件: soa-da9545e7, soa-36db081d, soa-730af381
  [モニタリング、ロギング、分析、修復、およびパフォーマンスの最適化] 合計 7/7問 インポート
  終了=12:47:37  経過=245秒

--- [セキュリティとコンプライアンス] 6問 生成中 (3問×2チャンク) --- 開始=12:47:37
  チャンク 1/2: 3問 生成中...
  抽出: 3問 → APIインポート中...
  ✓ チャンク1 インポート成功: 3件: soa-7d1d6331, soa-49e20104, soa-418630f3
  チャンク 2/2: 3問 生成中...
  抽出: 3問 → APIインポート中...
  ✓ チャンク2 インポート成功: 3件: soa-377a22e0, soa-b22940cf, soa-f6551b74
  [セキュリティとコンプライアンス] 合計 6/6問 インポート
  終了=12:53:12  経過=335秒

--- [信頼性とビジネス継続性] 6問 生成中 (3問×2チャンク) --- 開始=12:53:12
  チャンク 1/2: 3問 生成中...
  抽出: 3問 → APIインポート中...
  ✓ チャンク1 インポート成功: 3件: soa-aabec5b0, soa-19262b42, soa-d25fd402
  チャンク 2/2: 3問 生成中...
⚠️  レート制限を検出。残りをスキップ
出力: You've hit your session limit · resets 1:40pm (Asia/Tokyo)
  終了=12:55:28  経過=136秒

合計インポート: 13問 / 25問

--- 問題数キャッシュを再構築中（DynamoDBから正確な値を取得）---
  CLF: 293問
  SAA: 308問
  SAP: 309問
  DVA: 306問
  SOA: 306問
  DEA: 298問
  DOP: 352問
  AIF: 311問
  MLA: 294問
  AIP: 298問
  ANS: 309問
  SCS: 291問
キャッシュ更新完了
