==========================================
問題自動生成 開始: Tue Jul  7 07:20:04 JST 2026
==========================================
対象資格: CLF SAA SAP DVA SOA DEA DOP AIF MLA AIP ANS SCS
問題数キャッシュを使用...
  CLF: 315問 (キャッシュ)
  SAA: 308問 (キャッシュ)
  SAP: 309問 (キャッシュ)
  DVA: 306問 (キャッシュ)
  SOA: 306問 (キャッシュ)
  DEA: 298問 (キャッシュ)
  DOP: 373問 (キャッシュ)
  AIF: 311問 (キャッシュ)
  MLA: 298問 (キャッシュ)
  AIP: 298問 (キャッシュ)
  ANS: 309問 (キャッシュ)
  SCS: 309問 (キャッシュ)
選択: DEA (現在298問 — 最少)
試験ガイドURL: https://aws.amazon.com/jp/certification/certified-data-engineer-associate/
ドメイン数: 4  /  基本 5問/ドメイン（重み付きで配分）  /  合計予算 20問
開始ドメイン: [1] データストアの管理
🎯 難易度強化モード（--hard）有効

--- Cognito 認証中 ---
✓ 認証完了

--- ドメイン別問題数を取得・割り当て計算中 ---
  データオペレーションとサポート: 74問
  データストアの管理: 74問
  データの取り込みと変換: 75問
  データのセキュリティとガバナンス: 75問

ドメイン別生成数（逆数重み付き割り当て）:
  6問 → データストアの管理 (現在74問)
  6問 → データオペレーションとサポート (現在74問)
  4問 → データの取り込みと変換 (現在75問)
  4問 → データのセキュリティとガバナンス (現在75問)
  合計: 20問
処理順（問題数少ない順）: データオペレーションとサポート,データストアの管理,データのセキュリティとガバナンス,データの取り込みと変換

--- [データオペレーションとサポート] 6問 生成中 (2問×3チャンク) --- 開始=07:20:48
  チャンク 1/3: 2問 生成中...
  抽出: 2問 → APIインポート中...
  ✓ チャンク1 インポート成功: 2件: dea-fc6fe661, dea-7cefe432
  チャンク 2/3: 2問 生成中...
