==========================================
問題自動生成 開始: Fri Jul  3 23:36:34 JST 2026
==========================================
対象資格: CLF SAA SAP DVA SOA DEA DOP AIF MLA AIP ANS SCS
問題数キャッシュを使用...
  CLF: 293問 (キャッシュ)
  SAA: 308問 (キャッシュ)
  SAP: 309問 (キャッシュ)
  DVA: 306問 (キャッシュ)
  SOA: 306問 (キャッシュ)
  DEA: 298問 (キャッシュ)
  DOP: 352問 (キャッシュ)
  AIF: 311問 (キャッシュ)
  MLA: 294問 (キャッシュ)
  AIP: 298問 (キャッシュ)
  ANS: 309問 (キャッシュ)
  SCS: 295問 (キャッシュ)
選択: CLF (現在293問 — 最少)
試験ガイドURL: https://aws.amazon.com/jp/certification/certified-cloud-practitioner/
ドメイン数: 4  /  基本 5問/ドメイン（重み付きで配分）  /  合計予算 20問
開始ドメイン: [3] 請求、料金、およびサポート

--- Cognito 認証中 ---
✓ 認証完了

--- ドメイン別問題数を取得・割り当て計算中 ---
  クラウドの概念: 71問
  請求、料金、およびサポート: 74問
  クラウドのテクノロジーとサービス: 74問
  セキュリティとコンプライアンス: 74問

ドメイン別生成数（逆数重み付き割り当て）:
  8問 → クラウドの概念 (現在71問)
  4問 → セキュリティとコンプライアンス (現在74問)
  4問 → クラウドのテクノロジーとサービス (現在74問)
  4問 → 請求、料金、およびサポート (現在74問)
  合計: 20問
処理順（問題数少ない順）: クラウドの概念,クラウドのテクノロジーとサービス,セキュリティとコンプライアンス,請求、料金、およびサポート

--- [クラウドの概念] 8問 生成中 (5問×2チャンク) --- 開始=23:37:19
  チャンク 1/2: 5問 生成中...
⚠️  レート制限を検出。残りをスキップ
出力: You've hit your session limit · resets 11:40pm (Asia/Tokyo)
  終了=23:37:22  経過=3秒

合計インポート: 0問 / 20問

--- 問題数キャッシュを再構築中（DynamoDBから正確な値を取得）---
  CLF: 293問
  SAA: 308問
  SAP: 309問
  DVA: 306問
  SOA: 306問
  DEA: 298問
  DOP: 352問
  AIF: 311問
  MLA: 294問
  AIP: 298問
  ANS: 309問
  SCS: 295問
キャッシュ更新完了
