==========================================
問題自動生成 開始: Wed Jul 15 22:11:24 JST 2026
==========================================
対象資格: CLF SAA SAP DVA SOA DEA DOP AIF MLA AIP ANS SCS
問題数キャッシュを使用...
  CLF: 338問 (キャッシュ)
  SAA: 308問 (キャッシュ)
  SAP: 308問 (キャッシュ)
  DVA: 306問 (キャッシュ)
  SOA: 306問 (キャッシュ)
  DEA: 306問 (キャッシュ)
  DOP: 373問 (キャッシュ)
  AIF: 337問 (キャッシュ)
  MLA: 304問 (キャッシュ)
  AIP: 301問 (キャッシュ)
  ANS: 309問 (キャッシュ)
  SCS: 309問 (キャッシュ)
選択: AIP (現在301問 — 最少)
試験ガイドURL: https://aws.amazon.com/jp/certification/certified-generative-ai-developer-professional/
ドメイン数: 5  /  基本 5問/ドメイン（重み付きで配分）  /  合計予算 25問
開始ドメイン: [4] テスト、検証、トラブルシューティング

--- Cognito 認証中 ---
✓ 認証完了

--- ドメイン別問題数を取得・割り当て計算中 ---
  基盤モデルの統合、データ管理、コンプライアンス: 53問
  生成AIアプリケーションの運用効率と最適化: 55問
  AIの安全性、セキュリティ、ガバナンス: 55問
  テスト、検証、トラブルシューティング: 63問
  実装と統合: 75問

ドメイン別生成数（逆数重み付き割り当て）:
  10問 → 基盤モデルの統合、データ管理、コンプライアンス (現在53問)
  8問 → AIの安全性、セキュリティ、ガバナンス (現在55問)
  7問 → 生成AIアプリケーションの運用効率と最適化 (現在55問)
  0問 → 実装と統合 (現在75問)
  0問 → テスト、検証、トラブルシューティング (現在63問)
  合計: 25問
処理順（問題数少ない順）: 基盤モデルの統合、データ管理、コンプライアンス,AIの安全性、セキュリティ、ガバナンス,生成AIアプリケーションの運用効率と最適化,テスト、検証、トラブルシューティング,実装と統合

--- [基盤モデルの統合、データ管理、コンプライアンス] 10問 生成中 (3問×3チャンク) --- 開始=22:12:01
  チャンク 1/3: 4問 生成中...
  ✓ インポート: aip-4db28343
  ✓ インポート: aip-9646071f
  ✓ インポート: aip-88b99dff
  ✓ インポート: aip-e0d4323b
  チャンク1: 4問インポート  経過=508秒
  チャンク 2/3: 3問 生成中...
  ✓ インポート: aip-8bee3ce0
  ✓ インポート: aip-e274ef54
  ✓ インポート: aip-605e6546
  チャンク2: 3問インポート  経過=319秒
  チャンク 3/3: 3問 生成中...
  ✓ インポート: aip-76acc430
  ✓ インポート: aip-c03c5690
  ✓ インポート: aip-e31bf3c4
  チャンク3: 3問インポート  経過=696秒
  [基盤モデルの統合、データ管理、コンプライアンス] 合計 10/10問 インポート
  終了=22:37:24  経過=1524秒

--- [AIの安全性、セキュリティ、ガバナンス] 8問 生成中 (3問×3チャンク) --- 開始=22:37:25
  チャンク 1/3: 3問 生成中...
  ✓ インポート: aip-8e7520c7
  ✓ インポート: aip-7fdae584
  ✓ インポート: aip-712c9504
  チャンク1: 3問インポート  経過=410秒
  チャンク 2/3: 3問 生成中...
⚠️  レート制限を検出。残りをスキップ
出力: You've hit your session limit · resets 3am (Asia/Tokyo)
  チャンク2: 0問インポート  経過=6秒
  終了=22:44:21  経過=416秒

合計インポート: 10問 / 25問

--- 問題数キャッシュを再構築中（DynamoDBから正確な値を取得）---
  CLF: 338問
  SAA: 308問
  SAP: 308問
  DVA: 306問
  SOA: 306問
  DEA: 306問
  DOP: 373問
  AIF: 337問
  MLA: 304問
  AIP: 314問
  ANS: 309問
  SCS: 309問
キャッシュ更新完了
