==========================================
問題自動生成 開始: Sun Jun 28 01:50:27 JST 2026
==========================================
対象資格: CLF SAA SAP DVA SOA DEA DOP AIF MLA AIP ANS SCS
問題数キャッシュを使用...
  CLF: 273問 (キャッシュ)
  SAA: 268問 (キャッシュ)
  SAP: 270問 (キャッシュ)
  DVA: 268問 (キャッシュ)
  SOA: 273問 (キャッシュ)
  DEA: 278問 (キャッシュ)
  DOP: 352問 (キャッシュ)
  AIF: 286問 (キャッシュ)
  MLA: 274問 (キャッシュ)
  AIP: 264問 (キャッシュ)
  ANS: 269問 (キャッシュ)
  SCS: 264問 (キャッシュ)
選択: AIP (現在264問 — 最少)
試験ガイドURL: https://aws.amazon.com/jp/certification/certified-generative-ai-developer-professional/
ドメイン数: 5  /  基本 5問/ドメイン（重み付きで配分）  /  合計予算 25問
開始ドメイン: [4] テスト、検証、トラブルシューティング
🎯 難易度強化モード（--hard）有効

--- Cognito 認証中 ---
✓ 認証完了

--- ドメイン別問題数を取得・割り当て計算中 ---
  テスト、検証、トラブルシューティング: 45問
  AIの安全性、セキュリティ、ガバナンス: 46問
  生成AIアプリケーションの運用効率と最適化: 50問
  基盤モデルの統合、データ管理、コンプライアンス: 53問
  実装と統合: 70問

ドメイン別生成数（逆数重み付き割り当て）:
  10問 → テスト、検証、トラブルシューティング (現在45問)
  9問 → AIの安全性、セキュリティ、ガバナンス (現在46問)
  5問 → 生成AIアプリケーションの運用効率と最適化 (現在50問)
  1問 → 基盤モデルの統合、データ管理、コンプライアンス (現在53問)
  0問 → 実装と統合 (現在70問)
  合計: 25問
処理順（問題数少ない順）: テスト、検証、トラブルシューティング,AIの安全性、セキュリティ、ガバナンス,生成AIアプリケーションの運用効率と最適化,基盤モデルの統合、データ管理、コンプライアンス,実装と統合

--- [テスト、検証、トラブルシューティング] 10問 生成中 (5問×2チャンク) --- 開始=01:51:00
  チャンク 1/2: 5問 生成中...
⚠️  レート制限を検出。残りをスキップ
出力: You've hit your session limit · resets 2:10am (Asia/Tokyo)
  終了=01:51:03  経過=3秒

合計インポート: 0問 / 25問

--- 問題数キャッシュを再構築中（DynamoDBから正確な値を取得）---
  CLF: 273問
  SAA: 268問
  SAP: 270問
  DVA: 268問
  SOA: 273問
  DEA: 278問
  DOP: 352問
  AIF: 286問
  MLA: 274問
  AIP: 264問
  ANS: 269問
  SCS: 264問
キャッシュ更新完了
