==========================================
問題自動生成 開始: Fri Jul 10 13:30:27 JST 2026
==========================================
対象資格: CLF SAA SAP DVA SOA DEA DOP AIF MLA AIP ANS SCS
問題数キャッシュを使用...
  CLF: 315問 (キャッシュ)
  SAA: 308問 (キャッシュ)
  SAP: 309問 (キャッシュ)
  DVA: 306問 (キャッシュ)
  SOA: 306問 (キャッシュ)
  DEA: 300問 (キャッシュ)
  DOP: 373問 (キャッシュ)
  AIF: 311問 (キャッシュ)
  MLA: 304問 (キャッシュ)
  AIP: 301問 (キャッシュ)
  ANS: 309問 (キャッシュ)
  SCS: 309問 (キャッシュ)
選択: DEA (現在300問 — 最少)
試験ガイドURL: https://aws.amazon.com/jp/certification/certified-data-engineer-associate/
ドメイン数: 4  /  基本 5問/ドメイン（重み付きで配分）  /  合計予算 20問
開始ドメイン: [2] データオペレーションとサポート

--- Cognito 認証中 ---
✓ 認証完了

--- ドメイン別問題数を取得・割り当て計算中 ---
  データストアの管理: 74問
  データの取り込みと変換: 75問
  データのセキュリティとガバナンス: 75問
  データオペレーションとサポート: 76問

ドメイン別生成数（逆数重み付き割り当て）:
  6問 → データストアの管理 (現在74問)
  5問 → データの取り込みと変換 (現在75問)
  5問 → データのセキュリティとガバナンス (現在75問)
  4問 → データオペレーションとサポート (現在76問)
  合計: 20問
処理順（問題数少ない順）: データストアの管理,データのセキュリティとガバナンス,データの取り込みと変換,データオペレーションとサポート

--- [データストアの管理] 6問 生成中 --- 開始=13:31:12
⚠️  レート制限を検出。残りをスキップ
出力: You've hit your session limit · resets 1:50pm (Asia/Tokyo)
  チャンク1: 0問インポート  経過=1041秒
  終了=13:48:33  経過=1041秒

合計インポート: 0問 / 20問

--- 問題数キャッシュを再構築中（DynamoDBから正確な値を取得）---
  CLF: 315問
  SAA: 308問
  SAP: 308問
  DVA: 306問
  SOA: 306問
  DEA: 300問
  DOP: 373問
  AIF: 311問
  MLA: 304問
  AIP: 301問
  ANS: 309問
  SCS: 309問
キャッシュ更新完了
