==========================================
問題自動生成 開始: Mon Jun 29 02:50:27 JST 2026
==========================================
対象資格: CLF SAA SAP DVA SOA DEA DOP AIF MLA AIP ANS SCS
問題数キャッシュを使用...
  CLF: 273問 (キャッシュ)
  SAA: 288問 (キャッシュ)
  SAP: 270問 (キャッシュ)
  DVA: 286問 (キャッシュ)
  SOA: 273問 (キャッシュ)
  DEA: 278問 (キャッシュ)
  DOP: 352問 (キャッシュ)
  AIF: 286問 (キャッシュ)
  MLA: 274問 (キャッシュ)
  AIP: 289問 (キャッシュ)
  ANS: 269問 (キャッシュ)
  SCS: 271問 (キャッシュ)
選択: ANS (現在269問 — 最少)
試験ガイドURL: https://aws.amazon.com/jp/certification/certified-advanced-networking-specialty/
ドメイン数: 4  /  基本 5問/ドメイン（重み付きで配分）  /  合計予算 20問
開始ドメイン: [1] ネットワーク実装
🎯 難易度強化モード（--hard）有効

--- Cognito 認証中 ---
✓ 認証完了

--- ドメイン別問題数を取得・割り当て計算中 ---
  ネットワーク管理と運用: 67問
  ネットワーク実装: 67問
  ネットワークのセキュリティ、コンプライアンス、ガバナンス: 67問
  ネットワーク設計: 68問

ドメイン別生成数（逆数重み付き割り当て）:
  6問 → ネットワーク実装 (現在67問)
  5問 → ネットワーク管理と運用 (現在67問)
  5問 → ネットワークのセキュリティ、コンプライアンス、ガバナンス (現在67問)
  4問 → ネットワーク設計 (現在68問)
  合計: 20問
処理順（問題数少ない順）: ネットワーク実装,ネットワークのセキュリティ、コンプライアンス、ガバナンス,ネットワーク管理と運用,ネットワーク設計

--- [ネットワーク実装] 6問 生成中 (3問×2チャンク) --- 開始=02:51:00
  チャンク 1/2: 3問 生成中...
  抽出: 3問 → APIインポート中...
  ✓ チャンク1 インポート成功: 3件: ans-3c652ffe, ans-94582cdf, ans-068e528a
  チャンク 2/2: 3問 生成中...
  抽出: 3問 → APIインポート中...
  ✓ チャンク2 インポート成功: 3件: ans-a5da16d6, ans-8b2ff98e, ans-50ba3f91
  [ネットワーク実装] 合計 6/6問 インポート
  終了=02:54:47  経過=227秒

--- [ネットワークのセキュリティ、コンプライアンス、ガバナンス] 5問 生成中 (3問×2チャンク) --- 開始=02:54:47
  チャンク 1/2: 3問 生成中...
  抽出: 3問 → APIインポート中...
  ✓ チャンク1 インポート成功: 3件: ans-62f2d4a1, ans-8dfadb67, ans-be58e7dd
  チャンク 2/2: 2問 生成中...
  抽出: 2問 → APIインポート中...
  ✓ チャンク2 インポート成功: 2件: ans-dd48b463, ans-42b2bd34
  [ネットワークのセキュリティ、コンプライアンス、ガバナンス] 合計 5/5問 インポート
  終了=02:58:38  経過=231秒

--- [ネットワーク管理と運用] 5問 生成中 (3問×2チャンク) --- 開始=02:58:38
  チャンク 1/2: 3問 生成中...
  抽出: 3問 → APIインポート中...
  ✓ チャンク1 インポート成功: 3件: ans-1b6a06d0, ans-c658c3ae, ans-2aa140dd
  チャンク 2/2: 2問 生成中...
⚠️  レート制限を検出。残りをスキップ
出力: You've hit your session limit · resets 3:10am (Asia/Tokyo)
  終了=03:00:17  経過=99秒

合計インポート: 11問 / 20問

--- 問題数キャッシュを再構築中（DynamoDBから正確な値を取得）---
  CLF: 273問
  SAA: 288問
  SAP: 270問
  DVA: 286問
  SOA: 273問
  DEA: 278問
  DOP: 352問
  AIF: 286問
  MLA: 274問
  AIP: 289問
  ANS: 283問
  SCS: 271問
キャッシュ更新完了
