==========================================
問題自動生成 開始: Sun Jun 28 21:50:27 JST 2026
==========================================
対象資格: CLF SAA SAP DVA SOA DEA DOP AIF MLA AIP ANS SCS
問題数キャッシュを使用...
  CLF: 273問 (キャッシュ)
  SAA: 268問 (キャッシュ)
  SAP: 270問 (キャッシュ)
  DVA: 268問 (キャッシュ)
  SOA: 273問 (キャッシュ)
  DEA: 278問 (キャッシュ)
  DOP: 352問 (キャッシュ)
  AIF: 286問 (キャッシュ)
  MLA: 274問 (キャッシュ)
  AIP: 289問 (キャッシュ)
  ANS: 269問 (キャッシュ)
  SCS: 271問 (キャッシュ)
選択: SAA (現在268問 — 最少)
試験ガイドURL: https://aws.amazon.com/jp/certification/certified-solutions-architect-associate/
ドメイン数: 4  /  基本 5問/ドメイン（重み付きで配分）  /  合計予算 20問
開始ドメイン: [0] セキュアなアーキテクチャの設計
🎯 難易度強化モード（--hard）有効

--- Cognito 認証中 ---
✓ 認証完了

--- ドメイン別問題数を取得・割り当て計算中 ---
  高性能なアーキテクチャの設計: 66問
  セキュアなアーキテクチャの設計: 67問
  弾力性に優れたアーキテクチャの設計: 67問
  コスト最適化されたアーキテクチャの設計: 68問

ドメイン別生成数（逆数重み付き割り当て）:
  6問 → 高性能なアーキテクチャの設計 (現在66問)
  5問 → セキュアなアーキテクチャの設計 (現在67問)
  5問 → 弾力性に優れたアーキテクチャの設計 (現在67問)
  4問 → コスト最適化されたアーキテクチャの設計 (現在68問)
  合計: 20問
処理順（問題数少ない順）: 高性能なアーキテクチャの設計,セキュアなアーキテクチャの設計,弾力性に優れたアーキテクチャの設計,コスト最適化されたアーキテクチャの設計

--- [高性能なアーキテクチャの設計] 6問 生成中 --- 開始=21:51:00
  抽出: 6問 → APIインポート中...
  ✓ チャンク1 インポート成功: 6件: saa-3355e3da, saa-4ae20634, saa-a5d80499...
  [高性能なアーキテクチャの設計] 合計 6/6問 インポート
  終了=21:54:01  経過=181秒

--- [セキュアなアーキテクチャの設計] 5問 生成中 --- 開始=21:54:01
  抽出: 5問 → APIインポート中...
  ✓ チャンク1 インポート成功: 5件: saa-51a0b723, saa-d2ea69d9, saa-f3addec8...
  [セキュアなアーキテクチャの設計] 合計 5/5問 インポート
  終了=21:57:22  経過=201秒

--- [弾力性に優れたアーキテクチャの設計] 5問 生成中 --- 開始=21:57:22
  抽出: 5問 → APIインポート中...
  ✓ チャンク1 インポート成功: 5件: saa-2a682786, saa-5b527420, saa-f9951cc2...
  [弾力性に優れたアーキテクチャの設計] 合計 5/5問 インポート
  終了=22:00:18  経過=176秒

--- [コスト最適化されたアーキテクチャの設計] 4問 生成中 --- 開始=22:00:18
  抽出: 4問 → APIインポート中...
  ✓ チャンク1 インポート成功: 4件: saa-7470d141, saa-1ed8d036, saa-d525b223...
  [コスト最適化されたアーキテクチャの設計] 合計 4/4問 インポート
  終了=22:03:12  経過=174秒

合計インポート: 20問 / 20問

--- 問題数キャッシュを再構築中（DynamoDBから正確な値を取得）---
  CLF: 273問
  SAA: 288問
  SAP: 270問
  DVA: 286問
  SOA: 273問
  DEA: 278問
  DOP: 352問
  AIF: 286問
  MLA: 274問
  AIP: 289問
  ANS: 269問
  SCS: 271問
キャッシュ更新完了
インポート完了: SAA +20問
✓ Cloudflare Pages 再ビルドを 00:06 にスケジュールしました

==========================================
完了: Sun Jun 28 22:06:20 JST 2026
==========================================
