==========================================
問題自動生成 開始: Thu Jul  9 00:04:38 JST 2026
==========================================
対象資格: CLF SAA SAP DVA SOA DEA DOP AIF MLA AIP ANS SCS
問題数キャッシュを使用...
  CLF: 315問 (キャッシュ)
  SAA: 308問 (キャッシュ)
  SAP: 309問 (キャッシュ)
  DVA: 306問 (キャッシュ)
  SOA: 306問 (キャッシュ)
  DEA: 300問 (キャッシュ)
  DOP: 373問 (キャッシュ)
  AIF: 311問 (キャッシュ)
  MLA: 304問 (キャッシュ)
  AIP: 299問 (キャッシュ)
  ANS: 309問 (キャッシュ)
  SCS: 309問 (キャッシュ)
選択: AIP (現在299問 — 最少)
試験ガイドURL: https://aws.amazon.com/jp/certification/certified-generative-ai-developer-professional/
ドメイン数: 5  /  基本 5問/ドメイン（重み付きで配分）  /  合計予算 25問
開始ドメイン: [4] テスト、検証、トラブルシューティング

--- Cognito 認証中 ---
✓ 認証完了

--- ドメイン別問題数を取得・割り当て計算中 ---
  基盤モデルの統合、データ管理、コンプライアンス: 53問
  生成AIアプリケーションの運用効率と最適化: 55問
  AIの安全性、セキュリティ、ガバナンス: 55問
  テスト、検証、トラブルシューティング: 61問
  実装と統合: 75問

ドメイン別生成数（逆数重み付き割り当て）:
  10問 → 基盤モデルの統合、データ管理、コンプライアンス (現在53問)
  7問 → AIの安全性、セキュリティ、ガバナンス (現在55問)
  7問 → 生成AIアプリケーションの運用効率と最適化 (現在55問)
  1問 → テスト、検証、トラブルシューティング (現在61問)
  0問 → 実装と統合 (現在75問)
  合計: 25問
処理順（問題数少ない順）: 基盤モデルの統合、データ管理、コンプライアンス,AIの安全性、セキュリティ、ガバナンス,生成AIアプリケーションの運用効率と最適化,テスト、検証、トラブルシューティング,実装と統合

--- [基盤モデルの統合、データ管理、コンプライアンス] 10問 生成中 --- 開始=00:05:22
⚠️  レート制限を検出。残りをスキップ
出力: You've hit your session limit · resets 4:10am (Asia/Tokyo)
  終了=00:22:51  経過=1049秒

合計インポート: 0問 / 25問

--- 問題数キャッシュを再構築中（DynamoDBから正確な値を取得）---
  CLF: 315問
  SAA: 308問
  SAP: 309問
  DVA: 306問
  SOA: 306問
  DEA: 300問
  DOP: 373問
  AIF: 311問
  MLA: 304問
  AIP: 299問
  ANS: 309問
  SCS: 309問
キャッシュ更新完了
