==========================================
問題自動生成 開始: Sun Jul 19 20:27:11 JST 2026
==========================================
対象資格: CLF SAA SAP DVA SOA DEA DOP AIF MLA AIP ANS SCS
問題数キャッシュを使用...
  CLF: 337問 (キャッシュ)
  SAA: 308問 (キャッシュ)
  SAP: 308問 (キャッシュ)
  DVA: 306問 (キャッシュ)
  SOA: 306問 (キャッシュ)
  DEA: 306問 (キャッシュ)
  DOP: 372問 (キャッシュ)
  AIF: 336問 (キャッシュ)
  MLA: 311問 (キャッシュ)
  AIP: 314問 (キャッシュ)
  ANS: 309問 (キャッシュ)
  SCS: 309問 (キャッシュ)
選択: DVA (現在306問 — 最少)
試験ガイドURL: https://aws.amazon.com/jp/certification/certified-developer-associate/
ドメイン数: 4  /  基本 5問/ドメイン（重み付きで配分）  /  合計予算 20問
開始ドメイン: [1] セキュリティ

--- Cognito 認証中 ---
✓ 認証完了

--- ドメイン別問題数を取得・割り当て計算中 ---
  デプロイ: 76問
  セキュリティ: 76問
  AWSのサービスを使用した開発: 77問
  トラブルシューティングと最適化: 77問

ドメイン別生成数（逆数重み付き割り当て）:
  6問 → セキュリティ (現在76問)
  6問 → デプロイ (現在76問)
  4問 → AWSのサービスを使用した開発 (現在77問)
  4問 → トラブルシューティングと最適化 (現在77問)
  合計: 20問
処理順（問題数少ない順）: セキュリティ,デプロイ,AWSのサービスを使用した開発,トラブルシューティングと最適化

--- [セキュリティ] 6問 生成中 --- 開始=20:27:45
  ✓ インポート: dva-2aa9524d
  ✓ インポート: dva-6e69c3f2
  ✓ インポート: dva-4fff55e4
  ✓ インポート: dva-758661bf
  ✓ インポート: dva-d3bc04fb
  ✓ インポート: dva-93393c23
  チャンク1: 6問インポート  経過=847秒
  [セキュリティ] 合計 6/6問 インポート
  終了=20:41:52  経過=847秒

--- [デプロイ] 6問 生成中 --- 開始=20:41:52
⚠️  レート制限を検出。残りをスキップ
出力: You've hit your session limit · resets 8:50pm (Asia/Tokyo)
  チャンク1: 0問インポート  経過=4秒
  終了=20:41:56  経過=4秒

合計インポート: 6問 / 20問

--- 問題数キャッシュを再構築中（DynamoDBから正確な値を取得）---
  CLF: 337問
  SAA: 308問
  SAP: 308問
  DVA: 312問
  SOA: 306問
  DEA: 306問
  DOP: 372問
  AIF: 336問
  MLA: 311問
  AIP: 314問
  ANS: 309問
  SCS: 309問
キャッシュ更新完了
