==========================================
問題自動生成 開始: Mon Jul  6 15:14:31 JST 2026
==========================================
対象資格: CLF SAA SAP DVA SOA DEA DOP AIF MLA AIP ANS SCS
問題数キャッシュを使用...
  CLF: 298問 (キャッシュ)
  SAA: 308問 (キャッシュ)
  SAP: 309問 (キャッシュ)
  DVA: 306問 (キャッシュ)
  SOA: 306問 (キャッシュ)
  DEA: 298問 (キャッシュ)
  DOP: 373問 (キャッシュ)
  AIF: 311問 (キャッシュ)
  MLA: 298問 (キャッシュ)
  AIP: 298問 (キャッシュ)
  ANS: 309問 (キャッシュ)
  SCS: 309問 (キャッシュ)
選択: CLF (現在298問 — 最少)
試験ガイドURL: https://aws.amazon.com/jp/certification/certified-cloud-practitioner/
ドメイン数: 4  /  基本 5問/ドメイン（重み付きで配分）  /  合計予算 20問
開始ドメイン: [0] クラウドの概念

--- Cognito 認証中 ---
✓ 認証完了

--- ドメイン別問題数を取得・割り当て計算中 ---
  請求、料金、およびサポート: 74問
  クラウドのテクノロジーとサービス: 74問
  セキュリティとコンプライアンス: 74問
  クラウドの概念: 76問

ドメイン別生成数（逆数重み付き割り当て）:
  6問 → セキュリティとコンプライアンス (現在74問)
  6問 → クラウドのテクノロジーとサービス (現在74問)
  5問 → 請求、料金、およびサポート (現在74問)
  3問 → クラウドの概念 (現在76問)
  合計: 20問
処理順（問題数少ない順）: クラウドのテクノロジーとサービス,セキュリティとコンプライアンス,請求、料金、およびサポート,クラウドの概念

--- [クラウドのテクノロジーとサービス] 6問 生成中 --- 開始=15:15:16
  抽出: 6問 → APIインポート中...
  ✓ チャンク1 インポート成功: 6件: clf-d8b35011, clf-7b5ab46a, clf-19d14dcf...
  [クラウドのテクノロジーとサービス] 合計 6/6問 インポート
  終了=15:24:54  経過=578秒

--- [セキュリティとコンプライアンス] 6問 生成中 --- 開始=15:24:54
  抽出: 6問 → APIインポート中...
  ✓ チャンク1 インポート成功: 6件: clf-edc886cc, clf-ca43f2a7, clf-720f18a3...
  [セキュリティとコンプライアンス] 合計 6/6問 インポート
  終了=15:35:06  経過=612秒

--- [請求、料金、およびサポート] 5問 生成中 --- 開始=15:35:06
  抽出: 5問 → APIインポート中...
  ✓ チャンク1 インポート成功: 5件: clf-f3da40ef, clf-0555dce8, clf-547f7d88...
  [請求、料金、およびサポート] 合計 5/5問 インポート
  終了=15:47:44  経過=758秒

--- [クラウドの概念] 3問 生成中 --- 開始=15:47:44
⚠️  レート制限を検出。残りをスキップ
出力: You've hit your session limit · resets 4:40pm (Asia/Tokyo)
  終了=15:47:47  経過=3秒

合計インポート: 17問 / 20問

--- 問題数キャッシュを再構築中（DynamoDBから正確な値を取得）---
  CLF: 315問
  SAA: 308問
  SAP: 309問
  DVA: 306問
  SOA: 306問
  DEA: 298問
  DOP: 373問
  AIF: 311問
  MLA: 298問
  AIP: 298問
  ANS: 309問
  SCS: 309問
キャッシュ更新完了
