==========================================
問題自動生成 開始: Sun Jun 28 21:55:43 JST 2026
==========================================
対象資格: CLF SAA SAP DVA SOA DEA DOP AIF MLA AIP ANS SCS
問題数キャッシュを使用...
  CLF: 273問 (キャッシュ)
  SAA: 274問 (キャッシュ)
  SAP: 270問 (キャッシュ)
  DVA: 268問 (キャッシュ)
  SOA: 273問 (キャッシュ)
  DEA: 278問 (キャッシュ)
  DOP: 352問 (キャッシュ)
  AIF: 286問 (キャッシュ)
  MLA: 274問 (キャッシュ)
  AIP: 289問 (キャッシュ)
  ANS: 269問 (キャッシュ)
  SCS: 271問 (キャッシュ)
選択: DVA (現在268問 — 最少)
試験ガイドURL: https://aws.amazon.com/jp/certification/certified-developer-associate/
ドメイン数: 4  /  基本 5問/ドメイン（重み付きで配分）  /  合計予算 20問
開始ドメイン: [2] デプロイ

--- Cognito 認証中 ---
✓ 認証完了

--- ドメイン別問題数を取得・割り当て計算中 ---
  デプロイ: 64問
  AWSのサービスを使用した開発: 65問
  セキュリティ: 69問
  トラブルシューティングと最適化: 70問

ドメイン別生成数（逆数重み付き割り当て）:
  8問 → デプロイ (現在64問)
  7問 → AWSのサービスを使用した開発 (現在65問)
  3問 → セキュリティ (現在69問)
  2問 → トラブルシューティングと最適化 (現在70問)
  合計: 20問
処理順（問題数少ない順）: デプロイ,AWSのサービスを使用した開発,セキュリティ,トラブルシューティングと最適化

--- [デプロイ] 8問 生成中 (5問×2チャンク) --- 開始=21:56:21
  チャンク 1/2: 5問 生成中...
  抽出: 5問 → APIインポート中...
  ✓ チャンク1 インポート成功: 5件: dva-0c27c417, dva-894ef744, dva-77c820e1...
  チャンク 2/2: 3問 生成中...
  抽出: 3問 → APIインポート中...
  ✓ チャンク2 インポート成功: 3件: dva-13ad4cf3, dva-b6d47fe6, dva-04cb5ddd
  [デプロイ] 合計 8/8問 インポート
  終了=21:59:42  経過=202秒

--- [AWSのサービスを使用した開発] 7問 生成中 --- 開始=21:59:42
  抽出: 7問 → APIインポート中...
  ✓ チャンク1 インポート成功: 7件: dva-e54f6b91, dva-16b61580, dva-80b260b5...
  [AWSのサービスを使用した開発] 合計 7/7問 インポート
  終了=22:02:12  経過=150秒

--- [セキュリティ] 3問 生成中 --- 開始=22:02:12
  抽出: 3問 → APIインポート中...
  ✓ チャンク1 インポート成功: 3件: dva-a1d64eac, dva-5a1ec2df, dva-2b6eaef5
  [セキュリティ] 合計 3/3問 インポート
  終了=22:03:57  経過=105秒

--- [トラブルシューティングと最適化] 2問 生成中 --- 開始=22:03:57
⚠️  レート制限を検出。残りをスキップ
出力: You've hit your session limit · resets 10:10pm (Asia/Tokyo)
  終了=22:04:02  経過=5秒

合計インポート: 18問 / 20問

--- 問題数キャッシュを再構築中（DynamoDBから正確な値を取得）---
  CLF: 273問
  SAA: 288問
  SAP: 270問
  DVA: 286問
  SOA: 273問
  DEA: 278問
  DOP: 352問
  AIF: 286問
  MLA: 274問
  AIP: 289問
  ANS: 269問
  SCS: 271問
キャッシュ更新完了
