==========================================
問題自動生成 開始: Mon Jul 13 15:59:29 JST 2026
==========================================
対象資格: CLF SAA SAP DVA SOA DEA DOP AIF MLA AIP ANS SCS
指定資格: CLF
試験ガイドURL: https://aws.amazon.com/jp/certification/certified-cloud-practitioner/
ドメイン数: 4  /  基本 8問/ドメイン（重み付きで配分）  /  合計予算 32問
開始ドメイン: [3] 請求、料金、およびサポート

--- Cognito 認証中 ---
✓ 認証完了

--- ドメイン別問題数を取得・割り当て計算中 ---
  クラウドの概念: 76問
  請求、料金、およびサポート: 79問
  クラウドのテクノロジーとサービス: 80問
  セキュリティとコンプライアンス: 80問

ドメイン別生成数（逆数重み付き割り当て）:
  11問 → クラウドの概念 (現在76問)
  8問 → 請求、料金、およびサポート (現在79問)
  7問 → セキュリティとコンプライアンス (現在80問)
  6問 → クラウドのテクノロジーとサービス (現在80問)
  合計: 32問
処理順（問題数少ない順）: クラウドの概念,請求、料金、およびサポート,セキュリティとコンプライアンス,クラウドのテクノロジーとサービス

--- [クラウドの概念] 11問 生成中 (8問×2チャンク) --- 開始=16:00:15
  チャンク 1/2: 8問 生成中...
  ✓ インポート: clf-8d589a5d
  ✓ インポート: clf-9ad21082
  ✓ インポート: clf-b0c4b1a0
  ✓ インポート: clf-898b7cfb
  ✓ インポート: clf-792bc525
  ✓ インポート: clf-e7122bd9
  ✓ インポート: clf-6c240e76
  ✓ インポート: clf-4d758d3e
  チャンク1: 8問インポート  経過=822秒
  チャンク 2/2: 3問 生成中...
⚠️  レート制限を検出。残りをスキップ
出力: You've hit your session limit · resets 4:50pm (Asia/Tokyo)
  チャンク2: 0問インポート  経過=2秒
  終了=16:13:59  経過=824秒

合計インポート: 0問 / 32問

--- 問題数キャッシュを再構築中（DynamoDBから正確な値を取得）---
  CLF: 323問
  SAA: 308問
  SAP: 308問
  DVA: 306問
  SOA: 306問
  DEA: 306問
  DOP: 373問
  AIF: 337問
  MLA: 304問
  AIP: 301問
  ANS: 309問
  SCS: 309問
キャッシュ更新完了
