==========================================
問題自動生成 開始: Wed Jul  1 19:50:04 JST 2026
==========================================
対象資格: CLF SAA SAP DVA SOA DEA DOP AIF MLA AIP ANS SCS
問題数キャッシュを使用...
  CLF: 293問 (キャッシュ)
  SAA: 308問 (キャッシュ)
  SAP: 290問 (キャッシュ)
  DVA: 306問 (キャッシュ)
  SOA: 290問 (キャッシュ)
  DEA: 298問 (キャッシュ)
  DOP: 352問 (キャッシュ)
  AIF: 311問 (キャッシュ)
  MLA: 294問 (キャッシュ)
  AIP: 298問 (キャッシュ)
  ANS: 289問 (キャッシュ)
  SCS: 291問 (キャッシュ)
選択: ANS (現在289問 — 最少)
試験ガイドURL: https://aws.amazon.com/jp/certification/certified-advanced-networking-specialty/
ドメイン数: 4  /  基本 5問/ドメイン（重み付きで配分）  /  合計予算 20問
開始ドメイン: [1] ネットワーク実装
🎯 難易度強化モード（--hard）有効

--- Cognito 認証中 ---
✓ 認証完了

--- ドメイン別問題数を取得・割り当て計算中 ---
  ネットワーク管理と運用: 70問
  ネットワークのセキュリティ、コンプライアンス、ガバナンス: 72問
  ネットワーク実装: 73問
  ネットワーク設計: 74問

ドメイン別生成数（逆数重み付き割り当て）:
  8問 → ネットワーク管理と運用 (現在70問)
  5問 → ネットワークのセキュリティ、コンプライアンス、ガバナンス (現在72問)
  4問 → ネットワーク実装 (現在73問)
  3問 → ネットワーク設計 (現在74問)
  合計: 20問
処理順（問題数少ない順）: ネットワーク管理と運用,ネットワークのセキュリティ、コンプライアンス、ガバナンス,ネットワーク実装,ネットワーク設計

--- [ネットワーク管理と運用] 8問 生成中 (3問×3チャンク) --- 開始=19:50:37
  チャンク 1/3: 3問 生成中...
  抽出: 3問 → APIインポート中...
  ✓ チャンク1 インポート成功: 3件: ans-d2dc8956, ans-c655c9ba, ans-741dd167
  チャンク 2/3: 3問 生成中...
  抽出: 3問 → APIインポート中...
  ✓ チャンク2 インポート成功: 3件: ans-10a8f110, ans-89017dbf, ans-63dac8d9
  チャンク 3/3: 2問 生成中...
  抽出: 2問 → APIインポート中...
  ✓ チャンク3 インポート成功: 2件: ans-22d328fd, ans-c4aa243e
  [ネットワーク管理と運用] 合計 8/8問 インポート
  終了=19:55:43  経過=306秒

--- [ネットワークのセキュリティ、コンプライアンス、ガバナンス] 5問 生成中 (3問×2チャンク) --- 開始=19:55:43
  チャンク 1/2: 3問 生成中...
  抽出: 3問 → APIインポート中...
  ✓ チャンク1 インポート成功: 3件: ans-807f36dd, ans-ef85b71c, ans-e2530f03
  チャンク 2/2: 2問 生成中...
  抽出: 2問 → APIインポート中...
  ✓ チャンク2 インポート成功: 2件: ans-f762bf67, ans-650cd2ec
  [ネットワークのセキュリティ、コンプライアンス、ガバナンス] 合計 5/5問 インポート
  終了=19:59:39  経過=236秒

--- [ネットワーク実装] 4問 生成中 --- 開始=19:59:39
  抽出: 4問 → APIインポート中...
  ✓ チャンク1 インポート成功: 4件: ans-4cee26cc, ans-d57abfc6, ans-aa2d50ad...
  [ネットワーク実装] 合計 4/4問 インポート
  終了=20:01:27  経過=108秒

--- [ネットワーク設計] 3問 生成中 --- 開始=20:01:27
  抽出: 3問 → APIインポート中...
  ✓ チャンク1 インポート成功: 3件: ans-6477b6c6, ans-ff80f0c4, ans-bfa85a02
  [ネットワーク設計] 合計 3/3問 インポート
  終了=20:03:42  経過=135秒

合計インポート: 20問 / 20問

--- 問題数キャッシュを再構築中（DynamoDBから正確な値を取得）---
  CLF: 293問
  SAA: 308問
  SAP: 289問
  DVA: 306問
  SOA: 290問
  DEA: 298問
  DOP: 352問
  AIF: 311問
  MLA: 294問
  AIP: 298問
  ANS: 309問
  SCS: 291問
キャッシュ更新完了
インポート完了: ANS +20問
✓ Cloudflare Pages 再ビルドを 22:06 にスケジュールしました

==========================================
完了: Wed Jul  1 20:06:51 JST 2026
==========================================
