==========================================
問題自動生成 開始: Sat Jun 27 10:50:27 JST 2026
==========================================
対象資格: CLF SAA SAP DVA SOA DEA DOP AIF MLA AIP ANS SCS
問題数キャッシュを使用...
  CLF: 273問 (キャッシュ)
  SAA: 268問 (キャッシュ)
  SAP: 264問 (キャッシュ)
  DVA: 268問 (キャッシュ)
  SOA: 273問 (キャッシュ)
  DEA: 278問 (キャッシュ)
  DOP: 352問 (キャッシュ)
  AIF: 286問 (キャッシュ)
  MLA: 274問 (キャッシュ)
  AIP: 264問 (キャッシュ)
  ANS: 269問 (キャッシュ)
  SCS: 264問 (キャッシュ)
選択: SAP (現在264問 — 最少)
試験ガイドURL: https://aws.amazon.com/jp/certification/certified-solutions-architect-professional/
ドメイン数: 4  /  基本 5問/ドメイン（重み付きで配分）  /  合計予算 20問
開始ドメイン: [3] ワークロードの移行とモダン化の加速
🎯 難易度強化モード（--hard）有効

--- Cognito 認証中 ---
✓ 認証完了

--- ドメイン別問題数を取得・割り当て計算中 ---
  既存のソリューションの継続的改善: 63問
  新しいソリューションのための設計: 64問
  ワークロードの移行とモダン化の加速: 68問
  組織の複雑さに対応する設計: 69問

ドメイン別生成数（逆数重み付き割り当て）:
  8問 → 既存のソリューションの継続的改善 (現在63問)
  7問 → 新しいソリューションのための設計 (現在64問)
  3問 → ワークロードの移行とモダン化の加速 (現在68問)
  2問 → 組織の複雑さに対応する設計 (現在69問)
  合計: 20問
処理順（問題数少ない順）: 既存のソリューションの継続的改善,新しいソリューションのための設計,ワークロードの移行とモダン化の加速,組織の複雑さに対応する設計

--- [既存のソリューションの継続的改善] 8問 生成中 (3問×3チャンク) --- 開始=10:51:00
  チャンク 1/3: 3問 生成中...
  抽出: 3問 → APIインポート中...
  ✓ チャンク1 インポート成功: 3件: sap-8db5e5fd, sap-30ae5f00, sap-e8d32065
  チャンク 2/3: 3問 生成中...
  抽出: 3問 → APIインポート中...
  ✓ チャンク2 インポート成功: 3件: sap-427a9950, sap-56044bce, sap-48c224f0
  チャンク 3/3: 2問 生成中...
⚠️  レート制限を検出。残りをスキップ
出力: You've hit your session limit · resets 11:10am (Asia/Tokyo)
  終了=10:55:37  経過=277秒

合計インポート: 0問 / 20問

--- 問題数キャッシュを再構築中（DynamoDBから正確な値を取得）---
  CLF: 273問
  SAA: 268問
  SAP: 270問
  DVA: 268問
  SOA: 273問
  DEA: 278問
  DOP: 352問
  AIF: 286問
  MLA: 274問
  AIP: 264問
  ANS: 269問
  SCS: 264問
キャッシュ更新完了
