==========================================
問題自動生成 開始: Tue Jun 30 13:50:04 JST 2026
==========================================
対象資格: CLF SAA SAP DVA SOA DEA DOP AIF MLA AIP ANS SCS
問題数キャッシュを使用...
  CLF: 293問 (キャッシュ)
  SAA: 288問 (キャッシュ)
  SAP: 290問 (キャッシュ)
  DVA: 286問 (キャッシュ)
  SOA: 290問 (キャッシュ)
  DEA: 298問 (キャッシュ)
  DOP: 352問 (キャッシュ)
  AIF: 286問 (キャッシュ)
  MLA: 294問 (キャッシュ)
  AIP: 289問 (キャッシュ)
  ANS: 289問 (キャッシュ)
  SCS: 291問 (キャッシュ)
選択: DVA (現在286問 — 最少)
試験ガイドURL: https://aws.amazon.com/jp/certification/certified-developer-associate/
ドメイン数: 4  /  基本 5問/ドメイン（重み付きで配分）  /  合計予算 20問
開始ドメイン: [1] セキュリティ
🎯 難易度強化モード（--hard）有効

--- Cognito 認証中 ---
✓ 認証完了

--- ドメイン別問題数を取得・割り当て計算中 ---
  トラブルシューティングと最適化: 70問
  AWSのサービスを使用した開発: 72問
  デプロイ: 72問
  セキュリティ: 72問

ドメイン別生成数（逆数重み付き割り当て）:
  7問 → トラブルシューティングと最適化 (現在70問)
  5問 → AWSのサービスを使用した開発 (現在72問)
  4問 → セキュリティ (現在72問)
  4問 → デプロイ (現在72問)
  合計: 20問
処理順（問題数少ない順）: トラブルシューティングと最適化,AWSのサービスを使用した開発,セキュリティ,デプロイ

--- [トラブルシューティングと最適化] 7問 生成中 --- 開始=13:50:37
  抽出: 7問 → APIインポート中...
  ✓ チャンク1 インポート成功: 7件: dva-530fcd27, dva-be7284ee, dva-8109ed49...
  [トラブルシューティングと最適化] 合計 7/7問 インポート
  終了=13:53:40  経過=183秒

--- [AWSのサービスを使用した開発] 5問 生成中 --- 開始=13:53:40
  抽出: 5問 → APIインポート中...
  ✓ チャンク1 インポート成功: 5件: dva-c23c9a8d, dva-9026fe10, dva-945100c6...
  [AWSのサービスを使用した開発] 合計 5/5問 インポート
  終了=13:57:39  経過=239秒

--- [セキュリティ] 4問 生成中 --- 開始=13:57:39
  抽出: 4問 → APIインポート中...
  ✓ チャンク1 インポート成功: 4件: dva-cc5832b9, dva-5a8712fb, dva-dad2c8c5...
  [セキュリティ] 合計 4/4問 インポート
  終了=14:00:07  経過=148秒

--- [デプロイ] 4問 生成中 --- 開始=14:00:07
  抽出: 4問 → APIインポート中...
  ✓ チャンク1 インポート成功: 4件: dva-bcf5830a, dva-8443e414, dva-a6ad9ecc...
  [デプロイ] 合計 4/4問 インポート
  終了=14:02:11  経過=124秒

合計インポート: 20問 / 20問

--- 問題数キャッシュを再構築中（DynamoDBから正確な値を取得）---
  CLF: 293問
  SAA: 288問
  SAP: 290問
  DVA: 306問
  SOA: 290問
  DEA: 298問
  DOP: 352問
  AIF: 286問
  MLA: 294問
  AIP: 289問
  ANS: 289問
  SCS: 291問
キャッシュ更新完了
インポート完了: DVA +20問
✓ Cloudflare Pages 再ビルドを 16:05 にスケジュールしました

==========================================
完了: Tue Jun 30 14:05:19 JST 2026
==========================================
