==========================================
問題自動生成 開始: Mon Jun 29 07:52:27 JST 2026
==========================================
対象資格: CLF SAA SAP DVA SOA DEA DOP AIF MLA AIP ANS SCS
問題数キャッシュを使用...
  CLF: 273問 (キャッシュ)
  SAA: 288問 (キャッシュ)
  SAP: 290問 (キャッシュ)
  DVA: 286問 (キャッシュ)
  SOA: 273問 (キャッシュ)
  DEA: 278問 (キャッシュ)
  DOP: 352問 (キャッシュ)
  AIF: 286問 (キャッシュ)
  MLA: 274問 (キャッシュ)
  AIP: 289問 (キャッシュ)
  ANS: 283問 (キャッシュ)
  SCS: 271問 (キャッシュ)
選択: SCS (現在271問 — 最少)
試験ガイドURL: https://aws.amazon.com/jp/certification/certified-security-specialty/
ドメイン数: 6  /  基本 5問/ドメイン（重み付きで配分）  /  合計予算 30問
開始ドメイン: [4] データ保護
🎯 難易度強化モード（--hard）有効

--- Cognito 認証中 ---
✓ 認証完了

--- ドメイン別問題数を取得・割り当て計算中 ---
  セキュリティの基盤とガバナンス: 42問
  インフラストラクチャのセキュリティ: 42問
  インシデント対応: 44問
  データ保護: 47問
  検出: 47問
  アイデンティティとアクセス管理: 49問

ドメイン別生成数（逆数重み付き割り当て）:
  9問 → インフラストラクチャのセキュリティ (現在42問)
  8問 → セキュリティの基盤とガバナンス (現在42問)
  6問 → インシデント対応 (現在44問)
  3問 → 検出 (現在47問)
  3問 → データ保護 (現在47問)
  1問 → アイデンティティとアクセス管理 (現在49問)
  合計: 30問
処理順（問題数少ない順）: インフラストラクチャのセキュリティ,セキュリティの基盤とガバナンス,インシデント対応,データ保護,検出,アイデンティティとアクセス管理

--- [インフラストラクチャのセキュリティ] 9問 生成中 (3問×3チャンク) --- 開始=07:53:00
  チャンク 1/3: 3問 生成中...
⚠️  レート制限を検出。残りをスキップ
出力: You've hit your session limit · resets 8:10am (Asia/Tokyo)
  終了=07:53:02  経過=2秒

合計インポート: 0問 / 30問

--- 問題数キャッシュを再構築中（DynamoDBから正確な値を取得）---
  CLF: 273問
  SAA: 288問
  SAP: 290問
  DVA: 286問
  SOA: 273問
  DEA: 278問
  DOP: 352問
  AIF: 286問
  MLA: 274問
  AIP: 289問
  ANS: 283問
  SCS: 271問
キャッシュ更新完了
