==========================================
問題自動生成 開始: Tue Jul 14 13:48:30 JST 2026
==========================================
対象資格: CLF SAA SAP DVA SOA DEA DOP AIF MLA AIP ANS SCS
指定資格: CLF
試験ガイドURL: https://aws.amazon.com/jp/certification/certified-cloud-practitioner/
ドメイン数: 4  /  基本 8問/ドメイン（重み付きで配分）  /  合計予算 32問
開始ドメイン: [0] クラウドの概念

--- Cognito 認証中 ---
✓ 認証完了

--- ドメイン別問題数を取得・割り当て計算中 ---
  請求、料金、およびサポート: 79問
  クラウドのテクノロジーとサービス: 80問
  セキュリティとコンプライアンス: 80問
  クラウドの概念: 84問

ドメイン別生成数（逆数重み付き割り当て）:
  10問 → 請求、料金、およびサポート (現在79問)
  9問 → セキュリティとコンプライアンス (現在80問)
  9問 → クラウドのテクノロジーとサービス (現在80問)
  4問 → クラウドの概念 (現在84問)
  合計: 32問
処理順（問題数少ない順）: 請求、料金、およびサポート,クラウドのテクノロジーとサービス,セキュリティとコンプライアンス,クラウドの概念

--- [請求、料金、およびサポート] 10問 生成中 (5問×2チャンク) --- 開始=13:49:16
  チャンク 1/2: 5問 生成中...
  ✓ インポート: clf-df50e576
  ✓ インポート: clf-d7505718
  ✓ インポート: clf-a4e115fe
  ✓ インポート: clf-7829df29
  ✓ インポート: clf-4017ff6a
  チャンク1: 5問インポート  経過=397秒
  チャンク 2/2: 5問 生成中...
  ✓ インポート: clf-fe5ff023
  ✓ インポート: clf-3130ebc0
  ✓ インポート: clf-b8ff3df9
  ✓ インポート: clf-93912b5a
  ✓ インポート: clf-0b4beab3
  チャンク2: 5問インポート  経過=311秒
  [請求、料金、およびサポート] 合計 10/10問 インポート
  終了=14:01:04  経過=709秒

--- [クラウドのテクノロジーとサービス] 9問 生成中 (5問×2チャンク) --- 開始=14:01:05
  チャンク 1/2: 5問 生成中...
  ✓ インポート: clf-4f5199a2
  ✓ インポート: clf-16b7ffad
  ✓ インポート: clf-9409ed22
  ✓ インポート: clf-0cb479dd
  ✓ インポート: clf-d3bfdeee
  チャンク1: 5問インポート  経過=369秒
  チャンク 2/2: 4問 生成中...
⚠️  レート制限を検出。残りをスキップ
出力: You've hit your session limit · resets 5:50pm (Asia/Tokyo)
  チャンク2: 0問インポート  経過=3秒
  終了=14:07:17  経過=372秒

合計インポート: 10問 / 32問

--- 問題数キャッシュを再構築中（DynamoDBから正確な値を取得）---
  CLF: 338問
  SAA: 308問
  SAP: 308問
  DVA: 306問
  SOA: 306問
  DEA: 306問
  DOP: 373問
  AIF: 337問
  MLA: 304問
  AIP: 301問
  ANS: 309問
  SCS: 309問
キャッシュ更新完了
