==========================================
問題自動生成 開始: Wed Jul  8 23:48:54 JST 2026
==========================================
対象資格: CLF SAA SAP DVA SOA DEA DOP AIF MLA AIP ANS SCS
指定資格: AIP
試験ガイドURL: https://aws.amazon.com/jp/certification/certified-generative-ai-developer-professional/
対象ドメイン: テスト、検証、トラブルシューティング  /  1問

--- Cognito 認証中 ---
✓ 認証完了

--- ドメイン別問題数を取得・割り当て計算中 ---
  基盤モデルの統合、データ管理、コンプライアンス: 53問
  生成AIアプリケーションの運用効率と最適化: 55問
  AIの安全性、セキュリティ、ガバナンス: 55問
  テスト、検証、トラブルシューティング: 60問
  実装と統合: 75問

--- [テスト、検証、トラブルシューティング] 1問 生成中 --- 開始=23:49:38
  抽出: 1問 → APIインポート中...
  ✓ チャンク1 インポート成功: 1件: aip-f3329527
  [テスト、検証、トラブルシューティング] 合計 1/1問 インポート
  終了=23:53:07  経過=209秒

合計インポート: 1問 / 1問

--- 問題数キャッシュを再構築中（DynamoDBから正確な値を取得）---
  CLF: 315問
  SAA: 308問
