==========================================
問題自動生成 開始: Sun Jul  5 19:37:29 JST 2026
==========================================
対象資格: CLF SAA SAP DVA SOA DEA DOP AIF MLA AIP ANS SCS
問題数キャッシュを使用...
  CLF: 298問 (キャッシュ)
  SAA: 308問 (キャッシュ)
  SAP: 309問 (キャッシュ)
  DVA: 306問 (キャッシュ)
  SOA: 306問 (キャッシュ)
  DEA: 298問 (キャッシュ)
  DOP: 373問 (キャッシュ)
  AIF: 311問 (キャッシュ)
  MLA: 298問 (キャッシュ)
  AIP: 298問 (キャッシュ)
  ANS: 309問 (キャッシュ)
  SCS: 295問 (キャッシュ)
選択: SCS (現在295問 — 最少)
試験ガイドURL: https://aws.amazon.com/jp/certification/certified-security-specialty/
ドメイン数: 6  /  基本 5問/ドメイン（重み付きで配分）  /  合計予算 30問
開始ドメイン: [2] インフラストラクチャのセキュリティ

--- Cognito 認証中 ---
✓ 認証完了

--- ドメイン別問題数を取得・割り当て計算中 ---
  検出: 47問
  インシデント対応: 48問
  インフラストラクチャのセキュリティ: 48問
  アイデンティティとアクセス管理: 49問
  データ保護: 51問
  セキュリティの基盤とガバナンス: 52問

ドメイン別生成数（逆数重み付き割り当て）:
  8問 → 検出 (現在47問)
  6問 → インシデント対応 (現在48問)
  6問 → インフラストラクチャのセキュリティ (現在48問)
  5問 → アイデンティティとアクセス管理 (現在49問)
  3問 → データ保護 (現在51問)
  2問 → セキュリティの基盤とガバナンス (現在52問)
  合計: 30問
処理順（問題数少ない順）: 検出,インシデント対応,インフラストラクチャのセキュリティ,アイデンティティとアクセス管理,データ保護,セキュリティの基盤とガバナンス

--- [検出] 8問 生成中 (3問×3チャンク) --- 開始=19:38:14
  チャンク 1/3: 3問 生成中...
  抽出: 3問 → APIインポート中...
  ✓ チャンク1 インポート成功: 3件: scs-b55b1d3d, scs-f3ea8732, scs-69528ab6
  チャンク 2/3: 3問 生成中...
  抽出: 3問 → APIインポート中...
  ✓ チャンク2 インポート成功: 3件: scs-6657d6ef, scs-149fba07, scs-f130f8a2
  チャンク 3/3: 2問 生成中...
  抽出: 2問 → APIインポート中...
  ✓ チャンク3 インポート成功: 2件: scs-e0528c90, scs-a380837c
  [検出] 合計 8/8問 インポート
  終了=20:04:28  経過=1575秒

--- [インシデント対応] 6問 生成中 (3問×2チャンク) --- 開始=20:04:28
  チャンク 1/2: 3問 生成中...
  抽出: 3問 → APIインポート中...
  ✓ チャンク1 インポート成功: 3件: scs-5518c4ad, scs-f4e40614, scs-0cc05a61
  チャンク 2/2: 3問 生成中...
  抽出: 3問 → APIインポート中...
  ✓ チャンク2 インポート成功: 3件: scs-0d0c920d, scs-7c893f37, scs-f7bfc5da
  [インシデント対応] 合計 6/6問 インポート
  終了=20:24:22  経過=1194秒

--- [インフラストラクチャのセキュリティ] 6問 生成中 (3問×2チャンク) --- 開始=20:24:22
  チャンク 1/2: 3問 生成中...
⚠️  レート制限を検出。残りをスキップ
出力: You've hit your session limit · resets 8:40pm (Asia/Tokyo)
  終了=20:24:24  経過=2秒

合計インポート: 14問 / 30問

--- 問題数キャッシュを再構築中（DynamoDBから正確な値を取得）---
  CLF: 298問
  SAA: 308問
  SAP: 309問
  DVA: 306問
  SOA: 306問
  DEA: 298問
  DOP: 373問
  AIF: 311問
  MLA: 298問
  AIP: 298問
  ANS: 309問
  SCS: 309問
キャッシュ更新完了
