==========================================
問題自動生成 開始: Tue Jun 30 08:50:04 JST 2026
==========================================
対象資格: CLF SAA SAP DVA SOA DEA DOP AIF MLA AIP ANS SCS
問題数キャッシュを使用...
  CLF: 293問 (キャッシュ)
  SAA: 288問 (キャッシュ)
  SAP: 290問 (キャッシュ)
  DVA: 286問 (キャッシュ)
  SOA: 290問 (キャッシュ)
  DEA: 298問 (キャッシュ)
  DOP: 352問 (キャッシュ)
  AIF: 286問 (キャッシュ)
  MLA: 294問 (キャッシュ)
  AIP: 289問 (キャッシュ)
  ANS: 283問 (キャッシュ)
  SCS: 291問 (キャッシュ)
選択: ANS (現在283問 — 最少)
試験ガイドURL: https://aws.amazon.com/jp/certification/certified-advanced-networking-specialty/
ドメイン数: 4  /  基本 5問/ドメイン（重み付きで配分）  /  合計予算 20問
開始ドメイン: [0] ネットワーク設計
🎯 難易度強化モード（--hard）有効

--- Cognito 認証中 ---
✓ 認証完了

--- ドメイン別問題数を取得・割り当て計算中 ---
  ネットワーク設計: 68問
  ネットワーク管理と運用: 70問
  ネットワークのセキュリティ、コンプライアンス、ガバナンス: 72問
  ネットワーク実装: 73問

ドメイン別生成数（逆数重み付き割り当て）:
  8問 → ネットワーク設計 (現在68問)
  6問 → ネットワーク管理と運用 (現在70問)
  4問 → ネットワークのセキュリティ、コンプライアンス、ガバナンス (現在72問)
  2問 → ネットワーク実装 (現在73問)
  合計: 20問
処理順（問題数少ない順）: ネットワーク設計,ネットワーク管理と運用,ネットワークのセキュリティ、コンプライアンス、ガバナンス,ネットワーク実装

--- [ネットワーク設計] 8問 生成中 (3問×3チャンク) --- 開始=08:50:38
  チャンク 1/3: 3問 生成中...
  抽出: 3問 → APIインポート中...
  ✓ チャンク1 インポート成功: 3件: ans-ddf86460, ans-3f129533, ans-59e143aa
  チャンク 2/3: 3問 生成中...
  抽出: 3問 → APIインポート中...
  ✓ チャンク2 インポート成功: 3件: ans-f5cb6427, ans-06c0504e, ans-454015c4
  チャンク 3/3: 2問 生成中...
⚠️  レート制限を検出。残りをスキップ
出力: You've hit your session limit · resets 9:10am (Asia/Tokyo)
  終了=08:55:09  経過=271秒

合計インポート: 0問 / 20問

--- 問題数キャッシュを再構築中（DynamoDBから正確な値を取得）---
  CLF: 293問
  SAA: 288問
  SAP: 290問
  DVA: 286問
  SOA: 290問
  DEA: 298問
  DOP: 352問
  AIF: 286問
  MLA: 294問
  AIP: 289問
  ANS: 289問
  SCS: 291問
キャッシュ更新完了
