==========================================
問題自動生成 開始: Fri Jun 26 19:50:27 JST 2026
==========================================
対象資格: CLF SAA SAP DVA SOA DEA DOP AIF MLA AIP ANS SCS
問題数キャッシュを使用...
  CLF: 273問 (キャッシュ)
  SAA: 263問 (キャッシュ)
  SAP: 264問 (キャッシュ)
  DVA: 259問 (キャッシュ)
  SOA: 261問 (キャッシュ)
  DEA: 278問 (キャッシュ)
  DOP: 352問 (キャッシュ)
  AIF: 261問 (キャッシュ)
  MLA: 274問 (キャッシュ)
  AIP: 264問 (キャッシュ)
  ANS: 269問 (キャッシュ)
  SCS: 264問 (キャッシュ)
選択: DVA (現在259問 — 最少)
試験ガイドURL: https://aws.amazon.com/jp/certification/certified-developer-associate/
ドメイン数: 4  /  基本 5問/ドメイン（重み付きで配分）  /  合計予算 20問
開始ドメイン: [1] セキュリティ
🎯 難易度強化モード（--hard）有効

--- Cognito 認証中 ---
✓ 認証完了

--- ドメイン別問題数を取得・割り当て計算中 ---
  トラブルシューティングと最適化: 61問
  AWSのサービスを使用した開発: 65問
  デプロイ: 65問
  セキュリティ: 68問

ドメイン別生成数（逆数重み付き割り当て）:
  9問 → トラブルシューティングと最適化 (現在61問)
  5問 → AWSのサービスを使用した開発 (現在65問)
  5問 → デプロイ (現在65問)
  1問 → セキュリティ (現在68問)
  合計: 20問
処理順（問題数少ない順）: トラブルシューティングと最適化,AWSのサービスを使用した開発,デプロイ,セキュリティ

--- [トラブルシューティングと最適化] 9問 生成中 (5問×2チャンク) --- 開始=19:51:00
  チャンク 1/2: 5問 生成中...
  抽出: 5問 → APIインポート中...
  ✓ チャンク1 インポート成功: 5件: dva-28a1b512, dva-0c851d08, dva-f2d0d399...
  チャンク 2/2: 4問 生成中...
  抽出: 4問 → APIインポート中...
  ✓ チャンク2 インポート成功: 4件: dva-964f6d86, dva-81b11ec6, dva-9e591773...
  [トラブルシューティングと最適化] 合計 9/9問 インポート
  終了=19:56:19  経過=319秒

--- [AWSのサービスを使用した開発] 5問 生成中 --- 開始=19:56:19
⚠️  レート制限を検出。残りをスキップ
出力: You've hit your session limit · resets 8:10pm (Asia/Tokyo)
  終了=19:58:58  経過=159秒

合計インポート: 9問 / 20問

--- 問題数キャッシュを再構築中（DynamoDBから正確な値を取得）---
  CLF: 273問
  SAA: 263問
  SAP: 264問
  DVA: 268問
  SOA: 261問
  DEA: 278問
  DOP: 352問
  AIF: 261問
  MLA: 274問
  AIP: 264問
  ANS: 269問
  SCS: 264問
キャッシュ更新完了
