==========================================
問題自動生成 開始: Sun Jul  5 05:22:04 JST 2026
==========================================
対象資格: CLF SAA SAP DVA SOA DEA DOP AIF MLA AIP ANS SCS
問題数キャッシュを使用...
  CLF: 298問 (キャッシュ)
  SAA: 308問 (キャッシュ)
  SAP: 309問 (キャッシュ)
  DVA: 306問 (キャッシュ)
  SOA: 306問 (キャッシュ)
  DEA: 298問 (キャッシュ)
  DOP: 373問 (キャッシュ)
  AIF: 311問 (キャッシュ)
  MLA: 294問 (キャッシュ)
  AIP: 298問 (キャッシュ)
  ANS: 309問 (キャッシュ)
  SCS: 295問 (キャッシュ)
選択: MLA (現在294問 — 最少)
試験ガイドURL: https://aws.amazon.com/jp/certification/certified-machine-learning-engineer-associate/
ドメイン数: 4  /  基本 5問/ドメイン（重み付きで配分）  /  合計予算 20問
開始ドメイン: [3] MLソリューションの監視、メンテナンス、セキュリティ
🎯 難易度強化モード（--hard）有効

--- Cognito 認証中 ---
✓ 認証完了

--- ドメイン別問題数を取得・割り当て計算中 ---
  MLワークフローのデプロイとオーケストレーション: 73問
  MLソリューションの監視、メンテナンス、セキュリティ: 73問
  MLモデルの開発: 74問
  機械学習のためのデータ準備: 74問

ドメイン別生成数（逆数重み付き割り当て）:
  6問 → MLワークフローのデプロイとオーケストレーション (現在73問)
  6問 → MLソリューションの監視、メンテナンス、セキュリティ (現在73問)
  4問 → 機械学習のためのデータ準備 (現在74問)
  4問 → MLモデルの開発 (現在74問)
  合計: 20問
処理順（問題数少ない順）: MLソリューションの監視、メンテナンス、セキュリティ,MLワークフローのデプロイとオーケストレーション,MLモデルの開発,機械学習のためのデータ準備

--- [MLソリューションの監視、メンテナンス、セキュリティ] 6問 生成中 --- 開始=05:22:47
⚠️  レート制限を検出。残りをスキップ
出力: You've hit your session limit · resets 5:40am (Asia/Tokyo)
  終了=05:22:49  経過=2秒

合計インポート: 0問 / 20問

--- 問題数キャッシュを再構築中（DynamoDBから正確な値を取得）---
  CLF: 298問
  SAA: 308問
  SAP: 309問
  DVA: 306問
  SOA: 306問
  DEA: 298問
  DOP: 373問
  AIF: 311問
  MLA: 294問
  AIP: 298問
  ANS: 309問
  SCS: 295問
キャッシュ更新完了
