==========================================
問題自動生成 開始: Wed Jul  8 17:44:39 JST 2026
==========================================
対象資格: CLF SAA SAP DVA SOA DEA DOP AIF MLA AIP ANS SCS
問題数キャッシュを使用...
  CLF: 315問 (キャッシュ)
  SAA: 308問 (キャッシュ)
  SAP: 309問 (キャッシュ)
  DVA: 306問 (キャッシュ)
  SOA: 306問 (キャッシュ)
  DEA: 300問 (キャッシュ)
  DOP: 373問 (キャッシュ)
  AIF: 311問 (キャッシュ)
  MLA: 298問 (キャッシュ)
  AIP: 298問 (キャッシュ)
  ANS: 309問 (キャッシュ)
  SCS: 309問 (キャッシュ)
選択: MLA (現在298問 — 最少)
試験ガイドURL: https://aws.amazon.com/jp/certification/certified-machine-learning-engineer-associate/
ドメイン数: 4  /  基本 5問/ドメイン（重み付きで配分）  /  合計予算 20問
開始ドメイン: [0] 機械学習のためのデータ準備

--- Cognito 認証中 ---
✓ 認証完了

--- ドメイン別問題数を取得・割り当て計算中 ---
  MLモデルの開発: 74問
  MLワークフローのデプロイとオーケストレーション: 74問
  機械学習のためのデータ準備: 74問
  MLソリューションの監視、メンテナンス、セキュリティ: 76問

ドメイン別生成数（逆数重み付き割り当て）:
  6問 → 機械学習のためのデータ準備 (現在74問)
  6問 → MLモデルの開発 (現在74問)
  5問 → MLワークフローのデプロイとオーケストレーション (現在74問)
  3問 → MLソリューションの監視、メンテナンス、セキュリティ (現在76問)
  合計: 20問
処理順（問題数少ない順）: MLモデルの開発,機械学習のためのデータ準備,MLワークフローのデプロイとオーケストレーション,MLソリューションの監視、メンテナンス、セキュリティ

--- [MLモデルの開発] 6問 生成中 --- 開始=17:45:22
  抽出: 6問 → APIインポート中...
  ✓ チャンク1 インポート成功: 6件: mla-a42fc8e8, mla-1fb174e2, mla-63da91b5...
  [MLモデルの開発] 合計 6/6問 インポート
  終了=17:59:51  経過=869秒

--- [機械学習のためのデータ準備] 6問 生成中 --- 開始=17:59:51
⚠️  レート制限を検出。残りをスキップ
出力: You've hit your session limit · resets 6:10pm (Asia/Tokyo)
  終了=17:59:53  経過=2秒

合計インポート: 6問 / 20問

--- 問題数キャッシュを再構築中（DynamoDBから正確な値を取得）---
  CLF: 315問
  SAA: 308問
  SAP: 309問
  DVA: 306問
  SOA: 306問
  DEA: 300問
  DOP: 373問
  AIF: 311問
  MLA: 304問
  AIP: 298問
  ANS: 309問
  SCS: 309問
キャッシュ更新完了
