==========================================
問題自動生成 開始: Tue Jun 30 18:50:04 JST 2026
==========================================
対象資格: CLF SAA SAP DVA SOA DEA DOP AIF MLA AIP ANS SCS
問題数キャッシュを使用...
  CLF: 293問 (キャッシュ)
  SAA: 288問 (キャッシュ)
  SAP: 290問 (キャッシュ)
  DVA: 306問 (キャッシュ)
  SOA: 290問 (キャッシュ)
  DEA: 298問 (キャッシュ)
  DOP: 352問 (キャッシュ)
  AIF: 302問 (キャッシュ)
  MLA: 294問 (キャッシュ)
  AIP: 289問 (キャッシュ)
  ANS: 289問 (キャッシュ)
  SCS: 291問 (キャッシュ)
選択: SAA (現在288問 — 最少)
試験ガイドURL: https://aws.amazon.com/jp/certification/certified-solutions-architect-associate/
ドメイン数: 4  /  基本 5問/ドメイン（重み付きで配分）  /  合計予算 20問
開始ドメイン: [0] セキュアなアーキテクチャの設計
🎯 難易度強化モード（--hard）有効

--- Cognito 認証中 ---
✓ 認証完了

--- ドメイン別問題数を取得・割り当て計算中 ---
  コスト最適化されたアーキテクチャの設計: 72問
  セキュアなアーキテクチャの設計: 72問
  弾力性に優れたアーキテクチャの設計: 72問
  高性能なアーキテクチャの設計: 72問

ドメイン別生成数（逆数重み付き割り当て）:
  5問 → セキュアなアーキテクチャの設計 (現在72問)
  5問 → 弾力性に優れたアーキテクチャの設計 (現在72問)
  5問 → 高性能なアーキテクチャの設計 (現在72問)
  5問 → コスト最適化されたアーキテクチャの設計 (現在72問)
  合計: 20問
処理順（問題数少ない順）: コスト最適化されたアーキテクチャの設計,セキュアなアーキテクチャの設計,弾力性に優れたアーキテクチャの設計,高性能なアーキテクチャの設計

--- [コスト最適化されたアーキテクチャの設計] 5問 生成中 --- 開始=18:50:37
  抽出: 5問 → APIインポート中...
  ✓ チャンク1 インポート成功: 5件: saa-7ecf27a2, saa-ce1211cc, saa-e3235bc7...
  [コスト最適化されたアーキテクチャの設計] 合計 5/5問 インポート
  終了=18:53:40  経過=183秒

--- [セキュアなアーキテクチャの設計] 5問 生成中 --- 開始=18:53:40
  抽出: 5問 → APIインポート中...
  ✓ チャンク1 インポート成功: 5件: saa-e60ebd9d, saa-27abe12c, saa-4114e31a...
  [セキュアなアーキテクチャの設計] 合計 5/5問 インポート
  終了=18:56:14  経過=154秒

--- [弾力性に優れたアーキテクチャの設計] 5問 生成中 --- 開始=18:56:14
  抽出: 5問 → APIインポート中...
  ✓ チャンク1 インポート成功: 5件: saa-d19398a9, saa-be238736, saa-4cc8dcb8...
  [弾力性に優れたアーキテクチャの設計] 合計 5/5問 インポート
  終了=18:58:48  経過=154秒

--- [高性能なアーキテクチャの設計] 5問 生成中 --- 開始=18:58:48
  抽出: 5問 → APIインポート中...
  ✓ チャンク1 インポート成功: 5件: saa-50634aa0, saa-1c15bb17, saa-1bc92b70...
  [高性能なアーキテクチャの設計] 合計 5/5問 インポート
  終了=19:01:23  経過=155秒

合計インポート: 20問 / 20問

--- 問題数キャッシュを再構築中（DynamoDBから正確な値を取得）---
  CLF: 293問
  SAA: 308問
  SAP: 290問
  DVA: 306問
  SOA: 290問
  DEA: 298問
  DOP: 352問
  AIF: 311問
  MLA: 294問
  AIP: 289問
  ANS: 289問
  SCS: 291問
キャッシュ更新完了
インポート完了: SAA +20問
CF Deploy (即時): HTTP 200

==========================================
完了: Tue Jun 30 19:04:33 JST 2026
==========================================
