==========================================
問題自動生成 開始: Mon Jun 29 17:44:02 JST 2026
==========================================
対象資格: CLF SAA SAP DVA SOA DEA DOP AIF MLA AIP ANS SCS
問題数キャッシュを使用...
  CLF: 273問 (キャッシュ)
  SAA: 288問 (キャッシュ)
  SAP: 290問 (キャッシュ)
  DVA: 286問 (キャッシュ)
  SOA: 273問 (キャッシュ)
  DEA: 278問 (キャッシュ)
  DOP: 352問 (キャッシュ)
  AIF: 286問 (キャッシュ)
  MLA: 274問 (キャッシュ)
  AIP: 289問 (キャッシュ)
  ANS: 283問 (キャッシュ)
  SCS: 277問 (キャッシュ)
選択: CLF (現在273問 — 最少)
試験ガイドURL: https://aws.amazon.com/jp/certification/certified-cloud-practitioner/
ドメイン数: 4  /  基本 5問/ドメイン（重み付きで配分）  /  合計予算 20問
開始ドメイン: [3] 請求、料金、およびサポート

--- Cognito 認証中 ---
✓ 認証完了

--- ドメイン別問題数を取得・割り当て計算中 ---
  クラウドのテクノロジーとサービス: 67問
  請求、料金、およびサポート: 68問
  セキュリティとコンプライアンス: 68問
  クラウドの概念: 70問

ドメイン別生成数（逆数重み付き割り当て）:
  7問 → クラウドのテクノロジーとサービス (現在67問)
  5問 → セキュリティとコンプライアンス (現在68問)
  5問 → 請求、料金、およびサポート (現在68問)
  3問 → クラウドの概念 (現在70問)
  合計: 20問
処理順（問題数少ない順）: クラウドのテクノロジーとサービス,セキュリティとコンプライアンス,請求、料金、およびサポート,クラウドの概念

--- [クラウドのテクノロジーとサービス] 7問 生成中 --- 開始=17:44:36
  抽出: 7問 → APIインポート中...
  ✓ チャンク1 インポート成功: 7件: clf-e2cfe054, clf-8100d499, clf-e7ebabc2...
  [クラウドのテクノロジーとサービス] 合計 7/7問 インポート
  終了=17:46:18  経過=102秒

--- [セキュリティとコンプライアンス] 5問 生成中 --- 開始=17:46:18
  抽出: 5問 → APIインポート中...
  ✓ チャンク1 インポート成功: 5件: clf-dff63b26, clf-aa40c24f, clf-90bb79bc...
  [セキュリティとコンプライアンス] 合計 5/5問 インポート
  終了=17:47:46  経過=88秒

--- [請求、料金、およびサポート] 5問 生成中 --- 開始=17:47:46
  抽出: 5問 → APIインポート中...
  ✓ チャンク1 インポート成功: 5件: clf-f6d81a6b, clf-5d43dd1a, clf-d5b487cd...
  [請求、料金、およびサポート] 合計 5/5問 インポート
  終了=17:49:18  経過=92秒

--- [クラウドの概念] 3問 生成中 --- 開始=17:49:18
  抽出: 3問 → APIインポート中...
  ✓ チャンク1 インポート成功: 3件: clf-af104bbe, clf-0b91de3f, clf-0539060e
  [クラウドの概念] 合計 3/3問 インポート
  終了=17:50:39  経過=81秒

合計インポート: 20問 / 20問

--- 問題数キャッシュを再構築中（DynamoDBから正確な値を取得）---
  CLF: 293問
  SAA: 288問
  SAP: 290問
  DVA: 286問
  SOA: 273問
  DEA: 278問
  DOP: 352問
  AIF: 286問
  MLA: 274問
  AIP: 289問
  ANS: 283問
  SCS: 277問
キャッシュ更新完了
インポート完了: CLF +20問
✓ Cloudflare Pages 再ビルドを 19:53 にスケジュールしました

==========================================
完了: Mon Jun 29 17:53:48 JST 2026
==========================================
