==========================================
問題自動生成 開始: Thu Jul  9 19:22:32 JST 2026
==========================================
対象資格: CLF SAA SAP DVA SOA DEA DOP AIF MLA AIP ANS SCS
指定資格: AIP
試験ガイドURL: https://aws.amazon.com/jp/certification/certified-generative-ai-developer-professional/
対象ドメイン: テスト、検証、トラブルシューティング  /  2問

--- Cognito 認証中 ---
✓ 認証完了

--- ドメイン別問題数を取得・割り当て計算中 ---
  基盤モデルの統合、データ管理、コンプライアンス: 53問
  生成AIアプリケーションの運用効率と最適化: 55問
  AIの安全性、セキュリティ、ガバナンス: 55問
  テスト、検証、トラブルシューティング: 61問
  実装と統合: 75問

--- [テスト、検証、トラブルシューティング] 2問 生成中 --- 開始=19:23:15
  ✓ インポート: aip-cc97e1a2
  ✓ インポート: aip-748d3993
  チャンク1: 2問インポート  経過=376秒
  [テスト、検証、トラブルシューティング] 合計 2/2問 インポート
  終了=19:29:31  経過=376秒

合計インポート: 2問 / 2問

--- 問題数キャッシュを再構築中（DynamoDBから正確な値を取得）---
  CLF: 315問
  SAA: 308問
  SAP: 309問
  DVA: 306問
  SOA: 306問
  DEA: 300問
  DOP: 373問
  AIF: 311問
