=== 2026-07-17 04:57:07 | 99-send-report.sh | exit:0 ===
==========================================
日次レポート生成 開始: 2026-07-17 03:50 JST
==========================================

--- [1] AWS資格公式情報 変更チェック ---
  フェーズ1完了: has_changes=False
  直近3日以内の変更声明なし

--- [2] 夜間スクリプト成果集計 ---
  生成: 合計 20問生成
  妥当性: 合計: 確認70件（問題なし=25 自動修正=45 削除=0）
  通報: 3日分の実行なし

--- [3] DynamoDB稼働状況 ---
  総問題数: 3817 問
  直近3日 新規生成(createdAt): 28 問
  直近3日 確認済み(validityCheckedAt): 138 問
  未妥当性確認: 0 問
  未解決通報: 12 件
  資格別:
  CLF: 338問
  AIF: 337問
  SAA: 308問
  DVA: 306問
  SOA: 306問
  DEA: 306問
  MLA: 304問
  SAP: 308問
  DOP: 373問
  AIP: 314問
  SCS: 309問
  ANS: 309問

--- [3b] Portal.tsx 問題数更新 ---
[develop a4ae3c7] chore(portal): 問題数を 3600 → 3800 に更新 (DB実績: 3817問)
 1 file changed, 1 insertion(+), 1 deletion(-)
To github.com:Ares2023/Mugenknock.git
   a9a5525..a4ae3c7  develop -> develop
  ✅ Portal.tsx 更新・push完了: 3600 → 3800 (DB: 3817問)

--- [3c] Cognito 新規ユーザー（前日） ---
  新規登録なし

--- [4] canary テスト ---
  ✅ PASS (passed=20 failed=0 warnings=0)
  認証カナリア: ✅ PASS (passed=6 failed=0)

--- [4.5] 監査・改良 / カナリア整合性 / 日めくり 集計 ---
  監査 15問（CLF/DEA）: OK 7 / 注意 7 / 要修正 1
  【指摘のあった問題】
  ✖ clf-637af08d
  ・【致命的】公式ドキュメント確認済み：「AWS App Runner is no longer open to new customers」と明記されており、新規顧客への提供が終了済み。正解として提示できないサービスを問う問題は即刻削除が必要。
  ・実測正答率20%（悪問疑い閾値）も当該問題の品質問題と整合する。
  ⚠ clf-3405ed73（難易度: too_hard）
  ・実測正答率14%は悪問疑い閾値（20%以下）を下回る。SNSもサブスクリプションでLambda・SQS・HTTPエンドポイントへファンアウト配信できるため、SNSとEventBridgeの区別（SNS単体ではEC2状態変化イベントをネイティブ受信できない）がCLF受験者には難解すぎる。
  ・「EC2起動・停止イベントをルールに基づき複数ターゲットに同時振り分け」という要件の技術的詳細度はSAA相当。CLFとして適切か要検討。
  ⚠ clf-4d758d3e（難易度: too_easy）
  ・選択肢[1]（AWSがITスタッフ採用を支援）は一読で除外できる明らかな誤り。選択肢[3]（Global Acceleratorが課金レートを自動調整）も非現実的で識別容易。もっともらしい不正解が不足しており本番相当の引っかけになっていない。
  ⚠ clf-6c240e76（難易度: too_easy）
  ・各選択肢が概念の定義を内包しており、シナリオ（数週間→数分）と定義文の照合だけで正解できる。暗記不要で自明。選択肢から概念説明を取り除き、概念名のみにすれば適切な難易度になる。
  ⚠ clf-792bc525（難易度: too_easy）
  ・選択肢に各用語の定義が埋め込まれており、問題文の「需要に応じてリソースを自動的に増減」と選択肢[0]の記述がほぼ一致するため正解が自明。本番形式では選択肢を用語名のみとし、知識の想起を問う構成にすべき。
  ・「堅牢性（Robustness）」はAWSクラウドの標準的な特性として定義された用語ではなく、造語的な選択肢が受験者を不要に混乱させる恐れがある。
  ⚠ clf-898b7cfb（難易度: too_easy）
  ・不正解選択肢がすべて「コスト・料金が上昇する」という明らかに誤った内容で統一されており、AWSの基礎知識がなくても消去法で正解できる。規模の経済のメリットを別の側面（例：個々の顧客がインフラ効率化の恩恵を受けにくい、価格低下は保証されない等）から述べた紛らわしい選択肢を加えると本番相当になる。
  ⚠ clf-8d589a5d（難易度: too_easy）
  ・不正解選択肢がいずれも内容として明らかに誤り（「減価償却費が増大」「ハードウェア調達コストが維持」「月次固定料金制」）であり、AWSについて少しでも知識があれば即時排除できる。CapEx/OpExの区別をより細かく問う（どの費用項目がOpEx化されるか、Reserved Instanceの前払いはCapExかどうか等）設問にすると本番相当の難易度になる。
  ⚠ dea-0ecbb1a1（難易度: too_easy）
  ・問題文に『既存の不正検知モデルは Gremlin クエリで実装されており、移行時の書き換えを最小化したい』と明記されており、AWS で Gremlin をネイティブサポートするのは Neptune のみ。この一文だけで正解が確定するため、グラフトラバーサルの性能特性を理解していなくても単純な知識照合で正解できる。他の選択肢（DynamoDB・Redshift・Aurora PostgreSQL）もグラフ用途では明らかに不適切であり、有効なひっかけとして機能しにくい。Gremlin の言及を削除してグラフ要件のみで判断させるか、SPARQL など複数のクエリ言語が選択肢に絡む形にするなど難易度を上げることを推奨。
  【プロンプト自動改良】直近3日は改良なし
  所見: カナリアspecは現在の公開ルート構成と完全に整合している。未ログインで到達可能な12の公開ルートすべてがスモークテストで被覆されており、動的ルートのサンプル値(SAA・ec2)も有効で陳腐化はない。認証必須の/aws/*・/account・/adminは適切に対象外となっている。
  カバー漏れ/陳腐化: 0件
  対応: 整合済み。spec更新なし。
  生成: 2026-07-14 完了: Tue Jul 14 03:46:16 JST 2026
  検証: 2026-07-14 完了サマリー: 問題なし=4件 / 自動修正=0件 / 削除=1件
  Lambda(直近24h):
    prod: 実行11026 エラー0 スロットル0 最大2327ms
    dev: 実行103 エラー0 スロットル0 最大1131ms
  API(prod,24h): リクエスト11378 ⚠️ 5xx=3 4xx=1 p99=1044ms
  ⚠️ 本番エラーログ(prod,24h): 12件
    ・2026-07-16T02:38:42.484Z 660479e6-592a-493a-a8b1-0416c89bc37f INFO EVENT: {"resource":"/sessions/{proxy+}","path":"/sessions/7c92d6cf-3be1-4645-a05d-c256ceb3923
    ・2026-07-16T02:38:55.934Z cf76346c-1bdc-4e78-9ccf-c61e52a5b9c0 INFO EVENT: {"resource":"/sessions/{proxy+}","path":"/sessions/7c92d6cf-3be1-4645-a05d-c256ceb3923
    ・2026-07-16T02:38:55.938Z 3efd9d53-5ee7-42a6-926c-a15be589f3d8 INFO EVENT: {"resource":"/sessions/{proxy+}","path":"/sessions/7c92d6cf-3be1-4645-a05d-c256ceb3923
  AWSコスト(2026-07-15): $0.05 （前日比 ▼60%）
    ・AWS Key Management Service: $0.03
    ・Amazon DynamoDB: $0.01
    ・Amazon API Gateway: $0.01

--- [4.8] テストユーザー データ整合性チェック ---
  テストユーザー (yuzukisera00@gmail.com) データ整合性チェック
  今日の演習量: 0 問 (2026-07-17) [なし]
  UserTagStats エントリ数: 7 tagId
  resetAt: 2026-07-03T13:16:32.641Z
  UserTagStats 増減: 7 → 7（正常）
  ✅ 整合性OK（問題なし）

--- [5] メール送信 ---
  ✅ メール送信完了 → mugenknock@gmail.com

==========================================
日次レポート 完了: 2026-07-17 03:55 JST
==========================================
