=== 2026-07-14 03:56:16 | refresh-exam-guide-monthly.sh | exit:0 ===
==========================================
試験ガイド更新: Tue Jul 14 03:30:05 JST 2026
対象: CLF AIF SAA DVA SOA DEA MLA SAP DOP AIP SCS ANS
==========================================
⏭  CLF: 23日前に更新済み（< 30日）→ スキップ
⏭  AIF: 2日前に更新済み（< 30日）→ スキップ
⏭  SAA: 23日前に更新済み（< 30日）→ スキップ
⏭  DVA: 23日前に更新済み（< 30日）→ スキップ
⏭  SOA: 23日前に更新済み（< 30日）→ スキップ
⏭  DEA: 23日前に更新済み（< 30日）→ スキップ
⏭  MLA: 23日前に更新済み（< 30日）→ スキップ
⏭  SAP: 23日前に更新済み（< 30日）→ スキップ
⏭  DOP: 23日前に更新済み（< 30日）→ スキップ
⏭  AIP: 23日前に更新済み（< 30日）→ スキップ
⏭  SCS: 23日前に更新済み（< 30日）→ スキップ
⏭  ANS: 23日前に更新済み（< 30日）→ スキップ

==========================================
完了: Tue Jul 14 03:30:05 JST 2026
==========================================
