=== 2026-06-30 05:12:07 | refresh-exam-guide-monthly.sh | exit:0 ===
==========================================
試験ガイド更新: Tue Jun 30 04:50:05 JST 2026
対象: CLF AIF SAA DVA SOA DEA MLA SAP DOP AIP SCS ANS
==========================================
⏭  CLF: 9日前に更新済み（< 30日）→ スキップ
⏭  AIF: 9日前に更新済み（< 30日）→ スキップ
⏭  SAA: 9日前に更新済み（< 30日）→ スキップ
⏭  DVA: 9日前に更新済み（< 30日）→ スキップ
⏭  SOA: 9日前に更新済み（< 30日）→ スキップ
⏭  DEA: 9日前に更新済み（< 30日）→ スキップ
⏭  MLA: 9日前に更新済み（< 30日）→ スキップ
⏭  SAP: 9日前に更新済み（< 30日）→ スキップ
⏭  DOP: 9日前に更新済み（< 30日）→ スキップ
⏭  AIP: 9日前に更新済み（< 30日）→ スキップ
⏭  SCS: 9日前に更新済み（< 30日）→ スキップ
⏭  ANS: 9日前に更新済み（< 30日）→ スキップ

==========================================
完了: Tue Jun 30 04:50:05 JST 2026
==========================================
