=== 2026-07-12 01:55:09 | refresh-exam-guide-monthly.sh | exit:0 ===
==========================================
試験ガイド更新: Sun Jul 12 01:30:07 JST 2026
対象: CLF AIF SAA DVA SOA DEA MLA SAP DOP AIP SCS ANS
==========================================
⏭  CLF: 21日前に更新済み（< 30日）→ スキップ
⏭  AIF: 21日前に更新済み（< 30日）→ スキップ
⏭  SAA: 21日前に更新済み（< 30日）→ スキップ
⏭  DVA: 21日前に更新済み（< 30日）→ スキップ
⏭  SOA: 21日前に更新済み（< 30日）→ スキップ
⏭  DEA: 21日前に更新済み（< 30日）→ スキップ
⏭  MLA: 21日前に更新済み（< 30日）→ スキップ
⏭  SAP: 21日前に更新済み（< 30日）→ スキップ
⏭  DOP: 21日前に更新済み（< 30日）→ スキップ
⏭  AIP: 21日前に更新済み（< 30日）→ スキップ
⏭  SCS: 21日前に更新済み（< 30日）→ スキップ
⏭  ANS: 21日前に更新済み（< 30日）→ スキップ

==========================================
完了: Sun Jul 12 01:30:07 JST 2026
==========================================
