=== 2026-07-03 04:51:34 | refresh-service-catalog-monthly.sh | exit:0 ===
==========================================
サービスカタログ更新: Fri Jul  3 04:25:05 JST 2026
==========================================
--- AWS公式SSMから全サービスコード取得中 ---
  SSMサービスコード: 402件
  seed追加(既存記事): 10件 / SSM stub追加: 0件
  カタログ総数: 536件 / 今回の確認対象: 24件（上限 24）

--- 4件を確認中（WebFetchで公式裏取り）開始=04:25:48 ---
  ✓ 4件をカタログに反映（確認日=2026-07-03）

--- 4件を確認中（WebFetchで公式裏取り）開始=04:27:13 ---
  ✓ 4件をカタログに反映（確認日=2026-07-03）

--- 4件を確認中（WebFetchで公式裏取り）開始=04:31:28 ---
  ✓ 4件をカタログに反映（確認日=2026-07-03）

--- 4件を確認中（WebFetchで公式裏取り）開始=04:33:58 ---
  ✓ 4件をカタログに反映（確認日=2026-07-03）

--- 4件を確認中（WebFetchで公式裏取り）開始=04:35:06 ---
  ✓ 4件をカタログに反映（確認日=2026-07-03）

--- 4件を確認中（WebFetchで公式裏取り）開始=04:35:58 ---
  ✓ 4件をカタログに反映（確認日=2026-07-03）

==========================================
完了: 確認 24件 / カタログ: /home/yuzuki/aws-quiz-app/prompts/night-prompts/scripts/state/service-catalog.json
==========================================
