=== 2026-07-06 02:45:07 | refresh-exam-guide-monthly.sh | exit:0 ===
==========================================
試験ガイド更新: Mon Jul  6 02:20:04 JST 2026
対象: CLF AIF SAA DVA SOA DEA MLA SAP DOP AIP SCS ANS
==========================================
⏭  CLF: 15日前に更新済み（< 30日）→ スキップ
⏭  AIF: 15日前に更新済み（< 30日）→ スキップ
⏭  SAA: 15日前に更新済み（< 30日）→ スキップ
⏭  DVA: 15日前に更新済み（< 30日）→ スキップ
⏭  SOA: 15日前に更新済み（< 30日）→ スキップ
⏭  DEA: 15日前に更新済み（< 30日）→ スキップ
⏭  MLA: 15日前に更新済み（< 30日）→ スキップ
⏭  SAP: 15日前に更新済み（< 30日）→ スキップ
⏭  DOP: 15日前に更新済み（< 30日）→ スキップ
⏭  AIP: 15日前に更新済み（< 30日）→ スキップ
⏭  SCS: 15日前に更新済み（< 30日）→ スキップ
⏭  ANS: 15日前に更新済み（< 30日）→ スキップ

==========================================
完了: Mon Jul  6 02:20:04 JST 2026
==========================================
