=== 2026-07-02 02:17:21 | refresh-exam-guide-monthly.sh | exit:0 ===
==========================================
試験ガイド更新: Thu Jul  2 01:50:07 JST 2026
対象: CLF AIF SAA DVA SOA DEA MLA SAP DOP AIP SCS ANS
==========================================
⏭  CLF: 11日前に更新済み（< 30日）→ スキップ
⏭  AIF: 11日前に更新済み（< 30日）→ スキップ
⏭  SAA: 11日前に更新済み（< 30日）→ スキップ
⏭  DVA: 11日前に更新済み（< 30日）→ スキップ
⏭  SOA: 11日前に更新済み（< 30日）→ スキップ
⏭  DEA: 11日前に更新済み（< 30日）→ スキップ
⏭  MLA: 11日前に更新済み（< 30日）→ スキップ
⏭  SAP: 11日前に更新済み（< 30日）→ スキップ
⏭  DOP: 11日前に更新済み（< 30日）→ スキップ
⏭  AIP: 11日前に更新済み（< 30日）→ スキップ
⏭  SCS: 11日前に更新済み（< 30日）→ スキップ
⏭  ANS: 11日前に更新済み（< 30日）→ スキップ

==========================================
完了: Thu Jul  2 01:50:07 JST 2026
==========================================
