=== 2026-06-28 03:12:48 | refresh-exam-guide-monthly.sh | exit:0 ===
==========================================
試験ガイド更新: Sun Jun 28 02:50:06 JST 2026
対象: CLF AIF SAA DVA SOA DEA MLA SAP DOP AIP SCS ANS
==========================================
⏭  CLF: 7日前に更新済み（< 30日）→ スキップ
⏭  AIF: 7日前に更新済み（< 30日）→ スキップ
⏭  SAA: 7日前に更新済み（< 30日）→ スキップ
⏭  DVA: 7日前に更新済み（< 30日）→ スキップ
⏭  SOA: 7日前に更新済み（< 30日）→ スキップ
⏭  DEA: 7日前に更新済み（< 30日）→ スキップ
⏭  MLA: 7日前に更新済み（< 30日）→ スキップ
⏭  SAP: 7日前に更新済み（< 30日）→ スキップ
⏭  DOP: 7日前に更新済み（< 30日）→ スキップ
⏭  AIP: 7日前に更新済み（< 30日）→ スキップ
⏭  SCS: 7日前に更新済み（< 30日）→ スキップ
⏭  ANS: 7日前に更新済み（< 30日）→ スキップ

==========================================
完了: Sun Jun 28 02:50:06 JST 2026
==========================================
