=== 2026-07-09 05:15:07 | audit-questions-nightly.sh | exit:0 ===
==========================================
問題監査 開始: Thu Jul  9 05:10:05 JST 2026
サンプル数: 30問 / チャンク: 5問 / 抽出: 直近優先
（読み取り専用 — DBは変更しません）
==========================================
監査対象: 30問
チャンク数: 6

--- チャンク 1/6: 5問  開始=05:10:42 ---
  ⚠️  clf-637af08d (CLF)  実測正答率20%（10件）は低すぎる危険水準。Elastic BeanstalkもLBとオートスケーリングを自動管理するため選択肢Dとの差分が不明確。解説で「EC2インスタンス上で動作するため構成概念の理解が必要」というApp Runnerとの本質的差異（完全ゼロコンフィグ）を明記すべき。
  ⚠️  clf-3405ed73 (CLF) [難しすぎ]  実測正答率14%（14件）は著しく低い。CLFレベルでEC2状態変化イベントの複数ターゲットルーティングを問うのはSAA相当の複雑さ。SNSもLambda・SQS・HTTPエンドポイント（Slack webhook）へファンアウト可能なため、「EC2の状態変化イベントを自動検知できるのはEventBridgeのみ（SNSは自分では検知できない）」という根本的差異を解説でより強調しないと紛らわしい。
  ⚠️  aip-f3329527 (AIP)  選択肢Dの「増分同期（Incremental Sync）モードに切り替える」は存在しない機能。公式ドキュメント（knowledge-base-ingest）によりBedrock KBのSyncは常に増分処理（差分のみ）がデフォルト動作であり、フルとインクリメンタルを切り替えるモード設定はない。誤った前提の選択肢はフィクション選択肢となり悪問化するリスクがある。選択肢Dを「Ingestion Jobのスケジュール間隔を短縮して同期時間を最適化する」など実在する設定変更に差し替えることを推奨。
  ✅ mla-91116edb (MLA)
  ✅ mla-63da91b5 (MLA)
  終了=05:13:19

--- チャンク 2/6: 5問  開始=05:13:19 ---
⚠️  レート制限を検出。残りチャンクをスキップ
==========================================
監査レポート
==========================================
総監査数: 5問
  ✅ ok  : 2問 (40%)
  ⚠️  warn: 3問 (60%)
  ❌ ng  : 0問 (0%)

内容観点:
  現行性 : 正常=5
  難易度 : 適切=4, 難しすぎ=1
  範囲   : 範囲内=5
体裁観点:
  読みやすさ: 良=5
  模試適性  : 不適=0問

資格別 (ok/warn/ng):
  AIP: 0/1/0
  CLF: 0/2/0
  MLA: 2/0/0

要対応の問題 (3件):
  ⚠️  clf-637af08d (CLF): 実測正答率20%（10件）は低すぎる危険水準。Elastic BeanstalkもLBとオートスケーリングを自動管理するため選択肢Dとの差分が不明確。解説で「EC2インスタンス上で動作するため構成概念の理解が必要」というApp Runnerとの本質的差異（完全ゼロコンフィグ）を明記すべき。
  ⚠️  clf-3405ed73 (CLF): 実測正答率14%（14件）は著しく低い。CLFレベルでEC2状態変化イベントの複数ターゲットルーティングを問うのはSAA相当の複雑さ。SNSもLambda・SQS・HTTPエンドポイント（Slack webhook）へファンアウト可能なため、「EC2の状態変化イベントを自動検知できるのはEventBridgeのみ（SNSは自分では検知できない）」という根本的差異を解説でより強調しないと紛らわしい。
  ⚠️  aip-f3329527 (AIP): 選択肢Dの「増分同期（Incremental Sync）モードに切り替える」は存在しない機能。公式ドキュメント（knowledge-base-ingest）によりBedrock KBのSyncは常に増分処理（差分のみ）がデフォルト動作であり、フルとインクリメンタルを切り替えるモード設定はない。誤った前提の選択肢はフィクション選択肢となり悪問化するリスクがある。選択肢Dを「Ingestion Jobのスケジュール間隔を短縮して同期時間を最適化する」など実在する設定変更に差し替えることを推奨。

生データ: /home/yuzuki/aws-quiz-app/prompts/night-prompts/logs/audit_20260709_051005.json
※ レート制限により一部チャンクが未監査です

==========================================
改善モード: 生成・検証プロンプトの継続改良
==========================================
改善対象: 監査3件 / 通報確定不具合(直近7日)9件。改良案を生成中...
⚠️  改良案のJSON抽出に失敗。プロンプトは変更しませんでした。
監査終了: Thu Jul  9 05:14:47 JST 2026
