=== 2026-07-09 05:15:07 | refresh-exam-guide-monthly.sh | exit:0 ===
==========================================
試験ガイド更新: Thu Jul  9 04:50:05 JST 2026
対象: CLF AIF SAA DVA SOA DEA MLA SAP DOP AIP SCS ANS
==========================================
⏭  CLF: 18日前に更新済み（< 30日）→ スキップ
⏭  AIF: 18日前に更新済み（< 30日）→ スキップ
⏭  SAA: 18日前に更新済み（< 30日）→ スキップ
⏭  DVA: 18日前に更新済み（< 30日）→ スキップ
⏭  SOA: 18日前に更新済み（< 30日）→ スキップ
⏭  DEA: 18日前に更新済み（< 30日）→ スキップ
⏭  MLA: 18日前に更新済み（< 30日）→ スキップ
⏭  SAP: 18日前に更新済み（< 30日）→ スキップ
⏭  DOP: 18日前に更新済み（< 30日）→ スキップ
⏭  AIP: 18日前に更新済み（< 30日）→ スキップ
⏭  SCS: 18日前に更新済み（< 30日）→ スキップ
⏭  ANS: 18日前に更新済み（< 30日）→ スキップ

==========================================
完了: Thu Jul  9 04:50:05 JST 2026
==========================================
