=== 2026-06-29 04:10:50 | refresh-exam-guide-monthly.sh | exit:0 ===
==========================================
試験ガイド更新: Mon Jun 29 03:50:05 JST 2026
対象: CLF AIF SAA DVA SOA DEA MLA SAP DOP AIP SCS ANS
==========================================
⏭  CLF: 8日前に更新済み（< 30日）→ スキップ
⏭  AIF: 8日前に更新済み（< 30日）→ スキップ
⏭  SAA: 8日前に更新済み（< 30日）→ スキップ
⏭  DVA: 8日前に更新済み（< 30日）→ スキップ
⏭  SOA: 8日前に更新済み（< 30日）→ スキップ
⏭  DEA: 8日前に更新済み（< 30日）→ スキップ
⏭  MLA: 8日前に更新済み（< 30日）→ スキップ
⏭  SAP: 8日前に更新済み（< 30日）→ スキップ
⏭  DOP: 8日前に更新済み（< 30日）→ スキップ
⏭  AIP: 8日前に更新済み（< 30日）→ スキップ
⏭  SCS: 8日前に更新済み（< 30日）→ スキップ
⏭  ANS: 8日前に更新済み（< 30日）→ スキップ

==========================================
完了: Mon Jun 29 03:50:05 JST 2026
==========================================
