=== 2026-07-07 09:48:17 | refresh-exam-guide-monthly.sh | exit:0 ===
==========================================
試験ガイド更新: Tue Jul  7 09:48:17 JST 2026
対象: CLF AIF SAA DVA SOA DEA MLA SAP DOP AIP SCS ANS
==========================================
⏭  CLF: 16日前に更新済み（< 30日）→ スキップ
⏭  AIF: 16日前に更新済み（< 30日）→ スキップ
⏭  SAA: 16日前に更新済み（< 30日）→ スキップ
⏭  DVA: 16日前に更新済み（< 30日）→ スキップ
⏭  SOA: 16日前に更新済み（< 30日）→ スキップ
⏭  DEA: 16日前に更新済み（< 30日）→ スキップ
⏭  MLA: 16日前に更新済み（< 30日）→ スキップ
⏭  SAP: 16日前に更新済み（< 30日）→ スキップ
⏭  DOP: 16日前に更新済み（< 30日）→ スキップ
⏭  AIP: 16日前に更新済み（< 30日）→ スキップ
⏭  SCS: 16日前に更新済み（< 30日）→ スキップ
⏭  ANS: 16日前に更新済み（< 30日）→ スキップ

==========================================
完了: Tue Jul  7 09:48:17 JST 2026
==========================================
