=== 2026-06-30 05:12:07 | 99-send-report.sh | exit:0 ===
==========================================
日次レポート生成 開始: 2026-06-30 04:10 JST
==========================================

--- [1] AWS資格公式情報 変更チェック ---
  フェーズ1完了: has_changes=False
  直近3日以内の変更声明なし

--- [2] 夜間スクリプト成果集計 ---
  生成: 合計 191問生成
  妥当性: 合計: 確認598件（問題なし=477 自動修正=121 削除=0）
  通報: 3日分の実行なし

--- [3] DynamoDB稼働状況 ---
  総問題数: 3520 問
  直近3日 新規生成(createdAt): 187 問
  直近3日 確認済み(validityCheckedAt): 549 問
  未妥当性確認: 14 問
  未解決通報: 3 件
  資格別:
  CLF: 293問
  AIF: 286問
  SAA: 288問
  DVA: 286問
  SOA: 290問
  DEA: 278問
  MLA: 294問
  SAP: 290問
  DOP: 352問
  AIP: 289問
  SCS: 291問
  ANS: 283問

--- [4] canary テスト ---
  ✅ PASS (passed=13 failed=0 warnings=0)
  失敗詳細:
    [questions API] ❌ Console Errors (1):
      ログ:    s3://mugenknock-error-logs/canary-logs/staging/20260630-041145.log
      サマリー: s3://mugenknock-error-logs/canary-logs/staging/20260630-041145.json

--- [5] メール送信 ---
  ✅ メール送信完了 → mugenknock@gmail.com

==========================================
日次レポート 完了: 2026-06-30 04:12 JST
==========================================
