=== 2026-07-07 09:46:49 | audit-questions-nightly.sh | exit:0 ===
==========================================
問題監査 開始: Tue Jul  7 09:46:49 JST 2026
サンプル数: 30問 / チャンク: 5問 / 抽出: 直近優先
（読み取り専用 — DBは変更しません）
==========================================
監査対象: 30問
チャンク数: 6

--- チャンク 1/6: 5問  開始=09:47:27 ---
⚠️  レート制限を検出。残りチャンクをスキップ
==========================================
監査レポート
==========================================
監査結果が0件でした（全チャンクが失敗/スキップ）

生データ: /home/yuzuki/aws-quiz-app/prompts/night-prompts/logs/audit_20260707_094649.json
※ レート制限により一部チャンクが未監査です

==========================================
改善モード: 生成・検証プロンプトの継続改良
==========================================
改善対象: 監査0件 / 通報確定不具合(直近7日)11件。改良案を生成中...
⚠️  改良案のJSON抽出に失敗。プロンプトは変更しませんでした。
監査終了: Tue Jul  7 09:47:31 JST 2026
