=== 2026-07-06 02:45:07 | audit-questions-nightly.sh | exit:0 ===
==========================================
問題監査 開始: Mon Jul  6 02:40:04 JST 2026
サンプル数: 30問 / チャンク: 5問 / 抽出: 直近優先
（読み取り専用 — DBは変更しません）
==========================================
監査対象: 30問
チャンク数: 6

--- チャンク 1/6: 5問  開始=02:40:42 ---
  ⚠️  clf-637af08d (CLF)  実測正答率20%はCLFとして低め（悪問疑いの閾値付近）。App Runnerの認知度がElastic Beanstalkより低いため多くの受験者がDを選んでいる可能性が高い。正解・解説の内容は現行仕様と一致しており事実上の問題はない。ただし選択肢DのElastic Beanstalkについて『EC2ベースであり管理が多い』という否定理由だけでは弱い。Elastic BeanstalkもLB/オートスケーリングを自動構成するため要件を満たしうるように見える点を補足し、App Runnerとの差別化（インフラ概念が完全に抽象化されている点）をより明確に解説に追記すべき。
  ⚠️  clf-3405ed73 (CLF) [難しすぎ]  実測正答率14%は悪問疑いの閾値（20%以下）を下回っており、精査が必要。正解はEventBridgeで内容は正しいが、CLF受験者がSNSを選ぶのは自然（ファンアウト通知のイメージが強い）。解説がSNSを排除する肝心な根拠（SNSはEC2起動・停止などのAWSサービス状態変化イベントを直接受信できず、EventBridgeを介す必要がある）を明記していないため、受験者が誤った選択肢に納得できない可能性が高い。シナリオの複雑さ（複数サービス同時ルーティング・ルールベース振り分け）はCLFよりSAA/DVA向けの難易度。SNSの否定理由を技術的に補強するか、CLF向けにシナリオを単純化することを推奨。
  ✅ scs-7c893f37 (SCS)
  ✅ scs-f7bfc5da (SCS)
  ⚠️  scs-0d0c920d (SCS)  選択肢Aの排除理由に事実の不正確さあり。CloudFormation StackSetsはサービスマネージドアクセス許可＋「自動デプロイ」を有効にすることで、Organizationsへ新規参加したアカウントへ追加の手動作業なしに自動デプロイできる（AWS Organizations統合機能）。したがって『新規アカウントオンボード時に毎回StackSetsを実行する追加作業が生じる』という解説は不正確。正解（選択肢B）の優位性は正しいが、Aの否定理由は『各メンバーアカウントにリソースが分散するため運用・変更管理の負荷が高く、デプロイ完了まで新規アカウントが保護されない空白時間が生じる』等の観点に修正すべき。
  終了=02:42:44

--- チャンク 2/6: 5問  開始=02:42:44 ---
⚠️  レート制限を検出。残りチャンクをスキップ
==========================================
監査レポート
==========================================
総監査数: 5問
  ✅ ok  : 2問 (40%)
  ⚠️  warn: 3問 (60%)
  ❌ ng  : 0問 (0%)

内容観点:
  現行性 : 正常=5
  難易度 : 適切=4, 難しすぎ=1
  範囲   : 範囲内=5
体裁観点:
  読みやすさ: 良=5
  模試適性  : 不適=0問

資格別 (ok/warn/ng):
  CLF: 0/2/0
  SCS: 2/1/0

要対応の問題 (3件):
  ⚠️  clf-637af08d (CLF): 実測正答率20%はCLFとして低め（悪問疑いの閾値付近）。App Runnerの認知度がElastic Beanstalkより低いため多くの受験者がDを選んでいる可能性が高い。正解・解説の内容は現行仕様と一致しており事実上の問題はない。ただし選択肢DのElastic Beanstalkについて『EC2ベースであり管理が多い』という否定理由だけでは弱い。Elastic BeanstalkもLB/オートスケーリングを自動構成するため要件を満たしうるように見える点を補足し、App Runnerとの差別化（インフラ概念が完全に抽象化されている点）をより明確に解説に追記すべき。
  ⚠️  clf-3405ed73 (CLF): 実測正答率14%は悪問疑いの閾値（20%以下）を下回っており、精査が必要。正解はEventBridgeで内容は正しいが、CLF受験者がSNSを選ぶのは自然（ファンアウト通知のイメージが強い）。解説がSNSを排除する肝心な根拠（SNSはEC2起動・停止などのAWSサービス状態変化イベントを直接受信できず、EventBridgeを介す必要がある）を明記していないため、受験者が誤った選択肢に納得できない可能性が高い。シナリオの複雑さ（複数サービス同時ルーティング・ルールベース振り分け）はCLFよりSAA/DVA向けの難易度。SNSの否定理由を技術的に補強するか、CLF向けにシナリオを単純化することを推奨。
  ⚠️  scs-0d0c920d (SCS): 選択肢Aの排除理由に事実の不正確さあり。CloudFormation StackSetsはサービスマネージドアクセス許可＋「自動デプロイ」を有効にすることで、Organizationsへ新規参加したアカウントへ追加の手動作業なしに自動デプロイできる（AWS Organizations統合機能）。したがって『新規アカウントオンボード時に毎回StackSetsを実行する追加作業が生じる』という解説は不正確。正解（選択肢B）の優位性は正しいが、Aの否定理由は『各メンバーアカウントにリソースが分散するため運用・変更管理の負荷が高く、デプロイ完了まで新規アカウントが保護されない空白時間が生じる』等の観点に修正すべき。

生データ: /home/yuzuki/aws-quiz-app/prompts/night-prompts/logs/audit_20260706_024004.json
※ レート制限により一部チャンクが未監査です

==========================================
改善モード: 生成・検証プロンプトの継続改良
==========================================
改善対象: 監査3件 / 通報確定不具合(直近7日)11件。改良案を生成中...
⚠️  改良案のJSON抽出に失敗。プロンプトは変更しませんでした。
監査終了: Mon Jul  6 02:42:48 JST 2026
