=== 2026-07-19 01:55:09 | refresh-exam-guide-monthly.sh | exit:0 ===
==========================================
試験ガイド更新: Sun Jul 19 01:30:05 JST 2026
対象: CLF AIF SAA DVA SOA DEA MLA SAP DOP AIP SCS ANS
==========================================
⏭  CLF: 28日前に更新済み（< 30日）→ スキップ
⏭  AIF: 7日前に更新済み（< 30日）→ スキップ
⏭  SAA: 28日前に更新済み（< 30日）→ スキップ
⏭  DVA: 28日前に更新済み（< 30日）→ スキップ
⏭  SOA: 28日前に更新済み（< 30日）→ スキップ
⏭  DEA: 28日前に更新済み（< 30日）→ スキップ
⏭  MLA: 28日前に更新済み（< 30日）→ スキップ
⏭  SAP: 28日前に更新済み（< 30日）→ スキップ
⏭  DOP: 28日前に更新済み（< 30日）→ スキップ
⏭  AIP: 28日前に更新済み（< 30日）→ スキップ
⏭  SCS: 28日前に更新済み（< 30日）→ スキップ
⏭  ANS: 28日前に更新済み（< 30日）→ スキップ

==========================================
完了: Sun Jul 19 01:30:05 JST 2026
==========================================
