=== 2026-07-03 04:51:34 | 99-send-report.sh | exit:0 ===
==========================================
日次レポート生成 開始: 2026-07-03 03:40 JST
==========================================

--- [1] AWS資格公式情報 変更チェック ---
  フェーズ1完了: has_changes=False
  直近3日以内の変更声明なし

--- [2] 夜間スクリプト成果集計 ---
  生成: 合計 144問生成
  妥当性: 合計: 確認353件（問題なし=281 自動修正=71 削除=1）
  通報: 2026-07-02: 0件処理

--- [3] DynamoDB稼働状況 ---
  総問題数: 3659 問
  直近3日 新規生成(createdAt): 114 問
  直近3日 確認済み(validityCheckedAt): 277 問
  未妥当性確認: 5 問
  未解決通報: 0 件
  資格別:
  CLF: 293問
  AIF: 311問
  SAA: 308問
  DVA: 306問
  SOA: 290問
  DEA: 298問
  MLA: 294問
  SAP: 309問
  DOP: 352問
  AIP: 298問
  SCS: 291問
  ANS: 309問

--- [3b] Cognito 新規ユーザー（前日） ---
  新規登録なし

--- [4] canary テスト ---
  ❌ FAIL (passed=19 failed=1 warnings=0)
  失敗詳細:
    [練習問題一覧（SAA）] ❌ Console Errors (8):
    [練習問題一覧（SAA）] 🌐 Network Errors (8):
      ✘  11 [no-auth] › e2e/tests/canary.noauth.spec.ts:89:7 › ランディングページ › CTA ボタンをクリックして遷移する (13.1s)
    [練習問題詳細] ❌ Console Errors (9):
    [練習問題詳細] 🌐 Network Errors (9):
        Error: [2mexpect([22m[31mlocator[39m[2m).[22mtoBeVisible[2m([22m[2m)[22m failed
        Error: element(s) not found
        Error Context: e2e/test-results/canary.noauth-ランディングページ-CTA-ボタンをクリックして遷移する-no-auth/error-context.md
     結果: ❌ FAIL
      ログ:    s3://mugenknock-error-logs/canary-logs/staging/20260703-034210.log
      サマリー: s3://mugenknock-error-logs/canary-logs/staging/20260703-034210.json
  認証カナリア: ✅ PASS (passed=8 failed=2)

--- [4.5] 監査・改良 / カナリア整合性 / 日めくり 集計 ---
  監査 30問（ANS/SAP）: OK 24 / 注意 6 / 要修正 0
  【指摘のあった問題】
  ⚠ sap-d40e1ed8
  ・正解肢の「S3イベントでジョブを投入」は厳密には不正確。S3イベントから直接AWS Batchのジョブは投入できず、実際はLambda/EventBridgeを介在させる必要がある。正誤判定には影響しないが、正解肢の記述としては技術的に曖昧。
  ⚠ sap-1da40fd4（難易度: too_easy）
  ・S3/DynamoDBのゲートウェイエンドポイントでNATコストを削るのは頻出かつ半ばAssociate級の定番論点で、SAPとしてはやや易しい
  ・不正解選択肢の質が弱い（選択肢2のDAX/Transfer Acceleration、選択肢3の同一VPC内AZ間ピアリングは明らかに誤りで消去が容易）。ひっかけの練り込みが不足
  ・後述の問題4と論点がほぼ重複（NATコスト削減×ゲートウェイエンドポイント）しており、同一模試内では冗長
  ⚠ sap-eb201dd4
  ・問題2(sap-0fa653fa)と正解(DRS＋リードレプリカ)・要件(RTO30分/RPO5分・常時同規模稼働不可・コスト最小)がほぼ同一で、出題プールとして重複感が強い
  ・制約『本番同規模の常時稼働は認めない』が選択肢2を一読で除外させ、消去法で正解が絞りやすい（ひっかけ度がやや低い）
  ⚠ sap-0fa653fa
  ・問題1(sap-eb201dd4)とDRSを正解とするDRシナリオが実質重複（オンプレ発 vs AWS内という差はあるが問われる知識は同一）
  ・選択肢D(ウォームスタンバイ)以外はRTO/RPOで即除外でき、実質2択に絞られやすい
  ⚠ sap-f7ad233a
  ・要件に『顧客単位の処理順序の維持』が含まれるが、正解の冪等性キー方式は順序保証を本質的に提供せず解説も『属性で担保』と曖昧に流している。順序をネイティブに保証するのは選択肢0(SQS FIFO)の側で、両要件を単独で満たす選択肢が存在しない設問になっている
  ・SQS FIFOの重複排除5分制限という核心の知識で正誤が決まる良問だが、上記の順序要件の扱いで論理が甘い
  ⚠ sap-60413049
  ・問題1（sap-71c2f7ae）と『マルチリージョンTGW＋TGWピアリング＋Direct Connect Gateway/Transit VIF』という中核概念がほぼ重複しており、同一セット内で出題すると冗長。本問はRAM共有と集中インスペクションVPCの要素が加わり単体では妥当だが、セット構成上は片方に寄せるのが望ましい。
  【プロンプト自動改良】 適用 3件 / 見送り 0件
  方針: 監査で最多だった『セット内の論点重複』、確定した『正解肢が実在しないサービス間直接連携を前提にする技術的不正確さ(S3→Batch直接投入)』、および『SAPでAssociate級定番論点が決め手＝易しすぎ』の3クラスに絞って、生成(共通/資格別)と検証観点を追記的に強化した。既にルール化済みのDOP確定2件(キーワード偏り・自己否定選択肢)は重複追加していない。
  ✅ _common-rules.txt: 『正解肢が実在しないサービス間直接連携を前提にする不正確さ(S3イベント→AWS Batch直接投入)』の再発防止を推敲・現行性節に、『中核論点/正解サービスの使い回しによるセット内重複』の防止をひっかけ強度節に追記。
  ✅ _validity-extra.txt: 検証がすり抜けた『正解肢の実在しない直接連携(S3→Batch)』を弾く観点と、SAP等プロ資格でAssociate級論点が決め手＝易しすぎを弾く観点を追加。監査最多の重複クラスへの現行性・技術正確性の裏取りを補強。
  ✅ SAP.txt: SAPでtoo_easy/warnが集中したAssociate級論点(ゲートウェイエンドポイントでのNAT削減等)を単独の決め手にしないよう、資格別の『避けること』を具体化。
  所見: カナリアの参照ルートに陳腐化（存在しない/改名パス）は無く、既存テストは全て有効。ただし公開SSGのSEO詳細ページ3種（/exam-guide/[type]・/services/[name]・/questions/[examType]/[questionId]）がスモーク対象から漏れている。認証必須ページ（/aws/*・/account・/admin）は対象外のまま維持。
  カバー漏れ/陳腐化: 3件
  ・公開の試験別ガイド詳細 /exam-guide/[type] が未テスト（EXAM_TYPESから /exam-guide/SAA が確定的に到達可）
  ・公開のサービス詳細 /services/[name] が未テスト（toSlug('EC2')='ec2' でserviceIds有りのため /services/ec2 が確定的に生成される）
  ・公開の練習問題詳細 /questions/[examType]/[questionId] が未テスト。questionIdはDB由来で非確定的なため直リンクは陳腐化しやすい→一覧ページからのクリック導線で被覆（データ0件時はskip）
  対応: specを更新（検証OK=playwright --list 成功）。 / バックアップ: /home/yuzuki/aws-quiz-app/prompts/night-prompts/logs/canary-coverage_20260702_021507_spec.bak
  生成: → 非現行サービスの混入を防ぐため、今回の生成をスキップします。
  検証: 完了サマリー: 問題なし=25件 / 自動修正=4件 / 削除=1件
  Lambda(直近24h):
    prod: 実行5734 エラー0 スロットル0 最大2631ms
    dev: 実行96 エラー0 スロットル0 最大1114ms
  API(prod,24h): リクエスト6169 5xx=0 4xx=0 p99=1151ms
  本番エラーログ(prod,24h): 0件
  AWSコスト(2026-07-01): $0.09 （前日比 ▼4%）
    ・Amazon DynamoDB: $0.04
    ・AWS Key Management Service: $0.03
    ・AWS Cost Explorer: $0.01

--- [5] メール送信 ---
  ✅ メール送信完了 → mugenknock@gmail.com

==========================================
日次レポート 完了: 2026-07-03 03:45 JST
==========================================
