=== 2026-06-27 01:50:06 | refresh-exam-guide-monthly.sh | exit:0 ===
==========================================
試験ガイド更新: Sat Jun 27 01:50:06 JST 2026
対象: CLF AIF SAA DVA SOA DEA MLA SAP DOP AIP SCS ANS
==========================================
⏭  CLF: 6日前に更新済み（< 30日）→ スキップ
⏭  AIF: 6日前に更新済み（< 30日）→ スキップ
⏭  SAA: 6日前に更新済み（< 30日）→ スキップ
⏭  DVA: 6日前に更新済み（< 30日）→ スキップ
⏭  SOA: 6日前に更新済み（< 30日）→ スキップ
⏭  DEA: 6日前に更新済み（< 30日）→ スキップ
⏭  MLA: 6日前に更新済み（< 30日）→ スキップ
⏭  SAP: 6日前に更新済み（< 30日）→ スキップ
⏭  DOP: 6日前に更新済み（< 30日）→ スキップ
⏭  AIP: 6日前に更新済み（< 30日）→ スキップ
⏭  SCS: 6日前に更新済み（< 30日）→ スキップ
⏭  ANS: 6日前に更新済み（< 30日）→ スキップ

==========================================
完了: Sat Jun 27 01:50:06 JST 2026
==========================================
