=== 2026-07-13 02:56:17 | 05-check-daily-services.sh | exit:0 ===
==========================================
日めくりサービス体裁チェック開始: Mon Jul 13 02:40:07 JST 2026
バッチサイズ: 5件 / チャンクサイズ: 5件
==========================================

--- 提供状態ライフサイクル照合中（猶予 30日）---
  → ライフサイクル: 新規警告=0 削除=0 復活解除=0

--- 重複記事チェック（docUrl照合・自動削除）---
  → 重複なし
チェック対象: 5件
チャンク数: 1

--- チャンク 1/1: 5件  開始=02:41:10 ---
  [DELETE] _schedule_: name/shortName/category/description/triviaがすべて空。実サービスのエントリではなくプレースホルダーであり、コンテンツとして成立しない
  [OK   ] svc-cloudwatch-10
  [OK   ] svc-emr-41
  [OK   ] svc-aws-ram-134
  [OK   ] svc-documentdb-45
  → 更新完了: OK=4 修正=0 削除=1
  終了=02:43:28  経過=138秒

完了サマリー: 問題なし=4件 / 自動修正=0件 / 削除=1件

==========================================
チェック終了: Mon Jul 13 02:43:28 JST 2026
==========================================
