=== 2026-06-29 04:10:50 | 99-send-report.sh | exit:0 ===
==========================================
日次レポート生成 開始: 2026-06-29 03:10 JST
==========================================

--- [1] AWS資格公式情報 変更チェック ---
  フェーズ1完了: has_changes=False
  直近3日以内の変更声明なし

--- [2] 夜間スクリプト成果集計 ---
  生成: 合計 132問生成
  妥当性: 合計: 確認406件（問題なし=315 自動修正=91 削除=0）
  通報: 3日分の実行なし

--- [3] DynamoDB稼働状況 ---
  総問題数: 3423 問
  直近3日 新規生成(createdAt): 141 問
  直近3日 確認済み(validityCheckedAt): 456 問
  未妥当性確認: 14 問
  未解決通報: 2 件
  資格別:
  CLF: 273問
  AIF: 286問
  SAA: 288問
  DVA: 286問
  SOA: 273問
  DEA: 278問
  MLA: 274問
  SAP: 270問
  DOP: 352問
  AIP: 289問
  SCS: 271問
  ANS: 283問

--- [4] canary テスト ---
  ✅ PASS (passed=13 failed=0 warnings=0)
  失敗詳細:
      ログ:    s3://mugenknock-error-logs/canary-logs/staging/20260629-031153.log
      サマリー: s3://mugenknock-error-logs/canary-logs/staging/20260629-031153.json

--- [5] メール送信 ---
  ✅ メール送信完了 → mugenknock@gmail.com

==========================================
日次レポート 完了: 2026-06-29 03:13 JST
==========================================
