=== 2026-07-12 01:55:09 | audit-questions-nightly.sh | exit:0 ===
==========================================
問題監査 開始: Sun Jul 12 01:50:07 JST 2026
サンプル数: 30問 / チャンク: 5問 / 抽出: 直近優先
（読み取り専用 — DBは変更しません）
==========================================
監査対象: 30問
チャンク数: 6

--- チャンク 1/6: 5問  開始=01:50:42 ---
⚠️  レート制限を検出。残りチャンクをスキップ
==========================================
監査レポート
==========================================
監査結果が0件でした（全チャンクが失敗/スキップ）

生データ: /home/yuzuki/aws-quiz-app/prompts/night-prompts/logs/audit_20260712_015007.json
※ レート制限により一部チャンクが未監査です

==========================================
改善モード: 生成・検証プロンプトの継続改良
==========================================
改善対象（監査warn/ng・通報確定不具合）がないため、プロンプト改良はスキップしました。
監査終了: Sun Jul 12 01:50:44 JST 2026
