=== 2026-06-29 04:10:50 | 05-check-daily-services.sh | exit:0 ===
==========================================
日めくりサービス体裁チェック開始: Mon Jun 29 04:00:05 JST 2026
バッチサイズ: 30件 / チャンクサイズ: 8件
==========================================

--- 提供状態ライフサイクル照合中（猶予 30日）---
  → ライフサイクル: 新規警告=0 削除=0 復活解除=0
チェック対象: 30件
チャンク数: 4

--- チャンク 1/4: 8件  開始=04:00:37 ---
  [OK   ] svc-aws-dms-130
  [OK   ] svc-aws-kms-132
  [OK   ] svc-aws-iam-131
  [OK   ] svc-snowball-90
  [OK   ] svc-mq-78
  [OK   ] svc-lex-72
  [OK   ] svc-security-hub-75
  [OK   ] svc-eventbridge-28
  → 更新完了: OK=8 修正=0 削除=0
  終了=04:03:31  経過=174秒

--- チャンク 2/4: 8件  開始=04:03:31 ---
  [OK   ] svc-opensearch-52
  [OK   ] svc-sns-11
  [OK   ] svc-quicksight-48
  [OK   ] svc-backup-54
  [OK   ] svc-neptune-55
  [OK   ] svc-kinesis-18
  [OK   ] svc-keyspaces-104
  [OK   ] svc-personalize-102
  → 更新完了: OK=8 修正=0 削除=0
  終了=04:06:12  経過=161秒

--- チャンク 3/4: 8件  開始=04:06:12 ---
  [OK   ] svc-elasticache-20
  [OK   ] svc-firewall-manager-96
  [OK   ] svc-compute-optimizer-81
  [OK   ] svc-guardduty-39
  [OK   ] svc-macie-62
  [OK   ] svc-appflow-82
  [OK   ] svc-organizations-38
  [OK   ] svc-dms-43
  → 更新完了: OK=8 修正=0 削除=0
  終了=04:08:46  経過=154秒

--- チャンク 4/4: 6件  開始=04:08:46 ---
  [OK   ] svc-timestream-65
  [OK   ] 2ca534b1-a776-424a-8d0f-0d7a05aab154
  [OK   ] svc-app-runner-88
  [OK   ] svc-redshift-19
  [OK   ] svc-bedrock-14
  [OK   ] svc-secrets-manager-40
  → 更新完了: OK=6 修正=0 削除=0
  終了=04:10:50  経過=124秒

完了サマリー: 問題なし=30件 / 自動修正=0件 / 削除=0件

==========================================
チェック終了: Mon Jun 29 04:10:50 JST 2026
==========================================
