=== 2026-07-18 05:55:06 | refresh-exam-guide-monthly.sh | exit:0 ===
==========================================
試験ガイド更新: Sat Jul 18 05:30:04 JST 2026
対象: CLF AIF SAA DVA SOA DEA MLA SAP DOP AIP SCS ANS
==========================================
⏭  CLF: 27日前に更新済み（< 30日）→ スキップ
⏭  AIF: 6日前に更新済み（< 30日）→ スキップ
⏭  SAA: 27日前に更新済み（< 30日）→ スキップ
⏭  DVA: 27日前に更新済み（< 30日）→ スキップ
⏭  SOA: 27日前に更新済み（< 30日）→ スキップ
⏭  DEA: 27日前に更新済み（< 30日）→ スキップ
⏭  MLA: 27日前に更新済み（< 30日）→ スキップ
⏭  SAP: 27日前に更新済み（< 30日）→ スキップ
⏭  DOP: 27日前に更新済み（< 30日）→ スキップ
⏭  AIP: 27日前に更新済み（< 30日）→ スキップ
⏭  SCS: 27日前に更新済み（< 30日）→ スキップ
⏭  ANS: 27日前に更新済み（< 30日）→ スキップ

==========================================
完了: Sat Jul 18 05:30:04 JST 2026
==========================================
