=== 2026-07-18 05:55:06 | audit-questions-nightly.sh | exit:0 ===
==========================================
問題監査 開始: Sat Jul 18 05:50:04 JST 2026
サンプル数: 30問 / チャンク: 5問 / 抽出: 直近優先
（読み取り専用 — DBは変更しません）
==========================================
監査対象: 30問
チャンク数: 6

--- チャンク 1/6: 5問  開始=05:50:39 ---
  ⚠️  dop-q-073 (DOP)  Inspector V2のECRスキャンは非同期完了であり、EventBridge→Lambda→StopPipelineExecutionはビルド後デプロイまでの間にタイミングの競合が生じうる。選択肢[1]のCodeBuild内スキャン(exit1でブロック)も本番デプロイを確実に止める同期ゲートとして実務上有力で、『最も適切』が一意に絞りにくい。解説の『Trivyは継続的再スキャンができない』という優劣付けはCI/CDゲート要件に対してやや論点ずれ
  ⚠️  aif-q-003 (AIF) [易しすぎ]  BLEUの用語を知っていれば即答できる単一事実の暗記問題。距離のある不正解(F1/ROC-AUC/MSE)ばかりでひっかけ性が乏しく、本番のシナリオベース問題より易しい
  ⚠️  aif-q-021 (AIF) [易しすぎ]  BLEU/ROUGEが明らかにNLP指標で除外でき、実質ROC-AUC対Accuracyの二択で易しめ / 『ROC-AUCは不均衡データの影響を受けにくい』は厳密には不正確で、強い不均衡ではPR-AUC(適合率-再現率曲線)の方が適切とされる。foundationalとして許容範囲だが解説の断定はやや強い
  ⚠️  aif-q-025 (AIF)  BLEU=n-gram一致、BERTScore=意味的類似という理解を要する良問だが、不正解[1][2][3]が回帰/分類特化など的外れで明白に除外でき、正解が浮きやすい
  ✅ aif-q-005 (AIF)
  終了=05:51:30

--- チャンク 2/6: 5問  開始=05:51:30 ---
  ✅ aif-q-020 (AIF)
  ⚠️  aif-q-014 (AIF) [易しすぎ]  「例を一切提示していない」という記述がゼロショットに直結し、一読で正解が自明。Zero/One/Few-shotの単純な用語暗記問題でシナリオ性に乏しい / ネガティブプロンプティングが他選択肢とカテゴリが異なり距離感で除外可能
  ⚠️  aif-q-008 (AIF) [易しすぎ]  転移学習・ファインチューニング・知識蒸留はいずれも攻撃手法ではなく学習技術であり、『攻撃』を問う設問で消去法により即座に正解が絞れる。ひっかけとしての質が低く一読で自明 / 本番相当のシナリオベースの取捨選択要素がなく用語識別問題にとどまる
  ✅ aif-q-026 (AIF)
  ⚠️  aif-q-007 (AIF) [易しすぎ]  『条件を順番に判定する木構造』という記述が決定木を直接説明しており正解が自明。BERT/k-means/PCAはカテゴリが全く異なり距離感で除外可能で、ひっかけとして機能していない / 用語と特徴の単純な対応付け問題でシナリオ判断要素が薄い
  終了=05:52:14

--- チャンク 3/6: 5問  開始=05:52:14 ---
  ⚠️  aif-q-006 (AIF) [易しすぎ]  不正解の3つ(決定木・k-NN・線形回帰)がいずれもディープなNLPモデルでなく、BERTが唯一の言語モデルとして一読で自明。ひっかけが弱く消去法で即答できる / 本番のAIFはシナリオ+AWSサービスの比較を問う傾向が強く、素の学習アルゴリズム名の暗記に近いため難易度が低い
  ✅ clf-d3bfdeee (CLF)
  ✅ clf-0cb479dd (CLF)
  ✅ clf-16b7ffad (CLF)
  ✅ clf-4f5199a2 (CLF)
  終了=05:52:46

--- チャンク 4/6: 5問  開始=05:52:46 ---
  ✅ clf-0b4beab3 (CLF)
  ✅ clf-93912b5a (CLF)
  ⚠️  clf-b8ff3df9 (CLF) [易しすぎ]  「中断可能＋コスト最小化」からスポットインスタンスが一読で自明。ひっかけ要素が弱く、本番よりやや平易
  ✅ clf-3130ebc0 (CLF)
  ✅ clf-fe5ff023 (CLF)
  終了=05:53:18

--- チャンク 5/6: 5問  開始=05:53:18 ---
⚠️  レート制限を検出。残りチャンクをスキップ
==========================================
監査レポート
==========================================
総監査数: 20問
  ✅ ok  : 11問 (55%)
  ⚠️  warn: 9問 (45%)
  ❌ ng  : 0問 (0%)

内容観点:
  現行性 : 正常=20
  難易度 : 適切=13, 易しすぎ=7
  範囲   : 範囲内=20
体裁観点:
  読みやすさ: 良=20
  模試適性  : 不適=0問

資格別 (ok/warn/ng):
  AIF: 3/7/0
  CLF: 8/1/0
  DOP: 0/1/0

要対応の問題 (9件):
  ⚠️  dop-q-073 (DOP): Inspector V2のECRスキャンは非同期完了であり、EventBridge→Lambda→StopPipelineExecutionはビルド後デプロイまでの間にタイミングの競合が生じうる。選択肢[1]のCodeBuild内スキャン(exit1でブロック)も本番デプロイを確実に止める同期ゲートとして実務上有力で、『最も適切』が一意に絞りにくい。解説の『Trivyは継続的再スキャンができない』という優劣付けはCI/CDゲート要件に対してやや論点ずれ
  ⚠️  aif-q-003 (AIF): BLEUの用語を知っていれば即答できる単一事実の暗記問題。距離のある不正解(F1/ROC-AUC/MSE)ばかりでひっかけ性が乏しく、本番のシナリオベース問題より易しい
  ⚠️  aif-q-021 (AIF): BLEU/ROUGEが明らかにNLP指標で除外でき、実質ROC-AUC対Accuracyの二択で易しめ / 『ROC-AUCは不均衡データの影響を受けにくい』は厳密には不正確で、強い不均衡ではPR-AUC(適合率-再現率曲線)の方が適切とされる。foundationalとして許容範囲だが解説の断定はやや強い
  ⚠️  aif-q-025 (AIF): BLEU=n-gram一致、BERTScore=意味的類似という理解を要する良問だが、不正解[1][2][3]が回帰/分類特化など的外れで明白に除外でき、正解が浮きやすい
  ⚠️  aif-q-014 (AIF): 「例を一切提示していない」という記述がゼロショットに直結し、一読で正解が自明。Zero/One/Few-shotの単純な用語暗記問題でシナリオ性に乏しい / ネガティブプロンプティングが他選択肢とカテゴリが異なり距離感で除外可能
  ⚠️  aif-q-008 (AIF): 転移学習・ファインチューニング・知識蒸留はいずれも攻撃手法ではなく学習技術であり、『攻撃』を問う設問で消去法により即座に正解が絞れる。ひっかけとしての質が低く一読で自明 / 本番相当のシナリオベースの取捨選択要素がなく用語識別問題にとどまる
  ⚠️  aif-q-007 (AIF): 『条件を順番に判定する木構造』という記述が決定木を直接説明しており正解が自明。BERT/k-means/PCAはカテゴリが全く異なり距離感で除外可能で、ひっかけとして機能していない / 用語と特徴の単純な対応付け問題でシナリオ判断要素が薄い
  ⚠️  aif-q-006 (AIF): 不正解の3つ(決定木・k-NN・線形回帰)がいずれもディープなNLPモデルでなく、BERTが唯一の言語モデルとして一読で自明。ひっかけが弱く消去法で即答できる / 本番のAIFはシナリオ+AWSサービスの比較を問う傾向が強く、素の学習アルゴリズム名の暗記に近いため難易度が低い
  ⚠️  clf-b8ff3df9 (CLF): 「中断可能＋コスト最小化」からスポットインスタンスが一読で自明。ひっかけ要素が弱く、本番よりやや平易

生データ: /home/yuzuki/aws-quiz-app/prompts/night-prompts/logs/audit_20260718_055004.json
※ レート制限により一部チャンクが未監査です

==========================================
改善モード: 生成・検証プロンプトの継続改良
==========================================
⚠️  レート制限中のためプロンプト改良をスキップしました（次回実行時に処理）
監査終了: Sat Jul 18 05:53:20 JST 2026
