=== 2026-07-04 05:48:21 | audit-questions-nightly.sh | exit:0 ===
==========================================
問題監査 開始: Sat Jul  4 05:40:05 JST 2026
サンプル数: 30問 / チャンク: 5問 / 抽出: 直近優先
（読み取り専用 — DBは変更しません）
==========================================
監査対象: 30問
チャンク数: 6

--- チャンク 1/6: 5問  開始=05:40:42 ---
  ⚠️  clf-637af08d (CLF)  正解のApp Runnerは正しく現行サービスだが、Elastic Beanstalkもインフラ管理不要でLB/ASGを自動構成するため強い引っかけになっており、実測正答率20%(10件)の低さはこの紛らわしさを裏付ける。解説でBeanstalkとの決定的な差(コンテナ/ソースから直接・完全抽象化)をより明確に示すと良い / App RunnerはCLFとしてはやや踏み込んだサービスだが範囲内で許容
  ⚠️  clf-3405ed73 (CLF)  正解EventBridgeは正しいが、実測正答率14%(14件)と極端に低い。『同時に通知』『複数ターゲット』の表現はSNSのファンアウトを強く連想させ、ルールベース振り分けという差別化要因を読み取れないと誤答しやすい。CLFとしてはやや難度が高くSNSとの識別が過度に紛らわしい
  ❌ dop-q-039 (DOP) [易しすぎ,模試不適]  『Service Catalogの主な目的は？』という単なる用語定義の暗記問題で、DOP(Professional)の水準に達していない。本番はシナリオベースで要件比較を要する。誤答選択肢も別サービスの説明で一読で消去可能 / Professional試験としては明らかに易しすぎる
  ❌ dop-q-049 (DOP) [易しすぎ,模試不適]  ECSタスク定義のCPU/メモリ制限の目的を問う単一概念の定義問題。ひっかけはあるが正解が自明で、シナリオや要件の取捨選択がなくDOP(Professional)の難易度に届かない
  ❌ dop-q-024 (DOP) [易しすぎ,模試不適]  GuardDutyとSecurity Hubの違いを問う基礎的な暗記問題。選択肢C(機能が全く同じでリージョンが違うだけ)やD(VPCフローログ分析専用)は明らかに誤りで容易に消去でき、Associate以下の水準。DOP(Professional)のシナリオ問題として不適切
  終了=05:42:08

--- チャンク 2/6: 5問  開始=05:42:08 ---
  ⚠️  dop-13c0ce8e (DOP)  設問文と解説が「既存および新規のログイベントをマスキングできる」としているが、CloudWatch Logsのデータ保護ポリシーは取り込み時にマスクする仕様で、ポリシー適用前に取り込まれた既存ログイベントはマスクされない（公式明記）。要件・解説に事実の過大主張がある。選択肢[1]自体は相対比較で最良であり正解設定・logs:Unmaskの記述は正しい
  ✅ dop-edae87e4 (DOP)
  ✅ dop-34df284e (DOP)
  ✅ dop-08455a6e (DOP)
  ✅ dop-bf8c9df7 (DOP)
  終了=05:43:02

--- チャンク 3/6: 5問  開始=05:43:02 ---
  ✅ dop-06483161 (DOP)
  ⚠️  dop-16f63ec2 (DOP) [易しすぎ]  メトリクスフィルター→アラームは定番パターンで、DevOpsプロレベルとしてはやや易しめ。ただしFirehose+Athena・Logs Insights等の比較を要する点で許容範囲
  ✅ dop-046d9658 (DOP)
  ✅ dop-f7e0702f (DOP)
  ✅ dop-b64a27ef (DOP)
  終了=05:43:28

--- チャンク 4/6: 5問  開始=05:43:28 ---
  ✅ dop-bd7c6b28 (DOP)
  ✅ dop-8110f41c (DOP)
  ✅ dop-0b56eb1d (DOP)
  ✅ dop-1dc42154 (DOP)
  ✅ dop-b465a1fe (DOP)
  終了=05:44:05

--- チャンク 5/6: 5問  開始=05:44:05 ---
  ✅ dop-c3acc3de (DOP)
  ✅ dop-d5fc0433 (DOP)
  ✅ dop-e2fd0d98 (DOP)
  ✅ dop-b78af7c4 (DOP)
  ⚠️  dop-98d2c412 (DOP) [易しすぎ]  Config（何が変わったか）とCloudTrail（誰がいつ変えたか）の組み合わせは根本原因分析の定番で、DOPとしてはやや自明。誤答のGuardDuty/Trusted Advisor/Inspectorはいずれも構成変更追跡と無関係で消去が容易なため、ひっかけとしての紛らわしさが弱い
  終了=05:44:43

--- チャンク 6/6: 5問  開始=05:44:43 ---
  ✅ dop-affa9033 (DOP)
  ✅ scs-6e722881 (SCS)
  ✅ scs-8cb229a5 (SCS)
  ✅ scs-bfe1681f (SCS)
  ✅ scs-d95b8924 (SCS)
  終了=05:45:18

==========================================
監査レポート
==========================================
総監査数: 30問
  ✅ ok  : 22問 (73%)
  ⚠️  warn: 5問 (16%)
  ❌ ng  : 3問 (10%)

内容観点:
  現行性 : 正常=30
  難易度 : 適切=25, 易しすぎ=5
  範囲   : 範囲内=30
体裁観点:
  読みやすさ: 良=30
  模試適性  : 不適=3問

資格別 (ok/warn/ng):
  CLF: 0/2/0
  DOP: 18/3/3
  SCS: 4/0/0

要対応の問題 (8件):
  ❌ dop-q-039 (DOP): 『Service Catalogの主な目的は？』という単なる用語定義の暗記問題で、DOP(Professional)の水準に達していない。本番はシナリオベースで要件比較を要する。誤答選択肢も別サービスの説明で一読で消去可能 / Professional試験としては明らかに易しすぎる
  ❌ dop-q-049 (DOP): ECSタスク定義のCPU/メモリ制限の目的を問う単一概念の定義問題。ひっかけはあるが正解が自明で、シナリオや要件の取捨選択がなくDOP(Professional)の難易度に届かない
  ❌ dop-q-024 (DOP): GuardDutyとSecurity Hubの違いを問う基礎的な暗記問題。選択肢C(機能が全く同じでリージョンが違うだけ)やD(VPCフローログ分析専用)は明らかに誤りで容易に消去でき、Associate以下の水準。DOP(Professional)のシナリオ問題として不適切
  ⚠️  clf-637af08d (CLF): 正解のApp Runnerは正しく現行サービスだが、Elastic Beanstalkもインフラ管理不要でLB/ASGを自動構成するため強い引っかけになっており、実測正答率20%(10件)の低さはこの紛らわしさを裏付ける。解説でBeanstalkとの決定的な差(コンテナ/ソースから直接・完全抽象化)をより明確に示すと良い / App RunnerはCLFとしてはやや踏み込んだサービスだが範囲内で許容
  ⚠️  clf-3405ed73 (CLF): 正解EventBridgeは正しいが、実測正答率14%(14件)と極端に低い。『同時に通知』『複数ターゲット』の表現はSNSのファンアウトを強く連想させ、ルールベース振り分けという差別化要因を読み取れないと誤答しやすい。CLFとしてはやや難度が高くSNSとの識別が過度に紛らわしい
  ⚠️  dop-13c0ce8e (DOP): 設問文と解説が「既存および新規のログイベントをマスキングできる」としているが、CloudWatch Logsのデータ保護ポリシーは取り込み時にマスクする仕様で、ポリシー適用前に取り込まれた既存ログイベントはマスクされない（公式明記）。要件・解説に事実の過大主張がある。選択肢[1]自体は相対比較で最良であり正解設定・logs:Unmaskの記述は正しい
  ⚠️  dop-16f63ec2 (DOP): メトリクスフィルター→アラームは定番パターンで、DevOpsプロレベルとしてはやや易しめ。ただしFirehose+Athena・Logs Insights等の比較を要する点で許容範囲
  ⚠️  dop-98d2c412 (DOP): Config（何が変わったか）とCloudTrail（誰がいつ変えたか）の組み合わせは根本原因分析の定番で、DOPとしてはやや自明。誤答のGuardDuty/Trusted Advisor/Inspectorはいずれも構成変更追跡と無関係で消去が容易なため、ひっかけとしての紛らわしさが弱い

生データ: /home/yuzuki/aws-quiz-app/prompts/night-prompts/logs/audit_20260704_054005.json

==========================================
改善モード: 生成・検証プロンプトの継続改良
==========================================
改善対象: 監査8件 / 通報確定不具合(直近7日)11件。改良案を生成中...
改良方針: 監査で最多だったDOPの用語定義・単一概念の暗記問題（模試不適・易しすぎ）と、ユーザー通報で確定した「正解選択肢が自己解説的・過長で正解が特定できる」誤り、および解説の機能過大主張を再発防止する。生成側(DOP.txt/_common-rules.txt)で禁止事項を明確化し、検証側(_validity-extra.txt)に検出観点を追加。CLFは同系統サービスの過度に微妙な識別で正答率が極端に下がる問題を避ける注意を1行追記。いずれも追記・小修正のみ。
適用 3件 / 見送り 0件
  ✅ _common-rules.txt — ユーザー通報で確定したDOPの choice_error（正解選択肢だけが自己解説的な末尾を持ち内容・長さの両面で正解が露見）に対応。既存の『不正解の自己否定文
  ✅ DOP.txt — 監査でng判定が集中したDOPの用語定義・単一概念・2サービスの違いを問う暗記問題（Professional水準未達）に対応。【避けること】に具体例付きで禁止し
  ✅ _validity-extra.txt — 検証(02)が見逃した3種の誤りを検出する観点を追加：(1)プロ資格の用語定義・違い暗記問題（模試不適/易しすぎ）、(2)正解選択肢の自己解説的末尾による正解特
改良レポート: /home/yuzuki/aws-quiz-app/prompts/night-prompts/logs/audit_20260704_054005_improvement.md
バックアップ: /home/yuzuki/aws-quiz-app/prompts/night-prompts/logs/audit_20260704_054005_promptbackup
※ 次回以降の生成(01)・検証(02)からこの改良が反映されます。
監査終了: Sat Jul  4 05:48:21 JST 2026
