=== 2026-07-18 05:55:06 | 05-check-daily-services.sh | exit:0 ===
==========================================
日めくりサービス体裁チェック開始: Sat Jul 18 05:40:04 JST 2026
バッチサイズ: 5件 / チャンクサイズ: 5件
==========================================

--- 提供状態ライフサイクル照合中（猶予 30日）---
  [警告] Amazon Forecast: 新規受付が終了しています → 警告付与（2026-08-17削除予定）
  → ライフサイクル: 新規警告=1 削除=0 復活解除=0

--- 重複記事チェック（docUrl照合・自動削除）---
  → 重複なし
チェック対象: 5件
チャンク数: 1

--- チャンク 1/1: 5件  開始=05:41:07 ---
  [DELETE] _schedule_: name/shortName/category/description/triviaがすべて空。実AWSサービスではなくスケジュールプレースホルダー。必須フィールドが存在しないため登録不可。
  [FIX  ] svc-arc-174: docUrlがdocs.aws.amazon.com形式でありaws.amazon.com/jp/形式ではない。 → 変更: docUrl
  [OK   ] svc-config-51
  [OK   ] svc-aurora-29
  [OK   ] svc-vpc-8
  → 更新完了: OK=3 修正=1 削除=1
  終了=05:43:27  経過=140秒

完了サマリー: 問題なし=3件 / 自動修正=1件 / 削除=1件

==========================================
チェック終了: Sat Jul 18 05:43:27 JST 2026
==========================================
