=== 2026-07-08 04:15:41 | 05-check-daily-services.sh | exit:0 ===
==========================================
日めくりサービス体裁チェック開始: Wed Jul  8 04:00:09 JST 2026
バッチサイズ: 5件 / チャンクサイズ: 5件
==========================================

--- 提供状態ライフサイクル照合中（猶予 30日）---
  → ライフサイクル: 新規警告=0 削除=0 復活解除=0

--- 重複記事チェック（docUrl照合・自動削除）---
  → 重複なし
チェック対象: 5件
チャンク数: 1

--- チャンク 1/1: 5件  開始=04:01:12 ---
  [FIX  ] svc-application-insights-168: docUrlがdocs.aws.amazon.comドメインで規定外形式 → 変更: docUrl
  [DELETE] _schedule_: name/shortName/category/description/triviaがすべて空のプレースホルダーエントリ。サービスとして成立しない
  [FIX  ] svc-ai-ops-investigations-167: docUrlがdocs.aws.amazon.comドメインで規定外形式 → 変更: docUrl
  [OK   ] svc-redshift-19
  [OK   ] svc-bedrock-14
  → 更新完了: OK=2 修正=2 削除=1
  終了=04:03:43  経過=151秒

完了サマリー: 問題なし=2件 / 自動修正=2件 / 削除=1件

==========================================
チェック終了: Wed Jul  8 04:03:43 JST 2026
==========================================
