=== 2026-07-17 04:57:07 | refresh-exam-guide-monthly.sh | exit:0 ===
==========================================
試験ガイド更新: Fri Jul 17 04:30:05 JST 2026
対象: CLF AIF SAA DVA SOA DEA MLA SAP DOP AIP SCS ANS
==========================================
⏭  CLF: 26日前に更新済み（< 30日）→ スキップ
⏭  AIF: 5日前に更新済み（< 30日）→ スキップ
⏭  SAA: 26日前に更新済み（< 30日）→ スキップ
⏭  DVA: 26日前に更新済み（< 30日）→ スキップ
⏭  SOA: 26日前に更新済み（< 30日）→ スキップ
⏭  DEA: 26日前に更新済み（< 30日）→ スキップ
⏭  MLA: 26日前に更新済み（< 30日）→ スキップ
⏭  SAP: 26日前に更新済み（< 30日）→ スキップ
⏭  DOP: 26日前に更新済み（< 30日）→ スキップ
⏭  AIP: 26日前に更新済み（< 30日）→ スキップ
⏭  SCS: 26日前に更新済み（< 30日）→ スキップ
⏭  ANS: 26日前に更新済み（< 30日）→ スキップ

==========================================
完了: Fri Jul 17 04:30:05 JST 2026
==========================================
