=== 2026-06-27 01:50:06 | 99-send-report.sh | exit:0 ===
==========================================
日次レポート生成 開始: 2026-06-27 01:10 JST
==========================================

--- [1] AWS資格公式情報 変更チェック ---
  フェーズ1完了: has_changes=False
  直近3日以内の変更声明なし

--- [2] 夜間スクリプト成果集計 ---
  生成: 合計 90問生成
  妥当性: 合計: 確認283件（問題なし=191 自動修正=92 削除=0）
  通報: 3日分の実行なし

--- [3] DynamoDB稼働状況 ---
  総問題数: 3303 問
  直近3日 新規生成(createdAt): 94 問
  直近3日 確認済み(validityCheckedAt): 328 問
  未妥当性確認: 12 問
  未解決通報: 1 件
  資格別:
  CLF: 273問
  AIF: 261問
  SAA: 263問
  DVA: 268問
  SOA: 273問
  DEA: 278問
  MLA: 274問
  SAP: 264問
  DOP: 352問
  AIP: 264問
  SCS: 264問
  ANS: 269問

--- [4] canary テスト ---
  ✅ PASS (passed=13 failed=0 warnings=0)
  失敗詳細:
      ログ:    s3://mugenknock-error-logs/canary-logs/staging/20260627-011152.log
      サマリー: s3://mugenknock-error-logs/canary-logs/staging/20260627-011152.json

--- [5] メール送信 ---
  ✅ メール送信完了 → mugenknock@gmail.com

==========================================
日次レポート 完了: 2026-06-27 01:12 JST
==========================================
