=== 2026-07-14 03:56:17 | 05-check-daily-services.sh | exit:0 ===
==========================================
日めくりサービス体裁チェック開始: Tue Jul 14 03:40:05 JST 2026
バッチサイズ: 5件 / チャンクサイズ: 5件
==========================================

--- 提供状態ライフサイクル照合中（猶予 30日）---
  → ライフサイクル: 新規警告=0 削除=0 復活解除=0

--- 重複記事チェック（docUrl照合・自動削除）---
  → 重複なし
チェック対象: 5件
チャンク数: 1

--- チャンク 1/1: 5件  開始=03:41:08 ---
  [DELETE] _schedule_: name/shortName/category/description/triviaがすべて空。実在するAWSサービスではなくプレースホルダーエントリのため削除。
  [OK   ] svc-polly-85
  [OK   ] svc-inspector-50
  [OK   ] svc-global-accelerator-64
  [OK   ] svc-auto-scaling-74
  → 更新完了: OK=4 修正=0 削除=1
  終了=03:43:29  経過=141秒

完了サマリー: 問題なし=4件 / 自動修正=0件 / 削除=1件

==========================================
チェック終了: Tue Jul 14 03:43:29 JST 2026
==========================================
