=== 2026-07-11 05:55:08 | refresh-exam-guide-monthly.sh | exit:0 ===
==========================================
試験ガイド更新: Sat Jul 11 05:30:06 JST 2026
対象: CLF AIF SAA DVA SOA DEA MLA SAP DOP AIP SCS ANS
==========================================
⏭  CLF: 20日前に更新済み（< 30日）→ スキップ
⏭  AIF: 20日前に更新済み（< 30日）→ スキップ
⏭  SAA: 20日前に更新済み（< 30日）→ スキップ
⏭  DVA: 20日前に更新済み（< 30日）→ スキップ
⏭  SOA: 20日前に更新済み（< 30日）→ スキップ
⏭  DEA: 20日前に更新済み（< 30日）→ スキップ
⏭  MLA: 20日前に更新済み（< 30日）→ スキップ
⏭  SAP: 20日前に更新済み（< 30日）→ スキップ
⏭  DOP: 20日前に更新済み（< 30日）→ スキップ
⏭  AIP: 20日前に更新済み（< 30日）→ スキップ
⏭  SCS: 20日前に更新済み（< 30日）→ スキップ
⏭  ANS: 20日前に更新済み（< 30日）→ スキップ

==========================================
完了: Sat Jul 11 05:30:06 JST 2026
==========================================
