=== 2026-07-01 01:17:43 | refresh-exam-guide-monthly.sh | exit:0 ===
==========================================
試験ガイド更新: Wed Jul  1 00:50:05 JST 2026
対象: CLF AIF SAA DVA SOA DEA MLA SAP DOP AIP SCS ANS
==========================================
⏭  CLF: 10日前に更新済み（< 30日）→ スキップ
⏭  AIF: 10日前に更新済み（< 30日）→ スキップ
⏭  SAA: 10日前に更新済み（< 30日）→ スキップ
⏭  DVA: 10日前に更新済み（< 30日）→ スキップ
⏭  SOA: 10日前に更新済み（< 30日）→ スキップ
⏭  DEA: 10日前に更新済み（< 30日）→ スキップ
⏭  MLA: 10日前に更新済み（< 30日）→ スキップ
⏭  SAP: 10日前に更新済み（< 30日）→ スキップ
⏭  DOP: 10日前に更新済み（< 30日）→ スキップ
⏭  AIP: 10日前に更新済み（< 30日）→ スキップ
⏭  SCS: 10日前に更新済み（< 30日）→ スキップ
⏭  ANS: 10日前に更新済み（< 30日）→ スキップ

==========================================
完了: Wed Jul  1 00:50:05 JST 2026
==========================================
