=== 2026-07-19 01:55:09 | 99-send-report.sh | exit:0 ===
==========================================
日次レポート生成 開始: 2026-07-19 00:50 JST
==========================================

--- [1] AWS資格公式情報 変更チェック ---
  フェーズ1完了: has_changes=False
  直近3日以内の変更声明なし

--- [2] 夜間スクリプト成果集計 ---
  生成: 合計 0問生成
  妥当性: 合計: 確認215件（問題なし=117 自動修正=97 削除=1）
  通報: 2026-07-18: 12件処理

--- [3] DynamoDB稼働状況 ---
  総問題数: 3815 問
  直近3日 新規生成(createdAt): 0 問
  直近3日 確認済み(validityCheckedAt): 254 問
  未妥当性確認: 0 問
  未解決通報: 1 件
  資格別:
  CLF: 338問
  AIF: 337問
  SAA: 308問
  DVA: 306問
  SOA: 306問
  DEA: 306問
  MLA: 304問
  SAP: 308問
  DOP: 373問
  AIP: 314問
  SCS: 309問
  ANS: 309問

--- [3b] Portal.tsx 問題数更新 ---
  ℹ️  変更なし: 3800問 (100問刻み未達)

--- [3c] Cognito 新規ユーザー（前日） ---
  新規登録なし

--- [4] canary テスト ---
  ✅ PASS (passed=20 failed=0 warnings=0)
  認証カナリア: ✅ PASS (passed=6 failed=0)

--- [4.5] 監査・改良 / カナリア整合性 / 日めくり 集計 ---
  監査 20問（AIF/CLF/DOP）: OK 11 / 注意 9 / 要修正 0
  【指摘のあった問題】
  ⚠ dop-q-073
  ・Inspector V2のECRスキャンは非同期完了であり、EventBridge→Lambda→StopPipelineExecutionはビルド後デプロイまでの間にタイミングの競合が生じうる。選択肢[1]のCodeBuild内スキャン(exit1でブロック)も本番デプロイを確実に止める同期ゲートとして実務上有力で、『最も適切』が一意に絞りにくい。解説の『Trivyは継続的再スキャンができない』という優劣付けはCI/CDゲート要件に対してやや論点ずれ
  ⚠ aif-q-003（難易度: too_easy）
  ・BLEUの用語を知っていれば即答できる単一事実の暗記問題。距離のある不正解(F1/ROC-AUC/MSE)ばかりでひっかけ性が乏しく、本番のシナリオベース問題より易しい
  ⚠ aif-q-021（難易度: too_easy）
  ・BLEU/ROUGEが明らかにNLP指標で除外でき、実質ROC-AUC対Accuracyの二択で易しめ
  ・『ROC-AUCは不均衡データの影響を受けにくい』は厳密には不正確で、強い不均衡ではPR-AUC(適合率-再現率曲線)の方が適切とされる。foundationalとして許容範囲だが解説の断定はやや強い
  ⚠ aif-q-025
  ・BLEU=n-gram一致、BERTScore=意味的類似という理解を要する良問だが、不正解[1][2][3]が回帰/分類特化など的外れで明白に除外でき、正解が浮きやすい
  ⚠ aif-q-014（難易度: too_easy）
  ・「例を一切提示していない」という記述がゼロショットに直結し、一読で正解が自明。Zero/One/Few-shotの単純な用語暗記問題でシナリオ性に乏しい
  ・ネガティブプロンプティングが他選択肢とカテゴリが異なり距離感で除外可能
  ⚠ aif-q-008（難易度: too_easy）
  ・転移学習・ファインチューニング・知識蒸留はいずれも攻撃手法ではなく学習技術であり、『攻撃』を問う設問で消去法により即座に正解が絞れる。ひっかけとしての質が低く一読で自明
  ・本番相当のシナリオベースの取捨選択要素がなく用語識別問題にとどまる
  ⚠ aif-q-007（難易度: too_easy）
  ・『条件を順番に判定する木構造』という記述が決定木を直接説明しており正解が自明。BERT/k-means/PCAはカテゴリが全く異なり距離感で除外可能で、ひっかけとして機能していない
  ・用語と特徴の単純な対応付け問題でシナリオ判断要素が薄い
  ⚠ aif-q-006（難易度: too_easy）
  ・不正解の3つ(決定木・k-NN・線形回帰)がいずれもディープなNLPモデルでなく、BERTが唯一の言語モデルとして一読で自明。ひっかけが弱く消去法で即答できる
  ・本番のAIFはシナリオ+AWSサービスの比較を問う傾向が強く、素の学習アルゴリズム名の暗記に近いため難易度が低い
  ⚠ clf-b8ff3df9（難易度: too_easy）
  ・「中断可能＋コスト最小化」からスポットインスタンスが一読で自明。ひっかけ要素が弱く、本番よりやや平易
  【プロンプト自動改良】直近3日は改良なし
  整合性チェック: 今回は判定不可（実行時エラーによりスキップ）
  生成: 2026-07-18 完了: Sat Jul 18 05:47:10 JST 2026
  検証: 2026-07-18 完了サマリー: 問題なし=3件 / 自動修正=1件 / 削除=1件
  Lambda(直近24h):
    prod: 実行2066 エラー0 スロットル0 最大2284ms
    dev: 実行0 エラー0 スロットル0 最大0ms
  API(prod,24h): リクエスト2104 5xx=0 4xx=18 p99=1490ms
  本番エラーログ(prod,24h): 0件
  AWSコスト(2026-07-17): $0.15 （前日比 ▲3%）
    ・Amazon API Gateway: $0.06
    ・Amazon DynamoDB: $0.05
    ・AWS Key Management Service: $0.03

--- [4.8] テストユーザー データ整合性チェック ---
  テストユーザー (yuzukisera00@gmail.com) データ整合性チェック
  今日の演習量: 0 問 (2026-07-19) [なし]
  UserTagStats エントリ数: 7 tagId
  resetAt: 2026-07-03T13:16:32.641Z
  UserTagStats 増減: 7 → 7（正常）
  ✅ 整合性OK（問題なし）

--- [5] メール送信 ---
  ✅ メール送信完了 → mugenknock@gmail.com

==========================================
日次レポート 完了: 2026-07-19 00:56 JST
==========================================
