=== 2026-07-04 05:48:21 | refresh-exam-guide-monthly.sh | exit:0 ===
==========================================
試験ガイド更新: Sat Jul  4 05:20:05 JST 2026
対象: CLF AIF SAA DVA SOA DEA MLA SAP DOP AIP SCS ANS
==========================================
⏭  CLF: 13日前に更新済み（< 30日）→ スキップ
⏭  AIF: 13日前に更新済み（< 30日）→ スキップ
⏭  SAA: 13日前に更新済み（< 30日）→ スキップ
⏭  DVA: 13日前に更新済み（< 30日）→ スキップ
⏭  SOA: 13日前に更新済み（< 30日）→ スキップ
⏭  DEA: 13日前に更新済み（< 30日）→ スキップ
⏭  MLA: 13日前に更新済み（< 30日）→ スキップ
⏭  SAP: 13日前に更新済み（< 30日）→ スキップ
⏭  DOP: 13日前に更新済み（< 30日）→ スキップ
⏭  AIP: 13日前に更新済み（< 30日）→ スキップ
⏭  SCS: 13日前に更新済み（< 30日）→ スキップ
⏭  ANS: 13日前に更新済み（< 30日）→ スキップ

==========================================
完了: Sat Jul  4 05:20:05 JST 2026
==========================================
