=== 2026-07-13 02:56:17 | refresh-exam-guide-monthly.sh | exit:0 ===
==========================================
試験ガイド更新: Mon Jul 13 02:30:07 JST 2026
対象: CLF AIF SAA DVA SOA DEA MLA SAP DOP AIP SCS ANS
==========================================
⏭  CLF: 22日前に更新済み（< 30日）→ スキップ
⏭  AIF: 1日前に更新済み（< 30日）→ スキップ
⏭  SAA: 22日前に更新済み（< 30日）→ スキップ
⏭  DVA: 22日前に更新済み（< 30日）→ スキップ
⏭  SOA: 22日前に更新済み（< 30日）→ スキップ
⏭  DEA: 22日前に更新済み（< 30日）→ スキップ
⏭  MLA: 22日前に更新済み（< 30日）→ スキップ
⏭  SAP: 22日前に更新済み（< 30日）→ スキップ
⏭  DOP: 22日前に更新済み（< 30日）→ スキップ
⏭  AIP: 22日前に更新済み（< 30日）→ スキップ
⏭  SCS: 22日前に更新済み（< 30日）→ スキップ
⏭  ANS: 22日前に更新済み（< 30日）→ スキップ

==========================================
完了: Mon Jul 13 02:30:07 JST 2026
==========================================
