=== 2026-07-05 01:45:07 | audit-questions-nightly.sh | exit:0 ===
==========================================
問題監査 開始: Sun Jul  5 01:40:05 JST 2026
サンプル数: 30問 / チャンク: 5問 / 抽出: 直近優先
（読み取り専用 — DBは変更しません）
==========================================
監査対象: 30問
チャンク数: 6

--- チャンク 1/6: 5問  開始=01:40:42 ---
  ⚠️  clf-637af08d (CLF)  実測正答率20%（10件）は悪問疑い水準に近い。Elastic BeanstalkもLB・ASを自動管理するため「EC2ベースであり、より多くの管理が発生します」という解説だけでは不十分。『EC2インスタンスが見えるためインフラ意識が残る』『App Runnerはインフラの概念自体が不要』という根本的差異を明示しないと受験者が誤答しやすい。 / FargateをApp Runnerとの対比で「コンテナオーケストレーション基盤」と表現しているが、FargateはECS/EKSのコンピューティングエンジンでありオーケストレーター自体ではない。誤解を生む表現。
  ⚠️  clf-3405ed73 (CLF)  実測正答率14%（14件）は悪問疑い水準。SNSの不正解理由の解説が致命的に弱い：SNS単体はEC2状態変化イベントを能動的に検知できず、EventBridgeがイベント検知役を担って初めてSNSにファンアウトできる。この構造的差異（イベント検知 vs メッセージ配送）を解説に書かなければ、SNSでも要件を満たせると考えた受験者が納得できない。正解はEventBridgeで正しいが解説の補強が必要。
  ✅ clf-3b10138e (CLF)
  ⚠️  clf-fb985595 (CLF) [易しすぎ]  問題文に『単一のアベイラビリティーゾーンで障害が発生してもサービス提供を中断させない』と書いており、高可用性の定義そのものをほぼ直接述べている。消去法（弾力性＝スケール、スケーラビリティ＝容量拡張、俊敏性＝速度）でも容易に正解でき、ひっかけが機能しない。『複数AZへの分散配置』を自明に示さない別シナリオ設計（例：RTO要件や冗長構成費用を絡める）にすると本番相当の難易度になる。
  ✅ clf-3ab26829 (CLF)
  終了=01:42:06

--- チャンク 2/6: 5問  開始=01:42:06 ---
  ⚠️  clf-b517c863 (CLF) [易しすぎ]  問題文に「消費モデル（使った分だけ支払う）」「ビジネス価値あたりのコストを下げること」というコスト最適化の定義そのものが盛り込まれており、正解がほぼ自明。本番CLFはもう少し間接的な言い回しで正解を隠す。 / 正解選択肢[0]の説明文も問題文のキーワードをほぼそのまま繰り返しており、消去法すら不要で正解に到達できる。
  ✅ clf-613279db (CLF)
  ❌ dop-q-039 (DOP) [易しすぎ,模試不適]  「AWS Service Catalogの主な目的は？」という定義問いはProfessional試験の水準を大きく下回る。本番DOPはLaunch ConstraintやSCP連携によるガバナンス設計、複数アカウントへのPortfolio共有、CI/CDパイプラインとの統合などをシナリオ形式で問う。 / 不正解の選択肢がECR・Marketplace・Cost Explorerと全く別カテゴリのサービスを指しており、Professional受験者なら消去法で即座に正解へ到達できる。もっともらしい誤答（例：CloudFormation StackSetsとの使い分け、AWS Configとの混同）が必要。
  ⚠️  dop-q-049 (DOP) [易しすぎ]  ECSタスク定義のCPU・メモリ制限の目的を問う設問はAssociate相当の基礎知識。DOP水準にするには、EC2起動タイプにおけるハードリミット vs ソフトリミットの使い分けやFargate課金への影響をシナリオで問うべき。 / 不正解の選択肢（イメージサイズ制限・ネットワーク帯域・起動順序）はいずれもCPU/メモリ設定と明らかに無関係であり、Professional受験者には即時除外できる水準。
  ⚠️  dop-q-024 (DOP)  選択肢[2]「両サービスはまったく同じ機能でリージョンが異なるだけ」は非現実的すぎる誤答であり本番試験には登場しないレベル。Inspector連携やEventBridgeによる自動修復との混同など、もっともらしい誤答に差し替えるべき。 / 2サービスの比較という方向性はDOPに適切だが、問い方をマルチアカウントでの検出結果集約設計などの実践シナリオに変えるとProfessional水準に見合った難易度になる。
  終了=01:43:20

--- チャンク 3/6: 5問  開始=01:43:20 ---
⚠️  レート制限を検出。残りチャンクをスキップ
==========================================
監査レポート
==========================================
総監査数: 10問
  ✅ ok  : 3問 (30%)
  ⚠️  warn: 6問 (60%)
  ❌ ng  : 1問 (10%)

内容観点:
  現行性 : 正常=10
  難易度 : 適切=6, 易しすぎ=4
  範囲   : 範囲内=10
体裁観点:
  読みやすさ: 良=10
  模試適性  : 不適=1問

資格別 (ok/warn/ng):
  CLF: 3/4/0
  DOP: 0/2/1

要対応の問題 (7件):
  ❌ dop-q-039 (DOP): 「AWS Service Catalogの主な目的は？」という定義問いはProfessional試験の水準を大きく下回る。本番DOPはLaunch ConstraintやSCP連携によるガバナンス設計、複数アカウントへのPortfolio共有、CI/CDパイプラインとの統合などをシナリオ形式で問う。 / 不正解の選択肢がECR・Marketplace・Cost Explorerと全く別カテゴリのサービスを指しており、Professional受験者なら消去法で即座に正解へ到達できる。もっともらしい誤答（例：CloudFormation StackSetsとの使い分け、AWS Configとの混同）が必要。
  ⚠️  clf-637af08d (CLF): 実測正答率20%（10件）は悪問疑い水準に近い。Elastic BeanstalkもLB・ASを自動管理するため「EC2ベースであり、より多くの管理が発生します」という解説だけでは不十分。『EC2インスタンスが見えるためインフラ意識が残る』『App Runnerはインフラの概念自体が不要』という根本的差異を明示しないと受験者が誤答しやすい。 / FargateをApp Runnerとの対比で「コンテナオーケストレーション基盤」と表現しているが、FargateはECS/EKSのコンピューティングエンジンでありオーケストレーター自体ではない。誤解を生む表現。
  ⚠️  clf-3405ed73 (CLF): 実測正答率14%（14件）は悪問疑い水準。SNSの不正解理由の解説が致命的に弱い：SNS単体はEC2状態変化イベントを能動的に検知できず、EventBridgeがイベント検知役を担って初めてSNSにファンアウトできる。この構造的差異（イベント検知 vs メッセージ配送）を解説に書かなければ、SNSでも要件を満たせると考えた受験者が納得できない。正解はEventBridgeで正しいが解説の補強が必要。
  ⚠️  clf-fb985595 (CLF): 問題文に『単一のアベイラビリティーゾーンで障害が発生してもサービス提供を中断させない』と書いており、高可用性の定義そのものをほぼ直接述べている。消去法（弾力性＝スケール、スケーラビリティ＝容量拡張、俊敏性＝速度）でも容易に正解でき、ひっかけが機能しない。『複数AZへの分散配置』を自明に示さない別シナリオ設計（例：RTO要件や冗長構成費用を絡める）にすると本番相当の難易度になる。
  ⚠️  clf-b517c863 (CLF): 問題文に「消費モデル（使った分だけ支払う）」「ビジネス価値あたりのコストを下げること」というコスト最適化の定義そのものが盛り込まれており、正解がほぼ自明。本番CLFはもう少し間接的な言い回しで正解を隠す。 / 正解選択肢[0]の説明文も問題文のキーワードをほぼそのまま繰り返しており、消去法すら不要で正解に到達できる。
  ⚠️  dop-q-049 (DOP): ECSタスク定義のCPU・メモリ制限の目的を問う設問はAssociate相当の基礎知識。DOP水準にするには、EC2起動タイプにおけるハードリミット vs ソフトリミットの使い分けやFargate課金への影響をシナリオで問うべき。 / 不正解の選択肢（イメージサイズ制限・ネットワーク帯域・起動順序）はいずれもCPU/メモリ設定と明らかに無関係であり、Professional受験者には即時除外できる水準。
  ⚠️  dop-q-024 (DOP): 選択肢[2]「両サービスはまったく同じ機能でリージョンが異なるだけ」は非現実的すぎる誤答であり本番試験には登場しないレベル。Inspector連携やEventBridgeによる自動修復との混同など、もっともらしい誤答に差し替えるべき。 / 2サービスの比較という方向性はDOPに適切だが、問い方をマルチアカウントでの検出結果集約設計などの実践シナリオに変えるとProfessional水準に見合った難易度になる。

生データ: /home/yuzuki/aws-quiz-app/prompts/night-prompts/logs/audit_20260705_014005.json
※ レート制限により一部チャンクが未監査です

==========================================
改善モード: 生成・検証プロンプトの継続改良
==========================================
改善対象: 監査7件 / 通報確定不具合(直近7日)11件。改良案を生成中...
⚠️  改良案のJSON抽出に失敗。プロンプトは変更しませんでした。
監査終了: Sun Jul  5 01:44:09 JST 2026
