=== 2026-07-08 04:15:41 | refresh-exam-guide-monthly.sh | exit:0 ===
==========================================
試験ガイド更新: Wed Jul  8 03:50:09 JST 2026
対象: CLF AIF SAA DVA SOA DEA MLA SAP DOP AIP SCS ANS
==========================================
⏭  CLF: 17日前に更新済み（< 30日）→ スキップ
⏭  AIF: 17日前に更新済み（< 30日）→ スキップ
⏭  SAA: 17日前に更新済み（< 30日）→ スキップ
⏭  DVA: 17日前に更新済み（< 30日）→ スキップ
⏭  SOA: 17日前に更新済み（< 30日）→ スキップ
⏭  DEA: 17日前に更新済み（< 30日）→ スキップ
⏭  MLA: 17日前に更新済み（< 30日）→ スキップ
⏭  SAP: 17日前に更新済み（< 30日）→ スキップ
⏭  DOP: 17日前に更新済み（< 30日）→ スキップ
⏭  AIP: 17日前に更新済み（< 30日）→ スキップ
⏭  SCS: 17日前に更新済み（< 30日）→ スキップ
⏭  ANS: 17日前に更新済み（< 30日）→ スキップ

==========================================
完了: Wed Jul  8 03:50:09 JST 2026
==========================================
