=== 2026-07-04 05:48:21 | refresh-service-catalog-monthly.sh | exit:0 ===
==========================================
サービスカタログ更新: Sat Jul  4 05:25:05 JST 2026
==========================================
--- AWS公式SSMから全サービスコード取得中 ---
  SSMサービスコード: 402件
  seed追加(既存記事): 0件 / SSM stub追加: 0件
  カタログ総数: 536件 / 今回の確認対象: 24件（上限 24）

--- 4件を確認中（WebFetchで公式裏取り）開始=05:25:49 ---
  ✓ 4件をカタログに反映（確認日=2026-07-04）

--- 4件を確認中（WebFetchで公式裏取り）開始=05:26:26 ---
  ✓ 4件をカタログに反映（確認日=2026-07-04）

--- 4件を確認中（WebFetchで公式裏取り）開始=05:26:45 ---
  ✓ 4件をカタログに反映（確認日=2026-07-04）

--- 4件を確認中（WebFetchで公式裏取り）開始=05:27:20 ---
  ✓ 4件をカタログに反映（確認日=2026-07-04）

--- 4件を確認中（WebFetchで公式裏取り）開始=05:27:40 ---
  ✓ 4件をカタログに反映（確認日=2026-07-04）

--- 4件を確認中（WebFetchで公式裏取り）開始=05:28:24 ---
  ✓ 4件をカタログに反映（確認日=2026-07-04）

==========================================
完了: 確認 24件 / カタログ: /home/yuzuki/aws-quiz-app/prompts/night-prompts/scripts/state/service-catalog.json
==========================================
