=== 2026-07-03 04:51:34 | refresh-exam-guide-monthly.sh | exit:0 ===
==========================================
試験ガイド更新: Fri Jul  3 04:20:05 JST 2026
対象: CLF AIF SAA DVA SOA DEA MLA SAP DOP AIP SCS ANS
==========================================
⏭  CLF: 12日前に更新済み（< 30日）→ スキップ
⏭  AIF: 12日前に更新済み（< 30日）→ スキップ
⏭  SAA: 12日前に更新済み（< 30日）→ スキップ
⏭  DVA: 12日前に更新済み（< 30日）→ スキップ
⏭  SOA: 12日前に更新済み（< 30日）→ スキップ
⏭  DEA: 12日前に更新済み（< 30日）→ スキップ
⏭  MLA: 12日前に更新済み（< 30日）→ スキップ
⏭  SAP: 12日前に更新済み（< 30日）→ スキップ
⏭  DOP: 12日前に更新済み（< 30日）→ スキップ
⏭  AIP: 12日前に更新済み（< 30日）→ スキップ
⏭  SCS: 12日前に更新済み（< 30日）→ スキップ
⏭  ANS: 12日前に更新済み（< 30日）→ スキップ

==========================================
完了: Fri Jul  3 04:20:05 JST 2026
==========================================
