=== 2026-06-27 01:50:06 | 01-generate-questions-hard.sh | exit:0 ===
==========================================
問題自動生成 開始: Sat Jun 27 01:30:06 JST 2026
==========================================
対象資格: CLF SAA SAP DVA SOA DEA DOP AIF MLA AIP ANS SCS
問題数キャッシュを使用...
  CLF: 273問 (キャッシュ)
  SAA: 263問 (キャッシュ)
  SAP: 264問 (キャッシュ)
  DVA: 268問 (キャッシュ)
  SOA: 273問 (キャッシュ)
  DEA: 278問 (キャッシュ)
  DOP: 352問 (キャッシュ)
  AIF: 261問 (キャッシュ)
  MLA: 274問 (キャッシュ)
  AIP: 264問 (キャッシュ)
  ANS: 269問 (キャッシュ)
  SCS: 264問 (キャッシュ)
選択: AIF (現在261問 — 最少)
試験ガイドURL: https://aws.amazon.com/jp/certification/certified-ai-practitioner/
ドメイン数: 5  /  基本 5問/ドメイン（重み付きで配分）  /  合計予算 25問
開始ドメイン: [4] AIソリューションのセキュリティ、コンプライアンス、ガバナンス
🎯 難易度強化モード（--hard）有効

--- Cognito 認証中 ---
✓ 認証完了

--- ドメイン別問題数を取得・割り当て計算中 ---
  責任あるAIのガイドライン: 50問
  生成AIの基礎: 50問
  AIソリューションのセキュリティ、コンプライアンス、ガバナンス: 53問
  基盤モデルのアプリケーション: 54問
  AIとMLの基礎: 54問

ドメイン別生成数（逆数重み付き割り当て）:
  8問 → 生成AIの基礎 (現在50問)
  7問 → 責任あるAIのガイドライン (現在50問)
  4問 → AIソリューションのセキュリティ、コンプライアンス、ガバナンス (現在53問)
  3問 → AIとMLの基礎 (現在54問)
  3問 → 基盤モデルのアプリケーション (現在54問)
  合計: 25問
処理順（問題数少ない順）: 生成AIの基礎,責任あるAIのガイドライン,AIソリューションのセキュリティ、コンプライアンス、ガバナンス,AIとMLの基礎,基盤モデルのアプリケーション

--- [生成AIの基礎] 8問 生成中 (5問×2チャンク) --- 開始=01:30:39
  チャンク 1/2: 5問 生成中...
  抽出: 5問 → APIインポート中...
  ✓ チャンク1 インポート成功: 5件: aif-31f43710, aif-68d53060, aif-0082ccee...
  チャンク 2/2: 3問 生成中...
  抽出: 3問 → APIインポート中...
  ✓ チャンク2 インポート成功: 3件: aif-bf77b3d4, aif-20e1a501, aif-b84e41cb
  [生成AIの基礎] 合計 8/8問 インポート
  終了=01:34:25  経過=226秒

--- [責任あるAIのガイドライン] 7問 生成中 --- 開始=01:34:25
  抽出: 7問 → APIインポート中...
  ✓ チャンク1 インポート成功: 7件: aif-02a49fef, aif-cab3ba5d, aif-f97d57f2...
  [責任あるAIのガイドライン] 合計 7/7問 インポート
  終了=01:36:50  経過=145秒

--- [AIソリューションのセキュリティ、コンプライアンス、ガバナンス] 4問 生成中 --- 開始=01:36:50
  抽出: 4問 → APIインポート中...
  ✓ チャンク1 インポート成功: 4件: aif-231efd91, aif-5c4dfbd8, aif-c69a9e94...
  [AIソリューションのセキュリティ、コンプライアンス、ガバナンス] 合計 4/4問 インポート
  終了=01:38:20  経過=90秒

--- [AIとMLの基礎] 3問 生成中 --- 開始=01:38:20
  抽出: 3問 → APIインポート中...
  ✓ チャンク1 インポート成功: 3件: aif-84ed62fa, aif-5aa82f80, aif-171dcd8b
  [AIとMLの基礎] 合計 3/3問 インポート
  終了=01:40:14  経過=114秒

--- [基盤モデルのアプリケーション] 3問 生成中 --- 開始=01:40:14
  抽出: 3問 → APIインポート中...
  ✓ チャンク1 インポート成功: 3件: aif-c4983ac1, aif-3d5c52b8, aif-e6f2d8ec
  [基盤モデルのアプリケーション] 合計 3/3問 インポート
  終了=01:41:46  経過=92秒

合計インポート: 25問 / 25問

--- 問題数キャッシュを再構築中（DynamoDBから正確な値を取得）---
  CLF: 273問
  SAA: 263問
  SAP: 264問
  DVA: 268問
  SOA: 273問
  DEA: 278問
  DOP: 352問
  AIF: 286問
  MLA: 274問
  AIP: 264問
  ANS: 269問
  SCS: 264問
キャッシュ更新完了
インポート完了: AIF +25問
✓ Cloudflare Pages 再ビルドを 03:44 にスケジュールしました

==========================================
完了: Sat Jun 27 01:44:54 JST 2026
==========================================
