=== 2026-07-10 01:15:07 | refresh-exam-guide-monthly.sh | exit:0 ===
==========================================
試験ガイド更新: Fri Jul 10 00:50:04 JST 2026
対象: CLF AIF SAA DVA SOA DEA MLA SAP DOP AIP SCS ANS
==========================================
⏭  CLF: 19日前に更新済み（< 30日）→ スキップ
⏭  AIF: 19日前に更新済み（< 30日）→ スキップ
⏭  SAA: 19日前に更新済み（< 30日）→ スキップ
⏭  DVA: 19日前に更新済み（< 30日）→ スキップ
⏭  SOA: 19日前に更新済み（< 30日）→ スキップ
⏭  DEA: 19日前に更新済み（< 30日）→ スキップ
⏭  MLA: 19日前に更新済み（< 30日）→ スキップ
⏭  SAP: 19日前に更新済み（< 30日）→ スキップ
⏭  DOP: 19日前に更新済み（< 30日）→ スキップ
⏭  AIP: 19日前に更新済み（< 30日）→ スキップ
⏭  SCS: 19日前に更新済み（< 30日）→ スキップ
⏭  ANS: 19日前に更新済み（< 30日）→ スキップ

==========================================
完了: Fri Jul 10 00:50:04 JST 2026
==========================================
