=== 2026-06-28 03:12:48 | 99-send-report.sh | exit:0 ===
==========================================
日次レポート生成 開始: 2026-06-28 02:10 JST
==========================================

--- [1] AWS資格公式情報 変更チェック ---
  フェーズ1完了: has_changes=False
  直近3日以内の変更声明なし

--- [2] 夜間スクリプト成果集計 ---
  生成: 合計 96問生成
  妥当性: 合計: 確認414件（問題なし=306 自動修正=108 削除=0）
  通報: 3日分の実行なし

--- [3] DynamoDB稼働状況 ---
  総問題数: 3339 問
  直近3日 新規生成(createdAt): 89 問
  直近3日 確認済み(validityCheckedAt): 389 問
  未妥当性確認: 0 問
  未解決通報: 1 件
  資格別:
  CLF: 273問
  AIF: 286問
  SAA: 268問
  DVA: 268問
  SOA: 273問
  DEA: 278問
  MLA: 274問
  SAP: 270問
  DOP: 352問
  AIP: 264問
  SCS: 264問
  ANS: 269問

--- [4] canary テスト ---
  ✅ PASS (passed=13 failed=0 warnings=0)
  失敗詳細:
      ログ:    s3://mugenknock-error-logs/canary-logs/staging/20260628-021146.log
      サマリー: s3://mugenknock-error-logs/canary-logs/staging/20260628-021146.json

--- [5] メール送信 ---
  ✅ メール送信完了 → mugenknock@gmail.com

==========================================
日次レポート 完了: 2026-06-28 02:12 JST
==========================================
