=== 2026-07-05 01:45:07 | refresh-exam-guide-monthly.sh | exit:0 ===
==========================================
試験ガイド更新: Sun Jul  5 01:20:05 JST 2026
対象: CLF AIF SAA DVA SOA DEA MLA SAP DOP AIP SCS ANS
==========================================
⏭  CLF: 14日前に更新済み（< 30日）→ スキップ
⏭  AIF: 14日前に更新済み（< 30日）→ スキップ
⏭  SAA: 14日前に更新済み（< 30日）→ スキップ
⏭  DVA: 14日前に更新済み（< 30日）→ スキップ
⏭  SOA: 14日前に更新済み（< 30日）→ スキップ
⏭  DEA: 14日前に更新済み（< 30日）→ スキップ
⏭  MLA: 14日前に更新済み（< 30日）→ スキップ
⏭  SAP: 14日前に更新済み（< 30日）→ スキップ
⏭  DOP: 14日前に更新済み（< 30日）→ スキップ
⏭  AIP: 14日前に更新済み（< 30日）→ スキップ
⏭  SCS: 14日前に更新済み（< 30日）→ スキップ
⏭  ANS: 14日前に更新済み（< 30日）→ スキップ

==========================================
完了: Sun Jul  5 01:20:05 JST 2026
==========================================
