=== 2026-07-03 04:51:34 | audit-questions-nightly.sh | exit:0 ===
==========================================
問題監査 開始: Fri Jul  3 04:40:05 JST 2026
サンプル数: 30問 / チャンク: 5問 / 抽出: 直近優先
（読み取り専用 — DBは変更しません）
==========================================
監査対象: 30問
チャンク数: 6

--- チャンク 1/6: 5問  開始=04:40:37 ---
  ⚠️  clf-637af08d (CLF)  実測正答率20%（10件）はCLFとして低め。正解のApp Runnerは現行サービスで技術的に正しいが、Elastic Beanstalkに比べ知名度が低く誤選されやすい。App Runnerが「LB/オートスケーリング設定ゼロ」なのに対しElastic Beanstalkは「最小限の設定が必要」という差異が、解説では『より多くの管理が発生します』の一言に留まっており、この差異をもう少し明確に示すと正答率が改善する可能性がある。問題の成立自体に問題はない。
  ❌ clf-3405ed73 (CLF) [難しすぎ,模試不適]  実測正答率14%（14件）は悪問疑いライン（20%以下）を大幅に下回る。正解はEventBridgeで正しく、選択肢別解説の内容も正確。しかし『EC2サービスイベントを直接受信し、Lambda・SQS・Slack APIエンドポイントへ同時ルーティング』という統合アーキテクチャの詳細はSAA/SAP相当の知識であり、CLF向けの設問としては難易度過多。SNSも『複数ターゲットへのファンアウト』として魅力的な選択肢に見えるが、SNSがEC2ライフサイクルイベントを直接受信できないという仕様差はCLFで問いにくい粒度。SAA向け問題として再分類するか、CLF向けに『イベント駆動で単純なルーティング』程度のシナリオに簡略化することを推奨。
  ✅ sap-b89a4e75 (SAP)
  ⚠️  sap-b40b6f25 (SAP)  Application Discovery ServiceのAgentless Collector（エージェントレスコレクター）はVMware vCenter環境専用であり、非VMwareのベアメタルや他のハイパーバイザーには使用できない。問題文には『オンプレミスのデータセンター2拠点』とのみ記載されVMware環境かどうか明示されておらず、解説にも補足がない。非VMware環境ではエージェントを導入できないサーバーの収集手段が実質存在しないことになるため、SAP受験者には仕様齟齬として映る。問題文か解説に『VMware vCenter環境を含む』旨を補記して前提を明示することを推奨。
  ✅ sap-d40e1ed8 (SAP)
  終了=04:43:47

--- チャンク 2/6: 5問  開始=04:43:47 ---
  ✅ sap-f04c7e4d (SAP)
  ✅ sap-d9a02639 (SAP)
  ⚠️  sap-1da40fd4 (SAP)  選択肢3の選択肢別解説に『S3・DynamoDBへインターネットゲートウェイ経由でアクセスしてもパブリック経路のデータ転送料金は発生し』とあるが、同一リージョン内のEC2↔S3データ転送は経路（IGW経由含む）によらず無料であり技術的に不正確。誤答の補足説明内の軽微な誤りで正解の妥当性・正誤関係には影響しない。
  ✅ sap-8ca16660 (SAP)
  ✅ sap-98adeecc (SAP)
  終了=04:45:48

--- チャンク 3/6: 5問  開始=04:45:48 ---
  ⚠️  sap-3a9cd8c2 (SAP)  解説本文で誤答を「選択肢A／選択肢B／選択肢D」とアルファベット表記しているが、実際の選択肢はインデックス 0〜3 で提示されており表記が不統一。他の問題は内容の直接引用かインデックス表記で統一されているため、受験者が対応関係を読み取りにくい。選択肢番号かアルファベットのどちらかに統一すること
  ✅ sap-b6a10bc2 (SAP)
  ✅ sap-eb201dd4 (SAP)
  ⚠️  sap-0fa653fa (SAP)  問題 sap-eb201dd4 と出題パターンがほぼ同一（正解が DRS・RTO 30 分・コスト最小化・常時フル稼働不可という要件構造が共通）。オンプレ起点・カスタム DB という差分は存在するが、同一バッチに両問を並べると受験者には『DRS を選ばせるパターン問題』と見抜かれやすく問題バンクとしての多様性が低下する。片方を別ドメイン（移行）の文脈に再設計するか、バッチ内での共存を避けることを推奨
  ✅ sap-6937c4ad (SAP)
  終了=04:47:35

--- チャンク 4/6: 5問  開始=04:47:35 ---
⚠️  レート制限を検出。残りチャンクをスキップ
==========================================
監査レポート
==========================================
総監査数: 15問
  ✅ ok  : 9問 (60%)
  ⚠️  warn: 5問 (33%)
  ❌ ng  : 1問 (6%)

内容観点:
  現行性 : 正常=15
  難易度 : 適切=14, 難しすぎ=1
  範囲   : 範囲内=15
体裁観点:
  読みやすさ: 良=15
  模試適性  : 不適=1問

資格別 (ok/warn/ng):
  CLF: 0/1/1
  SAP: 9/4/0

要対応の問題 (6件):
  ❌ clf-3405ed73 (CLF): 実測正答率14%（14件）は悪問疑いライン（20%以下）を大幅に下回る。正解はEventBridgeで正しく、選択肢別解説の内容も正確。しかし『EC2サービスイベントを直接受信し、Lambda・SQS・Slack APIエンドポイントへ同時ルーティング』という統合アーキテクチャの詳細はSAA/SAP相当の知識であり、CLF向けの設問としては難易度過多。SNSも『複数ターゲットへのファンアウト』として魅力的な選択肢に見えるが、SNSがEC2ライフサイクルイベントを直接受信できないという仕様差はCLFで問いにくい粒度。SAA向け問題として再分類するか、CLF向けに『イベント駆動で単純なルーティング』程度のシナリオに簡略化することを推奨。
  ⚠️  clf-637af08d (CLF): 実測正答率20%（10件）はCLFとして低め。正解のApp Runnerは現行サービスで技術的に正しいが、Elastic Beanstalkに比べ知名度が低く誤選されやすい。App Runnerが「LB/オートスケーリング設定ゼロ」なのに対しElastic Beanstalkは「最小限の設定が必要」という差異が、解説では『より多くの管理が発生します』の一言に留まっており、この差異をもう少し明確に示すと正答率が改善する可能性がある。問題の成立自体に問題はない。
  ⚠️  sap-b40b6f25 (SAP): Application Discovery ServiceのAgentless Collector（エージェントレスコレクター）はVMware vCenter環境専用であり、非VMwareのベアメタルや他のハイパーバイザーには使用できない。問題文には『オンプレミスのデータセンター2拠点』とのみ記載されVMware環境かどうか明示されておらず、解説にも補足がない。非VMware環境ではエージェントを導入できないサーバーの収集手段が実質存在しないことになるため、SAP受験者には仕様齟齬として映る。問題文か解説に『VMware vCenter環境を含む』旨を補記して前提を明示することを推奨。
  ⚠️  sap-1da40fd4 (SAP): 選択肢3の選択肢別解説に『S3・DynamoDBへインターネットゲートウェイ経由でアクセスしてもパブリック経路のデータ転送料金は発生し』とあるが、同一リージョン内のEC2↔S3データ転送は経路（IGW経由含む）によらず無料であり技術的に不正確。誤答の補足説明内の軽微な誤りで正解の妥当性・正誤関係には影響しない。
  ⚠️  sap-3a9cd8c2 (SAP): 解説本文で誤答を「選択肢A／選択肢B／選択肢D」とアルファベット表記しているが、実際の選択肢はインデックス 0〜3 で提示されており表記が不統一。他の問題は内容の直接引用かインデックス表記で統一されているため、受験者が対応関係を読み取りにくい。選択肢番号かアルファベットのどちらかに統一すること
  ⚠️  sap-0fa653fa (SAP): 問題 sap-eb201dd4 と出題パターンがほぼ同一（正解が DRS・RTO 30 分・コスト最小化・常時フル稼働不可という要件構造が共通）。オンプレ起点・カスタム DB という差分は存在するが、同一バッチに両問を並べると受験者には『DRS を選ばせるパターン問題』と見抜かれやすく問題バンクとしての多様性が低下する。片方を別ドメイン（移行）の文脈に再設計するか、バッチ内での共存を避けることを推奨

生データ: /home/yuzuki/aws-quiz-app/prompts/night-prompts/logs/audit_20260703_044005.json
※ レート制限により一部チャンクが未監査です

==========================================
改善モード: 生成・検証プロンプトの継続改良
==========================================
改善対象: 監査6件 / 通報確定不具合(直近7日)2件。改良案を生成中...
⚠️  改良案のJSON抽出に失敗。プロンプトは変更しませんでした。
監査終了: Fri Jul  3 04:49:56 JST 2026
