2026-06-18 01:23:08 updating Drive: next_recovery=2026-06-18 06:00:00
2026-06-18 21:00:08 updating Drive: next_recovery=2026-06-19 02:00:00
/home/yuzuki/aws-quiz-app/prompts/sync-drive-recovery.sh: line 6: pwd: write error: Broken pipe
2026-06-19 22:00:08 updating Drive: next_recovery=2026-06-20 03:00:00
dirname: write error: Broken pipe
2026-06-27 21:10:09 updating Drive: next_recovery=2026-06-28 02:10:00
2026-06-28 17:10:05 updating Drive: next_recovery=2026-06-28 22:10:00
2026-06-29 08:12:07 updating Drive: next_recovery=2026-06-29 13:10:00
/home/yuzuki/aws-quiz-app/prompts/sync-drive-recovery.sh: line 25: printf: write error: Broken pipe
/home/yuzuki/aws-quiz-app/prompts/sync-drive-recovery.sh: line 6: pwd: write error: Broken pipe
2026-06-30 07:52:14 updating Drive: next_recovery=2026-06-30 09:10:00
2026/06/30 07:52:15 CRITICAL: Failed to create file system for "gdrive:": drive: failed when making oauth client: failed to create oauth client: empty token found - please run "rclone config reconnect gdrive:"
2026-06-30 07:52:15 ERROR: rclone exited 1
dirname: write error: Broken pipe
2026-07-01 15:10:05 updating Drive: next_recovery=2026-07-01 20:10:00
/home/yuzuki/aws-quiz-app/prompts/sync-drive-recovery.sh: line 25: printf: write error: Broken pipe
2026-07-02 02:18:58 updating Drive: next_recovery=2026-07-02 06:10:00
2026-07-02 08:15:43 updating Drive: next_recovery=2026-07-02 12:40:00
2026/07/02 08:15:43 CRITICAL: Failed to create file system for "gdrive:": drive: failed when making oauth client: failed to create oauth client: empty token found - please run "rclone config reconnect gdrive:"
2026-07-02 08:15:43 ERROR: rclone exited 1
/home/yuzuki/aws-quiz-app/prompts/sync-drive-recovery.sh: line 6: pwd: write error: Broken pipe
